Archive member included to satisfy reference by file (symbol)

e:/stm32toolchain/gcc-arm/bin/../lib/gcc/arm-none-eabi/5.4.1/armv7-m\libgcc.a(_arm_addsubdf3.o)
                              ./src/main.o (__aeabi_f2d)
e:/stm32toolchain/gcc-arm/bin/../lib/gcc/arm-none-eabi/5.4.1/armv7-m\libgcc.a(_arm_muldivdf3.o)
                              ./src/main.o (__aeabi_dmul)
e:/stm32toolchain/gcc-arm/bin/../lib/gcc/arm-none-eabi/5.4.1/armv7-m\libgcc.a(_arm_truncdfsf2.o)
                              ./src/main.o (__aeabi_d2f)
e:/stm32toolchain/gcc-arm/bin/../lib/gcc/arm-none-eabi/5.4.1/armv7-m\libgcc.a(_arm_addsubsf3.o)
                              ./src/main.o (__aeabi_fsub)
e:/stm32toolchain/gcc-arm/bin/../lib/gcc/arm-none-eabi/5.4.1/armv7-m\libgcc.a(_arm_muldivsf3.o)
                              ./src/main.o (__aeabi_fmul)
e:/stm32toolchain/gcc-arm/bin/../lib/gcc/arm-none-eabi/5.4.1/armv7-m\libgcc.a(_arm_cmpsf2.o)
                              ./src/main.o (__aeabi_fcmplt)
e:/stm32toolchain/gcc-arm/bin/../lib/gcc/arm-none-eabi/5.4.1/armv7-m\libgcc.a(_arm_fixsfsi.o)
                              ./src/main.o (__aeabi_f2iz)
e:/stm32toolchain/gcc-arm/bin/../lib/gcc/arm-none-eabi/5.4.1/armv7-m\libgcc.a(unwind-arm.o)
                              ./system/src/newlib/_cxx.o (__aeabi_unwind_cpp_pr1)
e:/stm32toolchain/gcc-arm/bin/../lib/gcc/arm-none-eabi/5.4.1/armv7-m\libgcc.a(libunwind.o)
                              e:/stm32toolchain/gcc-arm/bin/../lib/gcc/arm-none-eabi/5.4.1/armv7-m\libgcc.a(unwind-arm.o) (restore_core_regs)
e:/stm32toolchain/gcc-arm/bin/../lib/gcc/arm-none-eabi/5.4.1/armv7-m\libgcc.a(pr-support.o)
                              e:/stm32toolchain/gcc-arm/bin/../lib/gcc/arm-none-eabi/5.4.1/armv7-m\libgcc.a(unwind-arm.o) (__gnu_unwind_execute)
e:/stm32toolchain/gcc-arm/bin/../lib/gcc/arm-none-eabi/5.4.1/../../../../arm-none-eabi/lib/armv7-m\libg_nano.a(lib_a-atoi.o)
                              ./src/usbd_cdc_if.o (atoi)
e:/stm32toolchain/gcc-arm/bin/../lib/gcc/arm-none-eabi/5.4.1/../../../../arm-none-eabi/lib/armv7-m\libg_nano.a(lib_a-errno.o)
                              ./system/src/newlib/_sbrk.o (__errno)
e:/stm32toolchain/gcc-arm/bin/../lib/gcc/arm-none-eabi/5.4.1/../../../../arm-none-eabi/lib/armv7-m\libg_nano.a(lib_a-impure.o)
                              e:/stm32toolchain/gcc-arm/bin/../lib/gcc/arm-none-eabi/5.4.1/../../../../arm-none-eabi/lib/armv7-m\libg_nano.a(lib_a-errno.o) (_impure_ptr)
e:/stm32toolchain/gcc-arm/bin/../lib/gcc/arm-none-eabi/5.4.1/../../../../arm-none-eabi/lib/armv7-m\libg_nano.a(lib_a-init.o)
                              ./system/src/cmsis/startup_stm32f103xb.o (__libc_init_array)
e:/stm32toolchain/gcc-arm/bin/../lib/gcc/arm-none-eabi/5.4.1/../../../../arm-none-eabi/lib/armv7-m\libg_nano.a(lib_a-memcpy-stub.o)
                              e:/stm32toolchain/gcc-arm/bin/../lib/gcc/arm-none-eabi/5.4.1/armv7-m\libgcc.a(unwind-arm.o) (memcpy)
e:/stm32toolchain/gcc-arm/bin/../lib/gcc/arm-none-eabi/5.4.1/../../../../arm-none-eabi/lib/armv7-m\libg_nano.a(lib_a-memset.o)
                              ./src/main.o (memset)
e:/stm32toolchain/gcc-arm/bin/../lib/gcc/arm-none-eabi/5.4.1/../../../../arm-none-eabi/lib/armv7-m\libg_nano.a(lib_a-nano-vfprintf_float.o)
                              (_printf_float)
e:/stm32toolchain/gcc-arm/bin/../lib/gcc/arm-none-eabi/5.4.1/../../../../arm-none-eabi/lib/armv7-m\libg_nano.a(lib_a-nano-vfprintf_i.o)
                              e:/stm32toolchain/gcc-arm/bin/../lib/gcc/arm-none-eabi/5.4.1/../../../../arm-none-eabi/lib/armv7-m\libg_nano.a(lib_a-nano-vfprintf_float.o) (_printf_common)
e:/stm32toolchain/gcc-arm/bin/../lib/gcc/arm-none-eabi/5.4.1/../../../../arm-none-eabi/lib/armv7-m\libg_nano.a(lib_a-strlen.o)
                              ./system/src/diag/Trace.o (strlen)
e:/stm32toolchain/gcc-arm/bin/../lib/gcc/arm-none-eabi/5.4.1/../../../../arm-none-eabi/lib/armv7-m\libg_nano.a(lib_a-strtol.o)
                              e:/stm32toolchain/gcc-arm/bin/../lib/gcc/arm-none-eabi/5.4.1/../../../../arm-none-eabi/lib/armv7-m\libg_nano.a(lib_a-atoi.o) (_strtol_r)
e:/stm32toolchain/gcc-arm/bin/../lib/gcc/arm-none-eabi/5.4.1/../../../../arm-none-eabi/lib/armv7-m\libg_nano.a(lib_a-vsnprintf.o)
                              ./system/src/diag/Trace.o (vsnprintf)
e:/stm32toolchain/gcc-arm/bin/../lib/gcc/arm-none-eabi/5.4.1/../../../../arm-none-eabi/lib/armv7-m\libg_nano.a(lib_a-dtoa.o)
                              e:/stm32toolchain/gcc-arm/bin/../lib/gcc/arm-none-eabi/5.4.1/../../../../arm-none-eabi/lib/armv7-m\libg_nano.a(lib_a-nano-vfprintf_float.o) (_dtoa_r)
e:/stm32toolchain/gcc-arm/bin/../lib/gcc/arm-none-eabi/5.4.1/../../../../arm-none-eabi/lib/armv7-m\libg_nano.a(lib_a-locale.o)
                              e:/stm32toolchain/gcc-arm/bin/../lib/gcc/arm-none-eabi/5.4.1/../../../../arm-none-eabi/lib/armv7-m\libg_nano.a(lib_a-strtol.o) (__locale_ctype_ptr_l)
[...]
Memory Configuration

Name             Origin             Length             Attributes
FLASH            0x08000000         0x00020000         xr
RAM              0x20000000         0x00005000         xrw
CCMRAM           0x10000000         0x00000000         xrw
FLASHB1          0x00000000         0x00000000         xr
EXTMEMB0         0x00000000         0x00000000         xr
EXTMEMB1         0x00000000         0x00000000         xr
EXTMEMB2         0x00000000         0x00000000         xr
EXTMEMB3         0x00000000         0x00000000         xr
*default*        0x00000000         0xffffffff

Linker script and memory map

LOAD ./system/src/stm32f1xx/stm32f1xx_hal.o
LOAD ./system/src/stm32f1xx/stm32f1xx_hal_cortex.o
LOAD ./system/src/stm32f1xx/stm32f1xx_hal_dma.o
LOAD ./system/src/stm32f1xx/stm32f1xx_hal_flash.o
LOAD ./system/src/stm32f1xx/stm32f1xx_hal_flash_ex.o
LOAD ./system/src/stm32f1xx/stm32f1xx_hal_gpio.o
LOAD ./system/src/stm32f1xx/stm32f1xx_hal_gpio_ex.o
LOAD ./system/src/stm32f1xx/stm32f1xx_hal_pcd.o
LOAD ./system/src/stm32f1xx/stm32f1xx_hal_pcd_ex.o
LOAD ./system/src/stm32f1xx/stm32f1xx_hal_pwr.o
LOAD ./system/src/stm32f1xx/stm32f1xx_hal_rcc.o
LOAD ./system/src/stm32f1xx/stm32f1xx_hal_rcc_ex.o
LOAD ./system/src/stm32f1xx/stm32f1xx_hal_tim.o
LOAD ./system/src/stm32f1xx/stm32f1xx_hal_tim_ex.o
LOAD ./system/src/stm32f1xx/stm32f1xx_ll_usb.o
LOAD ./system/src/newlib/_cxx.o
LOAD ./system/src/newlib/_exit.o
LOAD ./system/src/newlib/_sbrk.o
LOAD ./system/src/newlib/_startup.o
LOAD ./system/src/newlib/_syscalls.o
LOAD ./system/src/newlib/assert.o
LOAD ./system/src/diag/Trace.o
LOAD ./system/src/diag/trace_impl.o
LOAD ./system/src/cortexm/_initialize_hardware.o
LOAD ./system/src/cortexm/_reset_hardware.o
LOAD ./system/src/cortexm/exception_handlers.o
LOAD ./system/src/cmsis/startup_stm32f103xb.o
LOAD ./system/src/cmsis/system_stm32f1xx.o
LOAD ./system/src/qfplib-m3.o
LOAD ./src/main.o
LOAD ./src/stm32f1xx_hal_msp.o
LOAD ./src/stm32f1xx_it.o
LOAD ./src/usb_device.o
LOAD ./src/usbd_cdc_if.o
LOAD ./src/usbd_conf.o
LOAD ./src/usbd_desc.o
LOAD ./Middlewares/ST/STM32_USB_Device_Library/Core/Src/usbd_core.o
LOAD ./Middlewares/ST/STM32_USB_Device_Library/Core/Src/usbd_ctlreq.o
LOAD ./Middlewares/ST/STM32_USB_Device_Library/Core/Src/usbd_ioreq.o
LOAD ./Middlewares/ST/STM32_USB_Device_Library/Class/CDC/Src/usbd_cdc.o
LOAD e:/stm32toolchain/gcc-arm/bin/../lib/gcc/arm-none-eabi/5.4.1/../../../../arm-none-eabi/lib/armv7-m\libstdc++_nano.a
LOAD e:/stm32toolchain/gcc-arm/bin/../lib/gcc/arm-none-eabi/5.4.1/../../../../arm-none-eabi/lib/armv7-m\libm.a
START GROUP
LOAD e:/stm32toolchain/gcc-arm/bin/../lib/gcc/arm-none-eabi/5.4.1/armv7-m\libgcc.a
LOAD e:/stm32toolchain/gcc-arm/bin/../lib/gcc/arm-none-eabi/5.4.1/../../../../arm-none-eabi/lib/armv7-m\libg_nano.a
LOAD e:/stm32toolchain/gcc-arm/bin/../lib/gcc/arm-none-eabi/5.4.1/../../../../arm-none-eabi/lib/armv7-m\libc_nano.a
END GROUP
START GROUP
LOAD e:/stm32toolchain/gcc-arm/bin/../lib/gcc/arm-none-eabi/5.4.1/armv7-m\libgcc.a
LOAD e:/stm32toolchain/gcc-arm/bin/../lib/gcc/arm-none-eabi/5.4.1/../../../../arm-none-eabi/lib/armv7-m\libc_nano.a
END GROUP
                0x20005000                __stack = (ORIGIN (RAM) + LENGTH (RAM))
                0x20005000                _estack = __stack
                0x00000400                __Main_Stack_Size = 0x400
                [!provide]                PROVIDE (_Main_Stack_Size, __Main_Stack_Size)
                0x20004c00                __Main_Stack_Limit = (__stack - __Main_Stack_Size)
                [!provide]                PROVIDE (_Main_Stack_Limit, __Main_Stack_Limit)
                0x00000100                _Minimum_Stack_Size = 0x100
                0x2000171c                PROVIDE (_Heap_Begin, _end_noinit)
                0x20004c00                PROVIDE (_Heap_Limit, (__stack - __Main_Stack_Size))

.isr_vector     0x08000000      0x350
 FILL mask 0xff
                0x08000000                __vectors_start = ABSOLUTE (.)
                0x08000000                __vectors_start__ = ABSOLUTE (.)
 *(.isr_vector)
 .isr_vector    0x08000000      0x10c ./system/src/cmsis/startup_stm32f103xb.o
                0x08000000                g_pfnVectors
 *(.cfmconfig)
 *(.after_vectors .after_vectors.*)
 .after_vectors
                0x0800010c      0x114 ./system/src/newlib/_startup.o
                0x0800010c                _start
 .after_vectors
                0x08000220      0x130 ./system/src/cortexm/exception_handlers.o
                0x08000220                Reset_Handler
                0x08000240                HardFault_Handler_C
                0x080002b8                BusFault_Handler_C
                0x08000300                UsageFault_Handler_C

.inits          0x08000350       0x28
                0x08000350                __data_regions_array_start = .
                0x08000350        0x4 LONG 0x8007970 LOADADDR (.data)
                0x08000354        0x4 LONG 0x20000000 ADDR (.data)
                0x08000358        0x4 LONG 0x20000348 (ADDR (.data) + SIZEOF (.data))
                0x0800035c        0x4 LONG 0x8007970 LOADADDR (.data_CCMRAM)
                0x08000360        0x4 LONG 0x10000000 ADDR (.data_CCMRAM)
                0x08000364        0x4 LONG 0x10000000 (ADDR (.data_CCMRAM) + SIZEOF (.data_CCMRAM))
                0x08000368                __data_regions_array_end = .
                0x08000368                __bss_regions_array_start = .
                0x08000368        0x4 LONG 0x20000348 ADDR (.bss)
                0x0800036c        0x4 LONG 0x2000171c (ADDR (.bss) + SIZEOF (.bss))
                0x08000370        0x4 LONG 0x10000000 ADDR (.bss_CCMRAM)
                0x08000374        0x4 LONG 0x10000000 (ADDR (.bss_CCMRAM) + SIZEOF (.bss_CCMRAM))
                0x08000378                __bss_regions_array_end = .
 *(.init)
 *(.fini)
                0x08000378                . = ALIGN (0x4)
                0x08000378                PROVIDE (__preinit_array_start, .)
 *(.preinit_array_sysinit .preinit_array_sysinit.*)
 *(.preinit_array_platform .preinit_array_platform.*)
 *(.preinit_array .preinit_array.*)
                0x08000378                PROVIDE (__preinit_array_end, .)
                0x08000378                . = ALIGN (0x4)
                0x08000378                PROVIDE (__init_array_start, .)
 *(SORT(.init_array.*))
 *(.init_array)
                0x08000378                PROVIDE (__init_array_end, .)
                0x08000378                . = ALIGN (0x4)
                0x08000378                PROVIDE (__fini_array_start, .)
 *(SORT(.fini_array.*))
 *(.fini_array)
                0x08000378                PROVIDE (__fini_array_end, .)

.flashtext
 *(.flashtext .flashtext.*)

.text           0x08000378     0x75f6
 *(.text .text.*)
 .text.HAL_InitTick
                0x08000378       0x4c ./system/src/stm32f1xx/stm32f1xx_hal.o
                0x08000378                HAL_InitTick
 .text.HAL_Init
                0x080003c4       0x24 ./system/src/stm32f1xx/stm32f1xx_hal.o
                0x080003c4                HAL_Init
 .text.HAL_IncTick
                0x080003e8       0x18 ./system/src/stm32f1xx/stm32f1xx_hal.o
                0x080003e8                HAL_IncTick
 .text.HAL_GetTick
                0x08000400        0xc ./system/src/stm32f1xx/stm32f1xx_hal.o
                0x08000400                HAL_GetTick
 .text.HAL_NVIC_SetPriorityGrouping
                0x0800040c       0x24 ./system/src/stm32f1xx/stm32f1xx_hal_cortex.o
                0x0800040c                HAL_NVIC_SetPriorityGrouping
 .text.HAL_NVIC_SetPriority
                0x08000430       0x64 ./system/src/stm32f1xx/stm32f1xx_hal_cortex.o
                0x08000430                HAL_NVIC_SetPriority
 .text.HAL_NVIC_EnableIRQ
                0x08000494       0x18 ./system/src/stm32f1xx/stm32f1xx_hal_cortex.o
                0x08000494                HAL_NVIC_EnableIRQ
 .text.HAL_SYSTICK_Config
                0x080004ac       0x2c ./system/src/stm32f1xx/stm32f1xx_hal_cortex.o
                0x080004ac                HAL_SYSTICK_Config
 .text.HAL_GPIO_Init
                0x080004d8      0x1d8 ./system/src/stm32f1xx/stm32f1xx_hal_gpio.o
                0x080004d8                HAL_GPIO_Init
 .text.HAL_GPIO_ReadPin
                0x080006b0       0x10 ./system/src/stm32f1xx/stm32f1xx_hal_gpio.o
                0x080006b0                HAL_GPIO_ReadPin
 .text.HAL_GPIO_WritePin
                0x080006c0        0xc ./system/src/stm32f1xx/stm32f1xx_hal_gpio.o
                0x080006c0                HAL_GPIO_WritePin
 .text.HAL_GPIO_TogglePin
                0x080006cc        0x8 ./system/src/stm32f1xx/stm32f1xx_hal_gpio.o
                0x080006cc                HAL_GPIO_TogglePin
 .text.HAL_PCD_Init
                0x080006d4       0xdc ./system/src/stm32f1xx/stm32f1xx_hal_pcd.o
                0x080006d4                HAL_PCD_Init
 .text.HAL_PCD_Start
                0x080007b0       0x30 ./system/src/stm32f1xx/stm32f1xx_hal_pcd.o
                0x080007b0                HAL_PCD_Start
 .text.HAL_PCD_SetAddress
                0x080007e0       0x28 ./system/src/stm32f1xx/stm32f1xx_hal_pcd.o
                0x080007e0                HAL_PCD_SetAddress
 .text.HAL_PCD_EP_Open
                0x08000808       0x54 ./system/src/stm32f1xx/stm32f1xx_hal_pcd.o
                0x08000808                HAL_PCD_EP_Open
 .text.HAL_PCD_EP_Close
                0x0800085c       0x50 ./system/src/stm32f1xx/stm32f1xx_hal_pcd.o
                0x0800085c                HAL_PCD_EP_Close
 .text.HAL_PCD_EP_Receive
                0x080008ac       0x40 ./system/src/stm32f1xx/stm32f1xx_hal_pcd.o
                0x080008ac                HAL_PCD_EP_Receive
 .text.HAL_PCD_EP_GetRxCount
                0x080008ec       0x10 ./system/src/stm32f1xx/stm32f1xx_hal_pcd.o
                0x080008ec                HAL_PCD_EP_GetRxCount
 .text.HAL_PCD_EP_Transmit
                0x080008fc       0x3c ./system/src/stm32f1xx/stm32f1xx_hal_pcd.o
                0x080008fc                HAL_PCD_EP_Transmit
 .text.PCD_EP_ISR_Handler
                0x08000938      0x45c ./system/src/stm32f1xx/stm32f1xx_hal_pcd.o
 .text.HAL_PCD_IRQHandler
                0x08000d94      0x15c ./system/src/stm32f1xx/stm32f1xx_hal_pcd.o
                0x08000d94                HAL_PCD_IRQHandler
 .text.HAL_PCD_EP_SetStall
                0x08000ef0       0x5c ./system/src/stm32f1xx/stm32f1xx_hal_pcd.o
                0x08000ef0                HAL_PCD_EP_SetStall
 .text.HAL_PCD_EP_ClrStall
                0x08000f4c       0x50 ./system/src/stm32f1xx/stm32f1xx_hal_pcd.o
                0x08000f4c                HAL_PCD_EP_ClrStall
 .text.HAL_PCDEx_PMAConfig
                0x08000f9c       0x38 ./system/src/stm32f1xx/stm32f1xx_hal_pcd_ex.o
                0x08000f9c                HAL_PCDEx_PMAConfig
 .text.RCC_Delay
                0x08000fd4       0x2c ./system/src/stm32f1xx/stm32f1xx_hal_rcc.o
 .text.HAL_RCC_OscConfig
                0x08001000      0x400 ./system/src/stm32f1xx/stm32f1xx_hal_rcc.o
                0x08001000                HAL_RCC_OscConfig
 .text.HAL_RCC_GetSysClockFreq
                0x08001400       0x70 ./system/src/stm32f1xx/stm32f1xx_hal_rcc.o
                0x08001400                HAL_RCC_GetSysClockFreq
 .text.HAL_RCC_ClockConfig
                0x08001470      0x1a8 ./system/src/stm32f1xx/stm32f1xx_hal_rcc.o
                0x08001470                HAL_RCC_ClockConfig
 .text.HAL_RCCEx_PeriphCLKConfig
                0x08001618      0x114 ./system/src/stm32f1xx/stm32f1xx_hal_rcc_ex.o
                0x08001618                HAL_RCCEx_PeriphCLKConfig
 .text.TIM_OC1_SetConfig
                0x0800172c       0x58 ./system/src/stm32f1xx/stm32f1xx_hal_tim.o
 .text.TIM_OC3_SetConfig
                0x08001784       0x60 ./system/src/stm32f1xx/stm32f1xx_hal_tim.o
 .text.TIM_OC4_SetConfig
                0x080017e4       0x48 ./system/src/stm32f1xx/stm32f1xx_hal_tim.o
 .text.TIM_TI1_ConfigInputStage
                0x0800182c       0x24 ./system/src/stm32f1xx/stm32f1xx_hal_tim.o
 .text.TIM_TI2_ConfigInputStage
                0x08001850       0x28 ./system/src/stm32f1xx/stm32f1xx_hal_tim.o
 .text.TIM_ITRx_SetConfig
                0x08001878       0x10 ./system/src/stm32f1xx/stm32f1xx_hal_tim.o
 .text.TIM_ETR_SetConfig
                0x08001888       0x18 ./system/src/stm32f1xx/stm32f1xx_hal_tim.o
 .text.HAL_TIM_PWM_MspInit
                0x080018a0        0x4 ./system/src/stm32f1xx/stm32f1xx_hal_tim.o
                0x080018a0                HAL_TIM_PWM_MspInit
 .text.HAL_TIM_ConfigClockSource
                0x080018a4      0x114 ./system/src/stm32f1xx/stm32f1xx_hal_tim.o
                0x080018a4                HAL_TIM_ConfigClockSource
 .text.HAL_TIM_OC_DelayElapsedCallback
                0x080019b8        0x4 ./system/src/stm32f1xx/stm32f1xx_hal_tim.o
                0x080019b8                HAL_TIM_OC_DelayElapsedCallback
 .text.HAL_TIM_PWM_PulseFinishedCallback
                0x080019bc        0x4 ./system/src/stm32f1xx/stm32f1xx_hal_tim.o
                0x080019bc                HAL_TIM_PWM_PulseFinishedCallback
 .text.HAL_TIM_TriggerCallback
                0x080019c0        0x4 ./system/src/stm32f1xx/stm32f1xx_hal_tim.o
                0x080019c0                HAL_TIM_TriggerCallback
 .text.HAL_TIM_IRQHandler
                0x080019c4      0x174 ./system/src/stm32f1xx/stm32f1xx_hal_tim.o
                0x080019c4                HAL_TIM_IRQHandler
 .text.TIM_Base_SetConfig
                0x08001b38       0x70 ./system/src/stm32f1xx/stm32f1xx_hal_tim.o
                0x08001b38                TIM_Base_SetConfig
 .text.HAL_TIM_Base_Init
                0x08001ba8       0x38 ./system/src/stm32f1xx/stm32f1xx_hal_tim.o
                0x08001ba8                HAL_TIM_Base_Init
 .text.HAL_TIM_PWM_Init
                0x08001be0       0x38 ./system/src/stm32f1xx/stm32f1xx_hal_tim.o
                0x08001be0                HAL_TIM_PWM_Init
 .text.TIM_OC2_SetConfig
                0x08001c18       0x60 ./system/src/stm32f1xx/stm32f1xx_hal_tim.o
                0x08001c18                TIM_OC2_SetConfig
 .text.HAL_TIM_PWM_ConfigChannel
                0x08001c78       0xdc ./system/src/stm32f1xx/stm32f1xx_hal_tim.o
                0x08001c78                HAL_TIM_PWM_ConfigChannel
 .text.TIM_TI1_SetConfig
                0x08001d54       0x6c ./system/src/stm32f1xx/stm32f1xx_hal_tim.o
                0x08001d54                TIM_TI1_SetConfig
 .text.TIM_CCxChannelCmd
                0x08001dc0       0x1c ./system/src/stm32f1xx/stm32f1xx_hal_tim.o
                0x08001dc0                TIM_CCxChannelCmd
 .text.HAL_TIM_PWM_Start
                0x08001ddc       0x30 ./system/src/stm32f1xx/stm32f1xx_hal_tim.o
                0x08001ddc                HAL_TIM_PWM_Start
 .text.HAL_TIM_PWM_Stop
                0x08001e0c       0x5c ./system/src/stm32f1xx/stm32f1xx_hal_tim.o
                0x08001e0c                HAL_TIM_PWM_Stop
 .text.TIM_CCxNChannelCmd
                0x08001e68       0x1c ./system/src/stm32f1xx/stm32f1xx_hal_tim_ex.o
 .text.HAL_TIMEx_HallSensor_Init
                0x08001e84       0xc4 ./system/src/stm32f1xx/stm32f1xx_hal_tim_ex.o
                0x08001e84                HAL_TIMEx_HallSensor_Init
 .text.HAL_TIMEx_HallSensor_Start_IT
                0x08001f48       0x28 ./system/src/stm32f1xx/stm32f1xx_hal_tim_ex.o
                0x08001f48                HAL_TIMEx_HallSensor_Start_IT
 .text.HAL_TIMEx_PWMN_Start
                0x08001f70       0x24 ./system/src/stm32f1xx/stm32f1xx_hal_tim_ex.o
                0x08001f70                HAL_TIMEx_PWMN_Start
 .text.HAL_TIMEx_PWMN_Stop
                0x08001f94       0x4c ./system/src/stm32f1xx/stm32f1xx_hal_tim_ex.o
                0x08001f94                HAL_TIMEx_PWMN_Stop
 .text.HAL_TIMEx_ConfigBreakDeadTime
                0x08001fe0       0x58 ./system/src/stm32f1xx/stm32f1xx_hal_tim_ex.o
                0x08001fe0                HAL_TIMEx_ConfigBreakDeadTime
 .text.HAL_TIMEx_MasterConfigSynchronization
                0x08002038       0x54 ./system/src/stm32f1xx/stm32f1xx_hal_tim_ex.o
                0x08002038                HAL_TIMEx_MasterConfigSynchronization
 .text.HAL_TIMEx_CommutationCallback
                0x0800208c        0x4 ./system/src/stm32f1xx/stm32f1xx_hal_tim_ex.o
                0x0800208c                HAL_TIMEx_CommutationCallback
 .text.HAL_TIMEx_BreakCallback
                0x08002090        0x4 ./system/src/stm32f1xx/stm32f1xx_hal_tim_ex.o
                0x08002090                HAL_TIMEx_BreakCallback
 .text.USB_CoreInit
                0x08002094       0x10 ./system/src/stm32f1xx/stm32f1xx_ll_usb.o
                0x08002094                USB_CoreInit
 .text.USB_EnableGlobalInt
                0x080020a4       0x14 ./system/src/stm32f1xx/stm32f1xx_ll_usb.o
                0x080020a4                USB_EnableGlobalInt
 .text.USB_DisableGlobalInt
                0x080020b8       0x14 ./system/src/stm32f1xx/stm32f1xx_ll_usb.o
                0x080020b8                USB_DisableGlobalInt
 .text.USB_SetCurrentMode
                0x080020cc        0x4 ./system/src/stm32f1xx/stm32f1xx_ll_usb.o
                0x080020cc                USB_SetCurrentMode
 .text.USB_DevInit
                0x080020d0       0x2c ./system/src/stm32f1xx/stm32f1xx_ll_usb.o
                0x080020d0                USB_DevInit
 .text.USB_ActivateEndpoint
                0x080020fc      0x33c ./system/src/stm32f1xx/stm32f1xx_ll_usb.o
                0x080020fc                USB_ActivateEndpoint
 .text.USB_DeactivateEndpoint
                0x08002438      0x1d0 ./system/src/stm32f1xx/stm32f1xx_ll_usb.o
                0x08002438                USB_DeactivateEndpoint
 .text.USB_EPSetStall
                0x08002608       0x70 ./system/src/stm32f1xx/stm32f1xx_ll_usb.o
                0x08002608                USB_EPSetStall
 .text.USB_EPClearStall
                0x08002678       0x98 ./system/src/stm32f1xx/stm32f1xx_ll_usb.o
                0x08002678                USB_EPClearStall
 .text.USB_SetDevAddress
                0x08002710        0xc ./system/src/stm32f1xx/stm32f1xx_ll_usb.o
                0x08002710                USB_SetDevAddress
 .text.USB_DevConnect
                0x0800271c        0x4 ./system/src/stm32f1xx/stm32f1xx_ll_usb.o
                0x0800271c                USB_DevConnect
 .text.USB_DevDisconnect
                0x08002720        0x4 ./system/src/stm32f1xx/stm32f1xx_ll_usb.o
                0x08002720                USB_DevDisconnect
 .text.USB_ReadInterrupts
                0x08002724        0x8 ./system/src/stm32f1xx/stm32f1xx_ll_usb.o
                0x08002724                USB_ReadInterrupts
 .text.USB_EP0_OutStart
                0x0800272c        0x4 ./system/src/stm32f1xx/stm32f1xx_ll_usb.o
                0x0800272c                USB_EP0_OutStart
 .text.USB_WritePMA
                0x08002730       0x28 ./system/src/stm32f1xx/stm32f1xx_ll_usb.o
                0x08002730                USB_WritePMA
 .text.USB_EPStartXfer
                0x08002758      0x2e8 ./system/src/stm32f1xx/stm32f1xx_ll_usb.o
                0x08002758                USB_EPStartXfer
 .text.USB_ReadPMA
                0x08002a40       0x20 ./system/src/stm32f1xx/stm32f1xx_ll_usb.o
                0x08002a40                USB_ReadPMA
 .text._exit    0x08002a60        0x4 ./system/src/newlib/_exit.o
                0x08002a60                _exit
 .text._sbrk    0x08002a64       0x44 ./system/src/newlib/_sbrk.o
                0x08002a64                _sbrk
 .text.__initialize_args
                0x08002aa8       0x10 ./system/src/newlib/_syscalls.o
                0x08002aa8                __initialize_args
 .text.trace_printf
                0x08002ab8       0x30 ./system/src/diag/Trace.o
                0x08002ab8                trace_printf
 .text._trace_write_semihosting_debug
                0x08002ae8       0x64 ./system/src/diag/trace_impl.o
 .text.trace_write
                0x08002b4c        0x8 ./system/src/diag/trace_impl.o
                0x08002b4c                trace_write
 .text.__initialize_hardware_early
                0x08002b54       0x18 ./system/src/cortexm/_initialize_hardware.o
                0x08002b54                __initialize_hardware_early
 .text.__initialize_hardware
                0x08002b6c        0x8 ./system/src/cortexm/_initialize_hardware.o
                0x08002b6c                __initialize_hardware
 .text.dumpExceptionStack
                0x08002b74       0xf0 ./system/src/cortexm/exception_handlers.o
                0x08002b74                dumpExceptionStack
 .text.isSemihosting
                0x08002c64       0x20 ./system/src/cortexm/exception_handlers.o
                0x08002c64                isSemihosting
 .text.Default_Handler
                0x08002c84        0x2 ./system/src/cmsis/startup_stm32f103xb.o
                0x08002c84                RTC_Alarm_IRQHandler
                0x08002c84                EXTI2_IRQHandler
                0x08002c84                TIM1_CC_IRQHandler
                0x08002c84                PVD_IRQHandler
                0x08002c84                EXTI3_IRQHandler
                0x08002c84                EXTI0_IRQHandler
                0x08002c84                I2C2_EV_IRQHandler
                0x08002c84                ADC1_2_IRQHandler
                0x08002c84                SPI1_IRQHandler
                0x08002c84                TAMPER_IRQHandler
                0x08002c84                DMA1_Channel4_IRQHandler
                0x08002c84                USART3_IRQHandler
                0x08002c84                RTC_IRQHandler
                0x08002c84                DMA1_Channel7_IRQHandler
                0x08002c84                CAN1_RX1_IRQHandler
                0x08002c84                TIM4_IRQHandler
                0x08002c84                I2C1_EV_IRQHandler
                0x08002c84                DMA1_Channel6_IRQHandler
                0x08002c84                RCC_IRQHandler
                0x08002c84                TIM1_TRG_COM_IRQHandler
                0x08002c84                DMA1_Channel1_IRQHandler
                0x08002c84                Default_Handler
                0x08002c84                EXTI15_10_IRQHandler
                0x08002c84                EXTI9_5_IRQHandler
                0x08002c84                SPI2_IRQHandler
                0x08002c84                DMA1_Channel5_IRQHandler
                0x08002c84                EXTI4_IRQHandler
                0x08002c84                USB_HP_CAN1_TX_IRQHandler
                0x08002c84                DMA1_Channel3_IRQHandler
                0x08002c84                TIM1_UP_IRQHandler
                0x08002c84                WWDG_IRQHandler
                0x08002c84                TIM2_IRQHandler
                0x08002c84                TIM1_BRK_IRQHandler
                0x08002c84                EXTI1_IRQHandler
                0x08002c84                USART2_IRQHandler
                0x08002c84                I2C2_ER_IRQHandler
                0x08002c84                DMA1_Channel2_IRQHandler
                0x08002c84                CAN1_SCE_IRQHandler
                0x08002c84                FLASH_IRQHandler
                0x08002c84                USART1_IRQHandler
                0x08002c84                I2C1_ER_IRQHandler
                0x08002c84                USBWakeUp_IRQHandler
 *fill*         0x08002c86        0x2 
 .text.SystemInit
                0x08002c88       0x4c ./system/src/cmsis/system_stm32f1xx.o
                0x08002c88                SystemInit
 .text.SystemCoreClockUpdate
                0x08002cd4       0x94 ./system/src/cmsis/system_stm32f1xx.o
                0x08002cd4                SystemCoreClockUpdate
 .text.MX_GPIO_Init
                0x08002d68       0x8c ./src/main.o
 .text.MX_TIM3_Init
                0x08002df4       0x4c ./src/main.o
 .text.MX_TIM1_Init
                0x08002e40       0xc8 ./src/main.o
 .text.SystemClock_Config
                0x08002f08       0x70 ./src/main.o
                0x08002f08                SystemClock_Config
 .text.main     0x08002f78      0x1bc ./src/main.o
                0x08002f78                main
 .text.HAL_TIM_IC_CaptureCallback
                0x08003134      0x230 ./src/main.o
                0x08003134                HAL_TIM_IC_CaptureCallback
 .text.HAL_TIM_PeriodElapsedCallback
                0x08003364       0x2c ./src/main.o
                0x08003364                HAL_TIM_PeriodElapsedCallback
 .text.Error_Handler
                0x08003390        0x4 ./src/main.o
                0x08003390                Error_Handler
 .text.HAL_MspInit
                0x08003394       0x44 ./src/stm32f1xx_hal_msp.o
                0x08003394                HAL_MspInit
 .text.HAL_TIM_Base_MspInit
                0x080033d8       0x28 ./src/stm32f1xx_hal_msp.o
                0x080033d8                HAL_TIM_Base_MspInit
 .text.HAL_TIMEx_HallSensor_MspInit
                0x08003400       0x94 ./src/stm32f1xx_hal_msp.o
                0x08003400                HAL_TIMEx_HallSensor_MspInit
 .text.HAL_TIM_MspPostInit
                0x08003494       0x74 ./src/stm32f1xx_hal_msp.o
                0x08003494                HAL_TIM_MspPostInit
 .text.NMI_Handler
                0x08003508        0x4 ./src/stm32f1xx_it.o
                0x08003508                NMI_Handler
 .text.HardFault_Handler
                0x0800350c        0x4 ./src/stm32f1xx_it.o
                0x0800350c                HardFault_Handler
 .text.MemManage_Handler
                0x08003510        0x4 ./src/stm32f1xx_it.o
                0x08003510                MemManage_Handler
 .text.BusFault_Handler
                0x08003514        0x4 ./src/stm32f1xx_it.o
                0x08003514                BusFault_Handler
 .text.UsageFault_Handler
                0x08003518        0x4 ./src/stm32f1xx_it.o
                0x08003518                UsageFault_Handler
 .text.SVC_Handler
                0x0800351c        0x4 ./src/stm32f1xx_it.o
                0x0800351c                SVC_Handler
 .text.DebugMon_Handler
                0x08003520        0x4 ./src/stm32f1xx_it.o
                0x08003520                DebugMon_Handler
 .text.PendSV_Handler
                0x08003524        0x4 ./src/stm32f1xx_it.o
                0x08003524                PendSV_Handler
 .text.SysTick_Handler
                0x08003528        0x8 ./src/stm32f1xx_it.o
                0x08003528                SysTick_Handler
 .text.USB_LP_CAN1_RX0_IRQHandler
                0x08003530       0x10 ./src/stm32f1xx_it.o
                0x08003530                USB_LP_CAN1_RX0_IRQHandler
 .text.TIM3_IRQHandler
                0x08003540       0x10 ./src/stm32f1xx_it.o
                0x08003540                TIM3_IRQHandler
 .text.MX_USB_DEVICE_Init
                0x08003550       0x38 ./src/usb_device.o
                0x08003550                MX_USB_DEVICE_Init
 .text.CDC_DeInit_FS
                0x08003588        0x4 ./src/usbd_cdc_if.o
 .text.CDC_Control_FS
                0x0800358c        0x4 ./src/usbd_cdc_if.o
 .text.CDC_Receive_FS
                0x08003590       0x20 ./src/usbd_cdc_if.o
 .text.CDC_Init_FS
                0x080035b0       0x28 ./src/usbd_cdc_if.o
 .text.HAL_PCD_MspInit
                0x080035d8       0x40 ./src/usbd_conf.o
                0x080035d8                HAL_PCD_MspInit
 .text.HAL_PCD_SetupStageCallback
                0x08003618       0x10 ./src/usbd_conf.o
                0x08003618                HAL_PCD_SetupStageCallback
 .text.HAL_PCD_DataOutStageCallback
                0x08003628       0x14 ./src/usbd_conf.o
                0x08003628                HAL_PCD_DataOutStageCallback
 .text.HAL_PCD_DataInStageCallback
                0x0800363c       0x14 ./src/usbd_conf.o
                0x0800363c                HAL_PCD_DataInStageCallback
 .text.HAL_PCD_SOFCallback
                0x08003650        0xc ./src/usbd_conf.o
                0x08003650                HAL_PCD_SOFCallback
 .text.HAL_PCD_ResetCallback
                0x0800365c       0x18 ./src/usbd_conf.o
                0x0800365c                HAL_PCD_ResetCallback
 .text.HAL_PCD_SuspendCallback
                0x08003674       0x20 ./src/usbd_conf.o
                0x08003674                HAL_PCD_SuspendCallback
 .text.HAL_PCD_ResumeCallback
                0x08003694        0xc ./src/usbd_conf.o
                0x08003694                HAL_PCD_ResumeCallback
 .text.USBD_LL_Init
                0x080036a0       0x88 ./src/usbd_conf.o
                0x080036a0                USBD_LL_Init
 .text.USBD_LL_Start
                0x08003728       0x20 ./src/usbd_conf.o
                0x08003728                USBD_LL_Start
 .text.USBD_LL_OpenEP
                0x08003748       0x24 ./src/usbd_conf.o
                0x08003748                USBD_LL_OpenEP
 .text.USBD_LL_CloseEP
                0x0800376c       0x20 ./src/usbd_conf.o
                0x0800376c                USBD_LL_CloseEP
 .text.USBD_LL_StallEP
                0x0800378c       0x20 ./src/usbd_conf.o
                0x0800378c                USBD_LL_StallEP
 .text.USBD_LL_ClearStallEP
                0x080037ac       0x20 ./src/usbd_conf.o
                0x080037ac                USBD_LL_ClearStallEP
 .text.USBD_LL_IsStallEP
                0x080037cc       0x28 ./src/usbd_conf.o
                0x080037cc                USBD_LL_IsStallEP
 .text.USBD_LL_SetUSBAddress
                0x080037f4       0x20 ./src/usbd_conf.o
                0x080037f4                USBD_LL_SetUSBAddress
 .text.USBD_LL_Transmit
                0x08003814       0x20 ./src/usbd_conf.o
                0x08003814                USBD_LL_Transmit
 .text.USBD_LL_PrepareReceive
                0x08003834       0x20 ./src/usbd_conf.o
                0x08003834                USBD_LL_PrepareReceive
 .text.USBD_LL_GetRxDataSize
                0x08003854        0xc ./src/usbd_conf.o
                0x08003854                USBD_LL_GetRxDataSize
 .text.USBD_static_malloc
                0x08003860        0x8 ./src/usbd_conf.o
                0x08003860                USBD_static_malloc
 .text.USBD_static_free
                0x08003868        0x4 ./src/usbd_conf.o
                0x08003868                USBD_static_free
 .text.HAL_PCDEx_SetConnectionState
                0x0800386c        0x4 ./src/usbd_conf.o
                0x0800386c                HAL_PCDEx_SetConnectionState
 .text.USBD_FS_DeviceDescriptor
                0x08003870        0xc ./src/usbd_desc.o
                0x08003870                USBD_FS_DeviceDescriptor
 .text.USBD_FS_LangIDStrDescriptor
                0x0800387c        0xc ./src/usbd_desc.o
                0x0800387c                USBD_FS_LangIDStrDescriptor
 .text.USBD_FS_ProductStrDescriptor
                0x08003888       0x24 ./src/usbd_desc.o
                0x08003888                USBD_FS_ProductStrDescriptor
 .text.USBD_FS_ManufacturerStrDescriptor
                0x080038ac       0x1c ./src/usbd_desc.o
                0x080038ac                USBD_FS_ManufacturerStrDescriptor
 .text.USBD_FS_SerialStrDescriptor
                0x080038c8       0x24 ./src/usbd_desc.o
                0x080038c8                USBD_FS_SerialStrDescriptor
 .text.USBD_FS_ConfigStrDescriptor
                0x080038ec       0x24 ./src/usbd_desc.o
                0x080038ec                USBD_FS_ConfigStrDescriptor
 .text.USBD_FS_InterfaceStrDescriptor
                0x08003910       0x24 ./src/usbd_desc.o
                0x08003910                USBD_FS_InterfaceStrDescriptor
 .text.USBD_Init
                0x08003934       0x30 ./Middlewares/ST/STM32_USB_Device_Library/Core/Src/usbd_core.o
                0x08003934                USBD_Init
 .text.USBD_RegisterClass
                0x08003964       0x10 ./Middlewares/ST/STM32_USB_Device_Library/Core/Src/usbd_core.o
                0x08003964                USBD_RegisterClass
 .text.USBD_Start
                0x08003974        0xc ./Middlewares/ST/STM32_USB_Device_Library/Core/Src/usbd_core.o
                0x08003974                USBD_Start
 .text.USBD_SetClassConfig
                0x08003980       0x1c ./Middlewares/ST/STM32_USB_Device_Library/Core/Src/usbd_core.o
                0x08003980                USBD_SetClassConfig
 .text.USBD_ClrClassConfig
                0x0800399c       0x10 ./Middlewares/ST/STM32_USB_Device_Library/Core/Src/usbd_core.o
                0x0800399c                USBD_ClrClassConfig
 .text.USBD_LL_SetupStage
                0x080039ac       0x5c ./Middlewares/ST/STM32_USB_Device_Library/Core/Src/usbd_core.o
                0x080039ac                USBD_LL_SetupStage
 .text.USBD_LL_DataOutStage
                0x08003a08       0x68 ./Middlewares/ST/STM32_USB_Device_Library/Core/Src/usbd_core.o
                0x08003a08                USBD_LL_DataOutStage
 .text.USBD_LL_DataInStage
                0x08003a70       0xac ./Middlewares/ST/STM32_USB_Device_Library/Core/Src/usbd_core.o
                0x08003a70                USBD_LL_DataInStage
 .text.USBD_LL_Reset
                0x08003b1c       0x40 ./Middlewares/ST/STM32_USB_Device_Library/Core/Src/usbd_core.o
                0x08003b1c                USBD_LL_Reset
 .text.USBD_LL_SetSpeed
                0x08003b5c        0x8 ./Middlewares/ST/STM32_USB_Device_Library/Core/Src/usbd_core.o
                0x08003b5c                USBD_LL_SetSpeed
 .text.USBD_LL_Suspend
                0x08003b64       0x14 ./Middlewares/ST/STM32_USB_Device_Library/Core/Src/usbd_core.o
                0x08003b64                USBD_LL_Suspend
 .text.USBD_LL_Resume
                0x08003b78        0xc ./Middlewares/ST/STM32_USB_Device_Library/Core/Src/usbd_core.o
                0x08003b78                USBD_LL_Resume
 .text.USBD_LL_SOF
                0x08003b84       0x18 ./Middlewares/ST/STM32_USB_Device_Library/Core/Src/usbd_core.o
                0x08003b84                USBD_LL_SOF
 .text.USBD_GetLen
                0x08003b9c       0x14 ./Middlewares/ST/STM32_USB_Device_Library/Core/Src/usbd_ctlreq.o
 .text.USBD_SetFeature
                0x08003bb0       0x20 ./Middlewares/ST/STM32_USB_Device_Library/Core/Src/usbd_ctlreq.o
 .text.USBD_ParseSetupRequest
                0x08003bd0       0x28 ./Middlewares/ST/STM32_USB_Device_Library/Core/Src/usbd_ctlreq.o
                0x08003bd0                USBD_ParseSetupRequest
 .text.USBD_CtlError
                0x08003bf8       0x14 ./Middlewares/ST/STM32_USB_Device_Library/Core/Src/usbd_ctlreq.o
                0x08003bf8                USBD_CtlError
 .text.USBD_GetDescriptor
                0x08003c0c      0x130 ./Middlewares/ST/STM32_USB_Device_Library/Core/Src/usbd_ctlreq.o
 .text.USBD_SetAddress
                0x08003d3c       0x4c ./Middlewares/ST/STM32_USB_Device_Library/Core/Src/usbd_ctlreq.o
 .text.USBD_SetConfig
                0x08003d88       0xa8 ./Middlewares/ST/STM32_USB_Device_Library/Core/Src/usbd_ctlreq.o
 .text.USBD_GetConfig
                0x08003e30       0x3c ./Middlewares/ST/STM32_USB_Device_Library/Core/Src/usbd_ctlreq.o
 .text.USBD_GetStatus
                0x08003e6c       0x2c ./Middlewares/ST/STM32_USB_Device_Library/Core/Src/usbd_ctlreq.o
 .text.USBD_ClrFeature
                0x08003e98       0x30 ./Middlewares/ST/STM32_USB_Device_Library/Core/Src/usbd_ctlreq.o
 .text.USBD_StdDevReq
                0x08003ec8       0x48 ./Middlewares/ST/STM32_USB_Device_Library/Core/Src/usbd_ctlreq.o
                0x08003ec8                USBD_StdDevReq
 .text.USBD_StdItfReq
                0x08003f10       0x38 ./Middlewares/ST/STM32_USB_Device_Library/Core/Src/usbd_ctlreq.o
                0x08003f10                USBD_StdItfReq
 .text.USBD_StdEPReq
                0x08003f48      0x11c ./Middlewares/ST/STM32_USB_Device_Library/Core/Src/usbd_ctlreq.o
                0x08003f48                USBD_StdEPReq
 .text.USBD_GetString
                0x08004064       0x3c ./Middlewares/ST/STM32_USB_Device_Library/Core/Src/usbd_ctlreq.o
                0x08004064                USBD_GetString
 .text.USBD_CtlSendData
                0x080040a0       0x1c ./Middlewares/ST/STM32_USB_Device_Library/Core/Src/usbd_ioreq.o
                0x080040a0                USBD_CtlSendData
 .text.USBD_CtlContinueSendData
                0x080040bc       0x10 ./Middlewares/ST/STM32_USB_Device_Library/Core/Src/usbd_ioreq.o
                0x080040bc                USBD_CtlContinueSendData
 .text.USBD_CtlPrepareRx
                0x080040cc       0x20 ./Middlewares/ST/STM32_USB_Device_Library/Core/Src/usbd_ioreq.o
                0x080040cc                USBD_CtlPrepareRx
 .text.USBD_CtlContinueRx
                0x080040ec       0x10 ./Middlewares/ST/STM32_USB_Device_Library/Core/Src/usbd_ioreq.o
                0x080040ec                USBD_CtlContinueRx
 .text.USBD_CtlSendStatus
                0x080040fc       0x18 ./Middlewares/ST/STM32_USB_Device_Library/Core/Src/usbd_ioreq.o
                0x080040fc                USBD_CtlSendStatus
 .text.USBD_CtlReceiveStatus
                0x08004114       0x18 ./Middlewares/ST/STM32_USB_Device_Library/Core/Src/usbd_ioreq.o
                0x08004114                USBD_CtlReceiveStatus
 .text.USBD_CDC_DataIn
                0x0800412c       0x14 ./Middlewares/ST/STM32_USB_Device_Library/Class/CDC/Src/usbd_cdc.o
 .text.USBD_CDC_EP0_RxReady
                0x08004140       0x28 ./Middlewares/ST/STM32_USB_Device_Library/Class/CDC/Src/usbd_cdc.o
 .text.USBD_CDC_GetFSCfgDesc
                0x08004168        0xc ./Middlewares/ST/STM32_USB_Device_Library/Class/CDC/Src/usbd_cdc.o
 .text.USBD_CDC_GetHSCfgDesc
                0x08004174        0xc ./Middlewares/ST/STM32_USB_Device_Library/Class/CDC/Src/usbd_cdc.o
 .text.USBD_CDC_GetOtherSpeedCfgDesc
                0x08004180        0xc ./Middlewares/ST/STM32_USB_Device_Library/Class/CDC/Src/usbd_cdc.o
 .text.USBD_CDC_GetDeviceQualifierDescriptor
                0x0800418c        0xc ./Middlewares/ST/STM32_USB_Device_Library/Class/CDC/Src/usbd_cdc.o
                0x0800418c                USBD_CDC_GetDeviceQualifierDescriptor
 .text.USBD_CDC_DataOut
                0x08004198       0x30 ./Middlewares/ST/STM32_USB_Device_Library/Class/CDC/Src/usbd_cdc.o
 .text.USBD_CDC_Setup
                0x080041c8       0x74 ./Middlewares/ST/STM32_USB_Device_Library/Class/CDC/Src/usbd_cdc.o
 .text.USBD_CDC_DeInit
                0x0800423c       0x3c ./Middlewares/ST/STM32_USB_Device_Library/Class/CDC/Src/usbd_cdc.o
 .text.USBD_CDC_Init
                0x08004278       0x98 ./Middlewares/ST/STM32_USB_Device_Library/Class/CDC/Src/usbd_cdc.o
 .text.USBD_CDC_RegisterInterface
                0x08004310       0x10 ./Middlewares/ST/STM32_USB_Device_Library/Class/CDC/Src/usbd_cdc.o
                0x08004310                USBD_CDC_RegisterInterface
 .text.USBD_CDC_SetTxBuffer
                0x08004320       0x10 ./Middlewares/ST/STM32_USB_Device_Library/Class/CDC/Src/usbd_cdc.o
                0x08004320                USBD_CDC_SetTxBuffer
 .text.USBD_CDC_SetRxBuffer
                0x08004330        0xc ./Middlewares/ST/STM32_USB_Device_Library/Class/CDC/Src/usbd_cdc.o
                0x08004330                USBD_CDC_SetRxBuffer
 .text.USBD_CDC_ReceivePacket
                0x0800433c       0x34 ./Middlewares/ST/STM32_USB_Device_Library/Class/CDC/Src/usbd_cdc.o
                0x0800433c                USBD_CDC_ReceivePacket
 .text          0x08004370      0x370 e:/stm32toolchain/gcc-arm/bin/../lib/gcc/arm-none-eabi/5.4.1/armv7-m\libgcc.a(_arm_addsubdf3.o)
                0x08004370                __aeabi_drsub
                0x08004378                __aeabi_dsub
                0x08004378                __subdf3
                0x0800437c                __aeabi_dadd
                0x0800437c                __adddf3
                0x080045f4                __floatunsidf
                0x080045f4                __aeabi_ui2d
                0x08004614                __floatsidf
                0x08004614                __aeabi_i2d
                0x08004638                __aeabi_f2d
                0x08004638                __extendsfdf2
                0x08004674                __floatundidf
                0x08004674                __aeabi_ul2d
                0x08004684                __floatdidf
                0x08004684                __aeabi_l2d
 .text          0x080046e0      0x424 e:/stm32toolchain/gcc-arm/bin/../lib/gcc/arm-none-eabi/5.4.1/armv7-m\libgcc.a(_arm_muldivdf3.o)
                0x080046e0                __aeabi_dmul
                0x080046e0                __muldf3
                0x08004934                __divdf3
                0x08004934                __aeabi_ddiv
 .text          0x08004b04       0xa0 e:/stm32toolchain/gcc-arm/bin/../lib/gcc/arm-none-eabi/5.4.1/armv7-m\libgcc.a(_arm_truncdfsf2.o)
                0x08004b04                __truncdfsf2
                0x08004b04                __aeabi_d2f
 .text          0x08004ba4      0x21c e:/stm32toolchain/gcc-arm/bin/../lib/gcc/arm-none-eabi/5.4.1/armv7-m\libgcc.a(_arm_addsubsf3.o)
                0x08004ba4                __aeabi_frsub
                0x08004bac                __subsf3
                0x08004bac                __aeabi_fsub
                0x08004bb0                __aeabi_fadd
                0x08004bb0                __addsf3
                0x08004d10                __aeabi_ui2f
                0x08004d10                __floatunsisf
                0x08004d18                __aeabi_i2f
                0x08004d18                __floatsisf
                0x08004d34                __aeabi_ul2f
                0x08004d34                __floatundisf
                0x08004d44                __aeabi_l2f
                0x08004d44                __floatdisf
 .text          0x08004dc0      0x2a0 e:/stm32toolchain/gcc-arm/bin/../lib/gcc/arm-none-eabi/5.4.1/armv7-m\libgcc.a(_arm_muldivsf3.o)
                0x08004dc0                __mulsf3
                0x08004dc0                __aeabi_fmul
                0x08004f28                __aeabi_fdiv
                0x08004f28                __divsf3
 .text          0x08005060       0xec e:/stm32toolchain/gcc-arm/bin/../lib/gcc/arm-none-eabi/5.4.1/armv7-m\libgcc.a(_arm_cmpsf2.o)
                0x08005060                __gesf2
                0x08005060                __gtsf2
                0x08005068                __lesf2
                0x08005068                __ltsf2
                0x08005070                __nesf2
                0x08005070                __eqsf2
                0x08005070                __cmpsf2
                0x080050d0                __aeabi_cfrcmple
                0x080050d8                __aeabi_cfcmpeq
                0x080050d8                __aeabi_cfcmple
                0x080050e8                __aeabi_fcmpeq
                0x080050fc                __aeabi_fcmplt
                0x08005110                __aeabi_fcmple
                0x08005124                __aeabi_fcmpge
                0x08005138                __aeabi_fcmpgt
 .text          0x0800514c       0x4c e:/stm32toolchain/gcc-arm/bin/../lib/gcc/arm-none-eabi/5.4.1/armv7-m\libgcc.a(_arm_fixsfsi.o)
                0x0800514c                __aeabi_f2iz
                0x0800514c                __fixsfsi
 .text.atoi     0x08005198        0x8 e:/stm32toolchain/gcc-arm/bin/../lib/gcc/arm-none-eabi/5.4.1/../../../../arm-none-eabi/lib/armv7-m\libg_nano.a(lib_a-atoi.o)
                0x08005198                atoi
 .text.__errno  0x080051a0        0xc e:/stm32toolchain/gcc-arm/bin/../lib/gcc/arm-none-eabi/5.4.1/../../../../arm-none-eabi/lib/armv7-m\libg_nano.a(lib_a-errno.o)
                0x080051a0                __errno
 .text.memcpy   0x080051ac       0x16 e:/stm32toolchain/gcc-arm/bin/../lib/gcc/arm-none-eabi/5.4.1/../../../../arm-none-eabi/lib/armv7-m\libg_nano.a(lib_a-memcpy-stub.o)
                0x080051ac                memcpy
 .text.memset   0x080051c2       0x10 e:/stm32toolchain/gcc-arm/bin/../lib/gcc/arm-none-eabi/5.4.1/../../../../arm-none-eabi/lib/armv7-m\libg_nano.a(lib_a-memset.o)
                0x080051c2                memset
 .text.__cvt    0x080051d2       0xc0 e:/stm32toolchain/gcc-arm/bin/../lib/gcc/arm-none-eabi/5.4.1/../../../../arm-none-eabi/lib/armv7-m\libg_nano.a(lib_a-nano-vfprintf_float.o)
                0x080051d2                __cvt
 .text.__exponent
                0x08005292       0x62 e:/stm32toolchain/gcc-arm/bin/../lib/gcc/arm-none-eabi/5.4.1/../../../../arm-none-eabi/lib/armv7-m\libg_nano.a(lib_a-nano-vfprintf_float.o)
                0x08005292                __exponent
 .text._printf_float
                0x080052f4      0x488 e:/stm32toolchain/gcc-arm/bin/../lib/gcc/arm-none-eabi/5.4.1/../../../../arm-none-eabi/lib/armv7-m\libg_nano.a(lib_a-nano-vfprintf_float.o)
                0x080052f4                _printf_float
 .text._printf_common
                0x0800577c       0xec e:/stm32toolchain/gcc-arm/bin/../lib/gcc/arm-none-eabi/5.4.1/../../../../arm-none-eabi/lib/armv7-m\libg_nano.a(lib_a-nano-vfprintf_i.o)
                0x0800577c                _printf_common
 .text._printf_i
                0x08005868      0x24c e:/stm32toolchain/gcc-arm/bin/../lib/gcc/arm-none-eabi/5.4.1/../../../../arm-none-eabi/lib/armv7-m\libg_nano.a(lib_a-nano-vfprintf_i.o)
                0x08005868                _printf_i
 .text          0x08005ab4       0x10 e:/stm32toolchain/gcc-arm/bin/../lib/gcc/arm-none-eabi/5.4.1/../../../../arm-none-eabi/lib/armv7-m\libg_nano.a(lib_a-strlen.o)
                0x08005ab4                strlen
 .text._strtol_l.isra.0
                0x08005ac4      0x110 e:/stm32toolchain/gcc-arm/bin/../lib/gcc/arm-none-eabi/5.4.1/../../../../arm-none-eabi/lib/armv7-m\libg_nano.a(lib_a-strtol.o)
 .text.strtol   0x08005bd4       0x2c e:/stm32toolchain/gcc-arm/bin/../lib/gcc/arm-none-eabi/5.4.1/../../../../arm-none-eabi/lib/armv7-m\libg_nano.a(lib_a-strtol.o)
                0x08005bd4                strtol
 .text._vsnprintf_r
                0x08005c00       0x56 e:/stm32toolchain/gcc-arm/bin/../lib/gcc/arm-none-eabi/5.4.1/../../../../arm-none-eabi/lib/armv7-m\libg_nano.a(lib_a-vsnprintf.o)
                0x08005c00                _vsniprintf_r
                0x08005c00                _vsnprintf_r
 *fill*         0x08005c56        0x2 
 .text.vsnprintf
                0x08005c58       0x1c e:/stm32toolchain/gcc-arm/bin/../lib/gcc/arm-none-eabi/5.4.1/../../../../arm-none-eabi/lib/armv7-m\libg_nano.a(lib_a-vsnprintf.o)
                0x08005c58                vsniprintf
                0x08005c58                vsnprintf
 .text.quorem   0x08005c74      0x116 e:/stm32toolchain/gcc-arm/bin/../lib/gcc/arm-none-eabi/5.4.1/../../../../arm-none-eabi/lib/armv7-m\libg_nano.a(lib_a-dtoa.o)
 *fill*         0x08005d8a        0x6 
 .text._dtoa_r  0x08005d90      0xb30 e:/stm32toolchain/gcc-arm/bin/../lib/gcc/arm-none-eabi/5.4.1/../../../../arm-none-eabi/lib/armv7-m\libg_nano.a(lib_a-dtoa.o)
                0x08005d90                _dtoa_r
 .text.__locale_ctype_ptr_l
                0x080068c0        0x6 e:/stm32toolchain/gcc-arm/bin/../lib/gcc/arm-none-eabi/5.4.1/../../../../arm-none-eabi/lib/armv7-m\libg_nano.a(lib_a-locale.o)
                0x080068c0                __locale_ctype_ptr_l
 *fill*         0x080068c6        0x2 
 .text._localeconv_r
                0x080068c8       0x1c e:/stm32toolchain/gcc-arm/bin/../lib/gcc/arm-none-eabi/5.4.1/../../../../arm-none-eabi/lib/armv7-m\libg_nano.a(lib_a-localeconv.o)
                0x080068c8                _localeconv_r
 .text.malloc   0x080068e4       0x10 e:/stm32toolchain/gcc-arm/bin/../lib/gcc/arm-none-eabi/5.4.1/../../../../arm-none-eabi/lib/armv7-m\libg_nano.a(lib_a-malloc.o)
                0x080068e4                malloc
 .text.__ascii_mbtowc
                0x080068f4       0x24 e:/stm32toolchain/gcc-arm/bin/../lib/gcc/arm-none-eabi/5.4.1/../../../../arm-none-eabi/lib/armv7-m\libg_nano.a(lib_a-mbtowc_r.o)
                0x080068f4                __ascii_mbtowc
 .text.memchr   0x08006918       0x1c e:/stm32toolchain/gcc-arm/bin/../lib/gcc/arm-none-eabi/5.4.1/../../../../arm-none-eabi/lib/armv7-m\libg_nano.a(lib_a-memchr-stub.o)
                0x08006918                memchr
 .text._Balloc  0x08006934       0x6a e:/stm32toolchain/gcc-arm/bin/../lib/gcc/arm-none-eabi/5.4.1/../../../../arm-none-eabi/lib/armv7-m\libg_nano.a(lib_a-mprec.o)
                0x08006934                _Balloc
 .text._Bfree   0x0800699e       0x2e e:/stm32toolchain/gcc-arm/bin/../lib/gcc/arm-none-eabi/5.4.1/../../../../arm-none-eabi/lib/armv7-m\libg_nano.a(lib_a-mprec.o)
                0x0800699e                _Bfree
 .text.__multadd
                0x080069cc       0x76 e:/stm32toolchain/gcc-arm/bin/../lib/gcc/arm-none-eabi/5.4.1/../../../../arm-none-eabi/lib/armv7-m\libg_nano.a(lib_a-mprec.o)
                0x080069cc                __multadd
 .text.__hi0bits
                0x08006a42       0x40 e:/stm32toolchain/gcc-arm/bin/../lib/gcc/arm-none-eabi/5.4.1/../../../../arm-none-eabi/lib/armv7-m\libg_nano.a(lib_a-mprec.o)
                0x08006a42                __hi0bits
 .text.__lo0bits
                0x08006a82       0x5a e:/stm32toolchain/gcc-arm/bin/../lib/gcc/arm-none-eabi/5.4.1/../../../../arm-none-eabi/lib/armv7-m\libg_nano.a(lib_a-mprec.o)
                0x08006a82                __lo0bits
 .text.__i2b    0x08006adc       0x12 e:/stm32toolchain/gcc-arm/bin/../lib/gcc/arm-none-eabi/5.4.1/../../../../arm-none-eabi/lib/armv7-m\libg_nano.a(lib_a-mprec.o)
                0x08006adc                __i2b
 .text.__multiply
                0x08006aee      0x120 e:/stm32toolchain/gcc-arm/bin/../lib/gcc/arm-none-eabi/5.4.1/../../../../arm-none-eabi/lib/armv7-m\libg_nano.a(lib_a-mprec.o)
                0x08006aee                __multiply
 *fill*         0x08006c0e        0x2 
 .text.__pow5mult
                0x08006c10       0x9c e:/stm32toolchain/gcc-arm/bin/../lib/gcc/arm-none-eabi/5.4.1/../../../../arm-none-eabi/lib/armv7-m\libg_nano.a(lib_a-mprec.o)
                0x08006c10                __pow5mult
 .text.__lshift
                0x08006cac       0xa2 e:/stm32toolchain/gcc-arm/bin/../lib/gcc/arm-none-eabi/5.4.1/../../../../arm-none-eabi/lib/armv7-m\libg_nano.a(lib_a-mprec.o)
                0x08006cac                __lshift
 .text.__mcmp   0x08006d4e       0x38 e:/stm32toolchain/gcc-arm/bin/../lib/gcc/arm-none-eabi/5.4.1/../../../../arm-none-eabi/lib/armv7-m\libg_nano.a(lib_a-mprec.o)
                0x08006d4e                __mcmp
 .text.__mdiff  0x08006d86       0xbe e:/stm32toolchain/gcc-arm/bin/../lib/gcc/arm-none-eabi/5.4.1/../../../../arm-none-eabi/lib/armv7-m\libg_nano.a(lib_a-mprec.o)
                0x08006d86                __mdiff
 .text.__d2b    0x08006e44       0x9c e:/stm32toolchain/gcc-arm/bin/../lib/gcc/arm-none-eabi/5.4.1/../../../../arm-none-eabi/lib/armv7-m\libg_nano.a(lib_a-mprec.o)
                0x08006e44                __d2b
 .text._calloc_r
                0x08006ee0       0x1c e:/stm32toolchain/gcc-arm/bin/../lib/gcc/arm-none-eabi/5.4.1/../../../../arm-none-eabi/lib/armv7-m\libg_nano.a(lib_a-nano-callocr.o)
                0x08006ee0                _calloc_r
 .text._free_r  0x08006efc       0x98 e:/stm32toolchain/gcc-arm/bin/../lib/gcc/arm-none-eabi/5.4.1/../../../../arm-none-eabi/lib/armv7-m\libg_nano.a(lib_a-nano-freer.o)
                0x08006efc                _free_r
 .text._malloc_r
                0x08006f94       0xbc e:/stm32toolchain/gcc-arm/bin/../lib/gcc/arm-none-eabi/5.4.1/../../../../arm-none-eabi/lib/armv7-m\libg_nano.a(lib_a-nano-mallocr.o)
                0x08006f94                _malloc_r
 .text.__ssputs_r
                0x08007050       0xb2 e:/stm32toolchain/gcc-arm/bin/../lib/gcc/arm-none-eabi/5.4.1/../../../../arm-none-eabi/lib/armv7-m\libg_nano.a(lib_a-nano-svfprintf.o)
                0x08007050                __ssputs_r
 *fill*         0x08007102        0x2 
 .text._svfprintf_r
                0x08007104      0x1e8 e:/stm32toolchain/gcc-arm/bin/../lib/gcc/arm-none-eabi/5.4.1/../../../../arm-none-eabi/lib/armv7-m\libg_nano.a(lib_a-nano-svfprintf.o)
                0x08007104                _svfiprintf_r
                0x08007104                _svfprintf_r
 .text._sbrk_r  0x080072ec       0x20 e:/stm32toolchain/gcc-arm/bin/../lib/gcc/arm-none-eabi/5.4.1/../../../../arm-none-eabi/lib/armv7-m\libg_nano.a(lib_a-sbrkr.o)
                0x080072ec                _sbrk_r
 .text.__ascii_wctomb
                0x0800730c       0x1a e:/stm32toolchain/gcc-arm/bin/../lib/gcc/arm-none-eabi/5.4.1/../../../../arm-none-eabi/lib/armv7-m\libg_nano.a(lib_a-wctomb_r.o)
                0x0800730c                __ascii_wctomb
 .text.memmove  0x08007326       0x36 e:/stm32toolchain/gcc-arm/bin/../lib/gcc/arm-none-eabi/5.4.1/../../../../arm-none-eabi/lib/armv7-m\libg_nano.a(lib_a-memmove.o)
                0x08007326                memmove
 .text.__malloc_lock
                0x0800735c        0x2 e:/stm32toolchain/gcc-arm/bin/../lib/gcc/arm-none-eabi/5.4.1/../../../../arm-none-eabi/lib/armv7-m\libg_nano.a(lib_a-mlock.o)
                0x0800735c                __malloc_lock
 .text.__malloc_unlock
                0x0800735e        0x2 e:/stm32toolchain/gcc-arm/bin/../lib/gcc/arm-none-eabi/5.4.1/../../../../arm-none-eabi/lib/armv7-m\libg_nano.a(lib_a-mlock.o)
                0x0800735e                __malloc_unlock
 .text._realloc_r
                0x08007360       0x4c e:/stm32toolchain/gcc-arm/bin/../lib/gcc/arm-none-eabi/5.4.1/../../../../arm-none-eabi/lib/armv7-m\libg_nano.a(lib_a-nano-reallocr.o)
                0x08007360                _realloc_r
 .text._malloc_usable_size_r
                0x080073ac       0x14 e:/stm32toolchain/gcc-arm/bin/../lib/gcc/arm-none-eabi/5.4.1/../../../../arm-none-eabi/lib/armv7-m\libg_nano.a(lib_a-nano-msizer.o)
                0x080073ac                _malloc_usable_size_r
 .text          0x080073c0      0x110 e:/stm32toolchain/gcc-arm/bin/../lib/gcc/arm-none-eabi/5.4.1/armv7-m\libgcc.a(_arm_cmpdf2.o)
                0x080073c0                __gtdf2
                0x080073c0                __gedf2
                0x080073c8                __ltdf2
                0x080073c8                __ledf2
                0x080073d0                __nedf2
                0x080073d0                __eqdf2
                0x080073d0                __cmpdf2
                0x0800744c                __aeabi_cdrcmple
                0x0800745c                __aeabi_cdcmpeq
                0x0800745c                __aeabi_cdcmple
                0x0800746c                __aeabi_dcmpeq
                0x08007480                __aeabi_dcmplt
                0x08007494                __aeabi_dcmple
                0x080074a8                __aeabi_dcmpge
                0x080074bc                __aeabi_dcmpgt
 .text          0x080074d0       0x2c e:/stm32toolchain/gcc-arm/bin/../lib/gcc/arm-none-eabi/5.4.1/armv7-m\libgcc.a(_arm_unorddf2.o)
                0x080074d0                __unorddf2
                0x080074d0                __aeabi_dcmpun
 .text          0x080074fc       0x50 e:/stm32toolchain/gcc-arm/bin/../lib/gcc/arm-none-eabi/5.4.1/armv7-m\libgcc.a(_arm_fixdfsi.o)
                0x080074fc                __aeabi_d2iz
                0x080074fc                __fixdfsi
 *(.rodata .rodata.* .constdata .constdata.*)
 .rodata        0x0800754c       0x12 ./system/src/stm32f1xx/stm32f1xx_hal_rcc.o
 *fill*         0x0800755e        0x2 
 .rodata.str1.4
                0x08007560      0x146 ./system/src/cortexm/exception_handlers.o
 *fill*         0x080076a6        0x2 
 .rodata.AHBPrescTable
                0x080076a8       0x10 ./system/src/cmsis/system_stm32f1xx.o
                0x080076a8                AHBPrescTable
 .rodata.str1.4
                0x080076b8       0x58 ./src/usbd_desc.o
                                 0x56 (size before relaxing)
 .rodata.str1.1
                0x08007710       0x12 e:/stm32toolchain/gcc-arm/bin/../lib/gcc/arm-none-eabi/5.4.1/../../../../arm-none-eabi/lib/armv7-m\libg_nano.a(lib_a-nano-vfprintf_float.o)
 .rodata.str1.1
                0x08007722       0x22 e:/stm32toolchain/gcc-arm/bin/../lib/gcc/arm-none-eabi/5.4.1/../../../../arm-none-eabi/lib/armv7-m\libg_nano.a(lib_a-nano-vfprintf_i.o)
 .rodata.str1.1
                0x08007744        0xd e:/stm32toolchain/gcc-arm/bin/../lib/gcc/arm-none-eabi/5.4.1/../../../../arm-none-eabi/lib/armv7-m\libg_nano.a(lib_a-dtoa.o)
                                  0xf (size before relaxing)
 .rodata.str1.1
                0x08007751        0xa e:/stm32toolchain/gcc-arm/bin/../lib/gcc/arm-none-eabi/5.4.1/../../../../arm-none-eabi/lib/armv7-m\libg_nano.a(lib_a-locale.o)
                                  0xb (size before relaxing)
 *fill*         0x0800775b        0x5 
 .rodata.__mprec_tens
                0x08007760       0xc8 e:/stm32toolchain/gcc-arm/bin/../lib/gcc/arm-none-eabi/5.4.1/../../../../arm-none-eabi/lib/armv7-m\libg_nano.a(lib_a-mprec.o)
                0x08007760                __mprec_tens
 .rodata.__mprec_bigtens
                0x08007828       0x28 e:/stm32toolchain/gcc-arm/bin/../lib/gcc/arm-none-eabi/5.4.1/../../../../arm-none-eabi/lib/armv7-m\libg_nano.a(lib_a-mprec.o)
                0x08007828                __mprec_bigtens
 .rodata.p05.6097
                0x08007850        0xc e:/stm32toolchain/gcc-arm/bin/../lib/gcc/arm-none-eabi/5.4.1/../../../../arm-none-eabi/lib/armv7-m\libg_nano.a(lib_a-mprec.o)
 .rodata.str1.1
                0x0800785c       0x11 e:/stm32toolchain/gcc-arm/bin/../lib/gcc/arm-none-eabi/5.4.1/../../../../arm-none-eabi/lib/armv7-m\libg_nano.a(lib_a-nano-svfprintf.o)
 .rodata._ctype_
                0x0800786d      0x101 e:/stm32toolchain/gcc-arm/bin/../lib/gcc/arm-none-eabi/5.4.1/../../../../arm-none-eabi/lib/armv7-m\libg_nano.a(lib_a-ctype_.o)
                0x0800786d                _ctype_
 *(vtable)
 *(.eh_frame*)
 *(.glue_7)
 .glue_7        0x0800796e        0x0 linker stubs
 *(.glue_7t)
 .glue_7t       0x0800796e        0x0 linker stubs

.vfp11_veneer   0x08007970        0x0
 .vfp11_veneer  0x08007970        0x0 linker stubs

.v4_bx          0x08007970        0x0
 .v4_bx         0x08007970        0x0 linker stubs

.iplt           0x08007970        0x0
 .iplt          0x08007970        0x0 ./system/src/stm32f1xx/stm32f1xx_hal.o

.rel.dyn        0x08007970        0x0
 .rel.iplt      0x08007970        0x0 ./system/src/stm32f1xx/stm32f1xx_hal.o

.ARM.extab
 *(.ARM.extab* .gnu.linkonce.armextab.*)
                0x08007970                . = ALIGN (0x4)
                0x08007970                __exidx_start = .

.ARM.exidx
 *(.ARM.exidx* .gnu.linkonce.armexidx.*)
                0x08007970                __exidx_end = .
                0x08007970                . = ALIGN (0x4)
                0x08007970                _etext = .
                0x08007970                __etext = .

.data_CCMRAM    0x10000000        0x0 load address 0x08007970
 FILL mask 0xff
 *(.data.CCMRAM .data.CCMRAM.*)
                0x10000000                . = ALIGN (0x4)
                0x08007970                _sidata = LOADADDR (.data)

.data           0x20000000      0x348 load address 0x08007970
 FILL mask 0xff
                0x20000000                _sdata = .
                0x20000000                __data_start__ = .
 *(.data_begin .data_begin.*)
 .data_begin    0x20000000        0x4 ./system/src/newlib/_startup.o
 *(.data .data.*)
 .data.uwTickPrio
                0x20000004        0x4 ./system/src/stm32f1xx/stm32f1xx_hal.o
                0x20000004                uwTickPrio
 .data.uwTickFreq
                0x20000008        0x1 ./system/src/stm32f1xx/stm32f1xx_hal.o
                0x20000008                uwTickFreq
 *fill*         0x20000009        0x3 ff
 .data.argv.4290
                0x2000000c        0x8 ./system/src/newlib/_syscalls.o
 .data.SystemCoreClock
                0x20000014        0x4 ./system/src/cmsis/system_stm32f1xx.o
                0x20000014                SystemCoreClock
 .data.Kp       0x20000018        0x4 ./src/main.o
                0x20000018                Kp
 .data.Ki       0x2000001c        0x4 ./src/main.o
                0x2000001c                Ki
 .data.USBD_Interface_fops_FS
                0x20000020       0x10 ./src/usbd_cdc_if.o
                0x20000020                USBD_Interface_fops_FS
 .data.FS_Desc  0x20000030       0x1c ./src/usbd_desc.o
                0x20000030                FS_Desc
 .data.USBD_LangIDDesc
                0x2000004c        0x4 ./src/usbd_desc.o
                0x2000004c                USBD_LangIDDesc
 .data.USBD_FS_DeviceDesc
                0x20000050       0x12 ./src/usbd_desc.o
                0x20000050                USBD_FS_DeviceDesc
 *fill*         0x20000062        0x2 ff
 .data.USBD_CDC_CfgFSDesc
                0x20000064       0x43 ./Middlewares/ST/STM32_USB_Device_Library/Class/CDC/Src/usbd_cdc.o
                0x20000064                USBD_CDC_CfgFSDesc
 *fill*         0x200000a7        0x1 ff
 .data.USBD_CDC
                0x200000a8       0x38 ./Middlewares/ST/STM32_USB_Device_Library/Class/CDC/Src/usbd_cdc.o
                0x200000a8                USBD_CDC
 .data.USBD_CDC_DeviceQualifierDesc
                0x200000e0        0xa ./Middlewares/ST/STM32_USB_Device_Library/Class/CDC/Src/usbd_cdc.o
 *fill*         0x200000ea        0x2 ff
 .data.USBD_CDC_OtherSpeedCfgDesc
                0x200000ec       0x43 ./Middlewares/ST/STM32_USB_Device_Library/Class/CDC/Src/usbd_cdc.o
                0x200000ec                USBD_CDC_OtherSpeedCfgDesc
 *fill*         0x2000012f        0x1 ff
 .data.USBD_CDC_CfgHSDesc
                0x20000130       0x43 ./Middlewares/ST/STM32_USB_Device_Library/Class/CDC/Src/usbd_cdc.o
                0x20000130                USBD_CDC_CfgHSDesc
 *fill*         0x20000173        0x1 ff
 .data.impure_data
                0x20000174       0x60 e:/stm32toolchain/gcc-arm/bin/../lib/gcc/arm-none-eabi/5.4.1/../../../../arm-none-eabi/lib/armv7-m\libg_nano.a(lib_a-impure.o)
 .data._impure_ptr
                0x200001d4        0x4 e:/stm32toolchain/gcc-arm/bin/../lib/gcc/arm-none-eabi/5.4.1/../../../../arm-none-eabi/lib/armv7-m\libg_nano.a(lib_a-impure.o)
                0x200001d4                _impure_ptr
 .data.__global_locale
                0x200001d8      0x16c e:/stm32toolchain/gcc-arm/bin/../lib/gcc/arm-none-eabi/5.4.1/../../../../arm-none-eabi/lib/armv7-m\libg_nano.a(lib_a-locale.o)
                0x200001d8                __global_locale
 *(.data_end .data_end.*)
 .data_end      0x20000344        0x4 ./system/src/newlib/_startup.o
                0x20000348                . = ALIGN (0x4)
                0x20000348                _edata = .
                0x20000348                __data_end__ = .

.igot.plt       0x20000348        0x0 load address 0x08007cb8
 .igot.plt      0x20000348        0x0 ./system/src/stm32f1xx/stm32f1xx_hal.o

.bss_CCMRAM     0x10000000        0x0
 *(.bss.CCMRAM .bss.CCMRAM.*)

.bss            0x20000348     0x13d4
                0x20000348                __bss_start__ = .
                0x20000348                _sbss = .
 *(.bss_begin .bss_begin.*)
 .bss_begin     0x20000348        0x4 ./system/src/newlib/_startup.o
 *(.bss .bss.*)
 .bss.current_heap_end.3974
                0x2000034c        0x4 ./system/src/newlib/_sbrk.o
 .bss.name.4289
                0x20000350        0x1 ./system/src/newlib/_syscalls.o
 *fill*         0x20000351        0x3 
 .bss.buf.5179  0x20000354       0x80 ./system/src/diag/Trace.o
 .bss.pwmDuty   0x200003d4        0x4 ./src/main.o
                0x200003d4                pwmDuty
 .bss.hallccr   0x200003d8        0x4 ./src/main.o
                0x200003d8                hallccr
 .bss.speedref  0x200003dc        0x4 ./src/main.o
                0x200003dc                speedref
 .bss.captureflag
                0x200003e0        0x1 ./src/main.o
                0x200003e0                captureflag
 *fill*         0x200003e1        0x3 
 .bss.cnt       0x200003e4        0x4 ./src/main.o
                0x200003e4                cnt
 .bss.mem.7692  0x200003e8      0x220 ./src/usbd_conf.o
 .bss.cfgidx.7539
                0x20000608        0x1 ./Middlewares/ST/STM32_USB_Device_Library/Core/Src/usbd_ctlreq.o
 .bss.ifalt.7534
                0x20000609        0x1 ./Middlewares/ST/STM32_USB_Device_Library/Class/CDC/Src/usbd_cdc.o
 *fill*         0x2000060a        0x2 
 .bss.__malloc_sbrk_start
                0x2000060c        0x4 e:/stm32toolchain/gcc-arm/bin/../lib/gcc/arm-none-eabi/5.4.1/../../../../arm-none-eabi/lib/armv7-m\libg_nano.a(lib_a-nano-mallocr.o)
                0x2000060c                __malloc_sbrk_start
 .bss.__malloc_free_list
                0x20000610        0x4 e:/stm32toolchain/gcc-arm/bin/../lib/gcc/arm-none-eabi/5.4.1/../../../../arm-none-eabi/lib/armv7-m\libg_nano.a(lib_a-nano-mallocr.o)
                0x20000610                __malloc_free_list
 *(COMMON)
 COMMON         0x20000614        0x4 ./system/src/stm32f1xx/stm32f1xx_hal.o
                0x20000614                uwTick
 COMMON         0x20000618        0x4 ./system/src/newlib/_syscalls.o
                0x20000618                errno
 COMMON         0x2000061c       0xa8 ./src/main.o
                0x2000061c                PIout_int
                0x20000620                Iout
                0x20000624                Pout
                0x20000628                htim3
                0x20000668                error_sum
                0x2000066c                Iout_int
                0x20000670                htim1
                0x200006b0                error_sum_temp
                0x200006b4                pwmDutyTemp
                0x200006b8                error
                0x200006bc                speed
                0x200006c0                Pout_int
 COMMON         0x200006c4      0x224 ./src/usb_device.o
                0x200006c4                hUsbDeviceFS
 COMMON         0x200008e8      0x7d0 ./src/usbd_cdc_if.o
                0x200008e8                UserRxBufferFS
                0x20000cd0                UserTxBufferFS
 COMMON         0x200010b8      0x460 ./src/usbd_conf.o
                0x200010b8                hpcd_USB_FS
 COMMON         0x20001518      0x200 ./src/usbd_desc.o
                0x20001518                USBD_StrDesc
 *(.bss_end .bss_end.*)
 .bss_end       0x20001718        0x4 ./system/src/newlib/_startup.o
                0x2000171c                . = ALIGN (0x4)
                0x2000171c                __bss_end__ = .
                0x2000171c                _ebss = .

.noinit_CCMRAM
 *(.noinit.CCMRAM .noinit.CCMRAM.*)

.noinit         0x2000171c        0x0
                0x2000171c                _noinit = .
 *(.noinit .noinit.*)
                0x2000171c                . = ALIGN (0x4)
                0x2000171c                _end_noinit = .
                [!provide]                PROVIDE (end, _end_noinit)
                [!provide]                PROVIDE (_end, _end_noinit)
                [!provide]                PROVIDE (__end, _end_noinit)
                [!provide]                PROVIDE (__end__, _end_noinit)

._check_stack   0x2000171c      0x100
                0x2000181c                . = (. + _Minimum_Stack_Size)
 *fill*         0x2000171c      0x100 

.b1text
 *(.b1text)
 *(.b1rodata)
 *(.b1rodata.*)

.eb0text
 *(.eb0text)
 *(.eb0rodata)
 *(.eb0rodata.*)

.eb1text
 *(.eb1text)
 *(.eb1rodata)
 *(.eb1rodata.*)

.eb2text
 *(.eb2text)
 *(.eb2rodata)
 *(.eb2rodata.*)

.eb3text
 *(.eb3text)
 *(.eb3rodata)
 *(.eb3rodata.*)

.stab
 *(.stab)

.stabstr
 *(.stabstr)

.stab.excl
 *(.stab.excl)

.stab.exclstr
 *(.stab.exclstr)

.stab.index
 *(.stab.index)

.stab.indexstr
 *(.stab.indexstr)

.comment        0x00000000       0x6e
 *(.comment)
 .comment       0x00000000       0x6e ./system/src/stm32f1xx/stm32f1xx_hal.o
                                 0x6f (size before relaxing)
 .comment       0x0000006e       0x6f ./system/src/stm32f1xx/stm32f1xx_hal_cortex.o
 .comment       0x0000006e       0x6f ./system/src/stm32f1xx/stm32f1xx_hal_gpio.o
 .comment       0x0000006e       0x6f ./system/src/stm32f1xx/stm32f1xx_hal_pcd.o
 .comment       0x0000006e       0x6f ./system/src/stm32f1xx/stm32f1xx_hal_pcd_ex.o
 .comment       0x0000006e       0x6f ./system/src/stm32f1xx/stm32f1xx_hal_rcc.o
 .comment       0x0000006e       0x6f ./system/src/stm32f1xx/stm32f1xx_hal_rcc_ex.o
 .comment       0x0000006e       0x6f ./system/src/stm32f1xx/stm32f1xx_hal_tim.o
 .comment       0x0000006e       0x6f ./system/src/stm32f1xx/stm32f1xx_hal_tim_ex.o
 .comment       0x0000006e       0x6f ./system/src/stm32f1xx/stm32f1xx_ll_usb.o
 .comment       0x0000006e       0x6f ./system/src/newlib/_exit.o
 .comment       0x0000006e       0x6f ./system/src/newlib/_sbrk.o
 .comment       0x0000006e       0x6f ./system/src/newlib/_startup.o
 .comment       0x0000006e       0x6f ./system/src/newlib/_syscalls.o
 .comment       0x0000006e       0x6f ./system/src/diag/Trace.o
 .comment       0x0000006e       0x6f ./system/src/diag/trace_impl.o
 .comment       0x0000006e       0x6f ./system/src/cortexm/_initialize_hardware.o
 .comment       0x0000006e       0x6f ./system/src/cortexm/exception_handlers.o
 .comment       0x0000006e       0x6f ./system/src/cmsis/system_stm32f1xx.o
 .comment       0x0000006e       0x6f ./src/main.o
 .comment       0x0000006e       0x6f ./src/stm32f1xx_hal_msp.o
 .comment       0x0000006e       0x6f ./src/stm32f1xx_it.o
 .comment       0x0000006e       0x6f ./src/usb_device.o
 .comment       0x0000006e       0x6f ./src/usbd_cdc_if.o
 .comment       0x0000006e       0x6f ./src/usbd_conf.o
 .comment       0x0000006e       0x6f ./src/usbd_desc.o
 .comment       0x0000006e       0x6f ./Middlewares/ST/STM32_USB_Device_Library/Core/Src/usbd_core.o
 .comment       0x0000006e       0x6f ./Middlewares/ST/STM32_USB_Device_Library/Core/Src/usbd_ctlreq.o
 .comment       0x0000006e       0x6f ./Middlewares/ST/STM32_USB_Device_Library/Core/Src/usbd_ioreq.o
 .comment       0x0000006e       0x6f ./Middlewares/ST/STM32_USB_Device_Library/Class/CDC/Src/usbd_cdc.o

.ARM.attributes
                0x00000000       0x31
 .ARM.attributes
                0x00000000       0x33 ./system/src/stm32f1xx/stm32f1xx_hal.o
 .ARM.attributes
                0x00000033       0x33 ./system/src/stm32f1xx/stm32f1xx_hal_cortex.o
 .ARM.attributes
                0x00000066       0x33 ./system/src/stm32f1xx/stm32f1xx_hal_gpio.o
 .ARM.attributes
                0x00000099       0x33 ./system/src/stm32f1xx/stm32f1xx_hal_pcd.o
 .ARM.attributes
                0x000000cc       0x33 ./system/src/stm32f1xx/stm32f1xx_hal_pcd_ex.o
 .ARM.attributes
                0x000000ff       0x33 ./system/src/stm32f1xx/stm32f1xx_hal_rcc.o
 .ARM.attributes
                0x00000132       0x33 ./system/src/stm32f1xx/stm32f1xx_hal_rcc_ex.o
 .ARM.attributes
                0x00000165       0x33 ./system/src/stm32f1xx/stm32f1xx_hal_tim.o
 .ARM.attributes
                0x00000198       0x33 ./system/src/stm32f1xx/stm32f1xx_hal_tim_ex.o
 .ARM.attributes
                0x000001cb       0x33 ./system/src/stm32f1xx/stm32f1xx_ll_usb.o
 .ARM.attributes
                0x000001fe       0x33 ./system/src/newlib/_exit.o
 .ARM.attributes
                0x00000231       0x33 ./system/src/newlib/_sbrk.o
 .ARM.attributes
                0x00000264       0x33 ./system/src/newlib/_startup.o
 .ARM.attributes
                0x00000297       0x33 ./system/src/newlib/_syscalls.o
 .ARM.attributes
                0x000002ca       0x33 ./system/src/diag/Trace.o
 .ARM.attributes
                0x000002fd       0x33 ./system/src/diag/trace_impl.o
 .ARM.attributes
                0x00000330       0x33 ./system/src/cortexm/_initialize_hardware.o
 .ARM.attributes
                0x00000363       0x33 ./system/src/cortexm/exception_handlers.o
 .ARM.attributes
                0x00000396       0x21 ./system/src/cmsis/startup_stm32f103xb.o
 .ARM.attributes
                0x000003b7       0x33 ./system/src/cmsis/system_stm32f1xx.o
 .ARM.attributes
                0x000003ea       0x33 ./src/main.o
 .ARM.attributes
                0x0000041d       0x33 ./src/stm32f1xx_hal_msp.o
 .ARM.attributes
                0x00000450       0x33 ./src/stm32f1xx_it.o
 .ARM.attributes
                0x00000483       0x33 ./src/usb_device.o
 .ARM.attributes
                0x000004b6       0x33 ./src/usbd_cdc_if.o
 .ARM.attributes
                0x000004e9       0x33 ./src/usbd_conf.o
 .ARM.attributes
                0x0000051c       0x33 ./src/usbd_desc.o
 .ARM.attributes
                0x0000054f       0x33 ./Middlewares/ST/STM32_USB_Device_Library/Core/Src/usbd_core.o
 .ARM.attributes
                0x00000582       0x33 ./Middlewares/ST/STM32_USB_Device_Library/Core/Src/usbd_ctlreq.o
 .ARM.attributes
                0x000005b5       0x33 ./Middlewares/ST/STM32_USB_Device_Library/Core/Src/usbd_ioreq.o
 .ARM.attributes
                0x000005e8       0x33 ./Middlewares/ST/STM32_USB_Device_Library/Class/CDC/Src/usbd_cdc.o
 .ARM.attributes
                0x0000061b       0x1d e:/stm32toolchain/gcc-arm/bin/../lib/gcc/arm-none-eabi/5.4.1/armv7-m\libgcc.a(_arm_addsubdf3.o)
 .ARM.attributes
                0x00000638       0x1d e:/stm32toolchain/gcc-arm/bin/../lib/gcc/arm-none-eabi/5.4.1/armv7-m\libgcc.a(_arm_muldivdf3.o)
 .ARM.attributes
                0x00000655       0x1d e:/stm32toolchain/gcc-arm/bin/../lib/gcc/arm-none-eabi/5.4.1/armv7-m\libgcc.a(_arm_truncdfsf2.o)
 .ARM.attributes
                0x00000672       0x1d e:/stm32toolchain/gcc-arm/bin/../lib/gcc/arm-none-eabi/5.4.1/armv7-m\libgcc.a(_arm_addsubsf3.o)
 .ARM.attributes
                0x0000068f       0x1d e:/stm32toolchain/gcc-arm/bin/../lib/gcc/arm-none-eabi/5.4.1/armv7-m\libgcc.a(_arm_muldivsf3.o)
 .ARM.attributes
                0x000006ac       0x1d e:/stm32toolchain/gcc-arm/bin/../lib/gcc/arm-none-eabi/5.4.1/armv7-m\libgcc.a(_arm_cmpsf2.o)
 .ARM.attributes
                0x000006c9       0x1d e:/stm32toolchain/gcc-arm/bin/../lib/gcc/arm-none-eabi/5.4.1/armv7-m\libgcc.a(_arm_fixsfsi.o)
 .ARM.attributes
                0x000006e6       0x2d e:/stm32toolchain/gcc-arm/bin/../lib/gcc/arm-none-eabi/5.4.1/../../../../arm-none-eabi/lib/armv7-m\libg_nano.a(lib_a-atoi.o)
 .ARM.attributes
                0x00000713       0x2d e:/stm32toolchain/gcc-arm/bin/../lib/gcc/arm-none-eabi/5.4.1/../../../../arm-none-eabi/lib/armv7-m\libg_nano.a(lib_a-errno.o)
 .ARM.attributes
                0x00000740       0x2d e:/stm32toolchain/gcc-arm/bin/../lib/gcc/arm-none-eabi/5.4.1/../../../../arm-none-eabi/lib/armv7-m\libg_nano.a(lib_a-impure.o)
 .ARM.attributes
                0x0000076d       0x2d e:/stm32toolchain/gcc-arm/bin/../lib/gcc/arm-none-eabi/5.4.1/../../../../arm-none-eabi/lib/armv7-m\libg_nano.a(lib_a-memcpy-stub.o)
 .ARM.attributes
                0x0000079a       0x2d e:/stm32toolchain/gcc-arm/bin/../lib/gcc/arm-none-eabi/5.4.1/../../../../arm-none-eabi/lib/armv7-m\libg_nano.a(lib_a-memset.o)
 .ARM.attributes
                0x000007c7       0x2d e:/stm32toolchain/gcc-arm/bin/../lib/gcc/arm-none-eabi/5.4.1/../../../../arm-none-eabi/lib/armv7-m\libg_nano.a(lib_a-nano-vfprintf_float.o)
 .ARM.attributes
                0x000007f4       0x2d e:/stm32toolchain/gcc-arm/bin/../lib/gcc/arm-none-eabi/5.4.1/../../../../arm-none-eabi/lib/armv7-m\libg_nano.a(lib_a-nano-vfprintf_i.o)
 .ARM.attributes
                0x00000821       0x17 e:/stm32toolchain/gcc-arm/bin/../lib/gcc/arm-none-eabi/5.4.1/../../../../arm-none-eabi/lib/armv7-m\libg_nano.a(lib_a-strlen.o)
 .ARM.attributes
                0x00000838       0x2d e:/stm32toolchain/gcc-arm/bin/../lib/gcc/arm-none-eabi/5.4.1/../../../../arm-none-eabi/lib/armv7-m\libg_nano.a(lib_a-strtol.o)
 .ARM.attributes
                0x00000865       0x2d e:/stm32toolchain/gcc-arm/bin/../lib/gcc/arm-none-eabi/5.4.1/../../../../arm-none-eabi/lib/armv7-m\libg_nano.a(lib_a-vsnprintf.o)
 .ARM.attributes
                0x00000892       0x2d e:/stm32toolchain/gcc-arm/bin/../lib/gcc/arm-none-eabi/5.4.1/../../../../arm-none-eabi/lib/armv7-m\libg_nano.a(lib_a-dtoa.o)
 .ARM.attributes
                0x000008bf       0x2d e:/stm32toolchain/gcc-arm/bin/../lib/gcc/arm-none-eabi/5.4.1/../../../../arm-none-eabi/lib/armv7-m\libg_nano.a(lib_a-locale.o)
 .ARM.attributes
                0x000008ec       0x2d e:/stm32toolchain/gcc-arm/bin/../lib/gcc/arm-none-eabi/5.4.1/../../../../arm-none-eabi/lib/armv7-m\libg_nano.a(lib_a-localeconv.o)
 .ARM.attributes
                0x00000919       0x2d e:/stm32toolchain/gcc-arm/bin/../lib/gcc/arm-none-eabi/5.4.1/../../../../arm-none-eabi/lib/armv7-m\libg_nano.a(lib_a-malloc.o)
 .ARM.attributes
                0x00000946       0x2d e:/stm32toolchain/gcc-arm/bin/../lib/gcc/arm-none-eabi/5.4.1/../../../../arm-none-eabi/lib/armv7-m\libg_nano.a(lib_a-mbtowc_r.o)
 .ARM.attributes
                0x00000973       0x2d e:/stm32toolchain/gcc-arm/bin/../lib/gcc/arm-none-eabi/5.4.1/../../../../arm-none-eabi/lib/armv7-m\libg_nano.a(lib_a-memchr-stub.o)
 .ARM.attributes
                0x000009a0       0x2d e:/stm32toolchain/gcc-arm/bin/../lib/gcc/arm-none-eabi/5.4.1/../../../../arm-none-eabi/lib/armv7-m\libg_nano.a(lib_a-mprec.o)
 .ARM.attributes
                0x000009cd       0x2d e:/stm32toolchain/gcc-arm/bin/../lib/gcc/arm-none-eabi/5.4.1/../../../../arm-none-eabi/lib/armv7-m\libg_nano.a(lib_a-nano-callocr.o)
 .ARM.attributes
                0x000009fa       0x2d e:/stm32toolchain/gcc-arm/bin/../lib/gcc/arm-none-eabi/5.4.1/../../../../arm-none-eabi/lib/armv7-m\libg_nano.a(lib_a-nano-freer.o)
 .ARM.attributes
                0x00000a27       0x2d e:/stm32toolchain/gcc-arm/bin/../lib/gcc/arm-none-eabi/5.4.1/../../../../arm-none-eabi/lib/armv7-m\libg_nano.a(lib_a-nano-mallocr.o)
 .ARM.attributes
                0x00000a54       0x2d e:/stm32toolchain/gcc-arm/bin/../lib/gcc/arm-none-eabi/5.4.1/../../../../arm-none-eabi/lib/armv7-m\libg_nano.a(lib_a-nano-svfprintf.o)
 .ARM.attributes
                0x00000a81       0x2d e:/stm32toolchain/gcc-arm/bin/../lib/gcc/arm-none-eabi/5.4.1/../../../../arm-none-eabi/lib/armv7-m\libg_nano.a(lib_a-sbrkr.o)
 .ARM.attributes
                0x00000aae       0x2d e:/stm32toolchain/gcc-arm/bin/../lib/gcc/arm-none-eabi/5.4.1/../../../../arm-none-eabi/lib/armv7-m\libg_nano.a(lib_a-wctomb_r.o)
 .ARM.attributes
                0x00000adb       0x2d e:/stm32toolchain/gcc-arm/bin/../lib/gcc/arm-none-eabi/5.4.1/../../../../arm-none-eabi/lib/armv7-m\libg_nano.a(lib_a-ctype_.o)
 .ARM.attributes
                0x00000b08       0x2d e:/stm32toolchain/gcc-arm/bin/../lib/gcc/arm-none-eabi/5.4.1/../../../../arm-none-eabi/lib/armv7-m\libg_nano.a(lib_a-memmove.o)
 .ARM.attributes
                0x00000b35       0x2d e:/stm32toolchain/gcc-arm/bin/../lib/gcc/arm-none-eabi/5.4.1/../../../../arm-none-eabi/lib/armv7-m\libg_nano.a(lib_a-mlock.o)
 .ARM.attributes
                0x00000b62       0x2d e:/stm32toolchain/gcc-arm/bin/../lib/gcc/arm-none-eabi/5.4.1/../../../../arm-none-eabi/lib/armv7-m\libg_nano.a(lib_a-nano-reallocr.o)
 .ARM.attributes
                0x00000b8f       0x2d e:/stm32toolchain/gcc-arm/bin/../lib/gcc/arm-none-eabi/5.4.1/../../../../arm-none-eabi/lib/armv7-m\libg_nano.a(lib_a-nano-msizer.o)
 .ARM.attributes
                0x00000bbc       0x1d e:/stm32toolchain/gcc-arm/bin/../lib/gcc/arm-none-eabi/5.4.1/armv7-m\libgcc.a(_arm_cmpdf2.o)
 .ARM.attributes
                0x00000bd9       0x1d e:/stm32toolchain/gcc-arm/bin/../lib/gcc/arm-none-eabi/5.4.1/armv7-m\libgcc.a(_arm_unorddf2.o)
 .ARM.attributes
                0x00000bf6       0x1d e:/stm32toolchain/gcc-arm/bin/../lib/gcc/arm-none-eabi/5.4.1/armv7-m\libgcc.a(_arm_fixdfsi.o)

.debug
 *(.debug)

.line
 *(.line)

.debug_srcinfo
 *(.debug_srcinfo)

.debug_sfnames
 *(.debug_sfnames)

.debug_aranges  0x00000000     0x1078
 *(.debug_aranges)
 .debug_aranges
                0x00000000       0xd0 ./system/src/stm32f1xx/stm32f1xx_hal.o
 .debug_aranges
                0x000000d0       0x90 ./system/src/stm32f1xx/stm32f1xx_hal_cortex.o
 .debug_aranges
                0x00000160       0x58 ./system/src/stm32f1xx/stm32f1xx_hal_gpio.o
 .debug_aranges
                0x000001b8      0x120 ./system/src/stm32f1xx/stm32f1xx_hal_pcd.o
 .debug_aranges
                0x000002d8       0x28 ./system/src/stm32f1xx/stm32f1xx_hal_pcd_ex.o
 .debug_aranges
                0x00000300       0x90 ./system/src/stm32f1xx/stm32f1xx_hal_rcc.o
 .debug_aranges
                0x00000390       0x30 ./system/src/stm32f1xx/stm32f1xx_hal_rcc_ex.o
 .debug_aranges
                0x000003c0      0x368 ./system/src/stm32f1xx/stm32f1xx_hal_tim.o
 .debug_aranges
                0x00000728      0x138 ./system/src/stm32f1xx/stm32f1xx_hal_tim_ex.o
 .debug_aranges
                0x00000860      0x100 ./system/src/stm32f1xx/stm32f1xx_ll_usb.o
 .debug_aranges
                0x00000960       0x28 ./system/src/newlib/_exit.o
 .debug_aranges
                0x00000988       0x20 ./system/src/newlib/_sbrk.o
 .debug_aranges
                0x000009a8       0x40 ./system/src/newlib/_startup.o
 .debug_aranges
                0x000009e8       0x30 ./system/src/newlib/_syscalls.o
 .debug_aranges
                0x00000a18       0x38 ./system/src/diag/Trace.o
 .debug_aranges
                0x00000a50       0x30 ./system/src/diag/trace_impl.o
 .debug_aranges
                0x00000a80       0x28 ./system/src/cortexm/_initialize_hardware.o
 .debug_aranges
                0x00000aa8       0x90 ./system/src/cortexm/exception_handlers.o
 .debug_aranges
                0x00000b38       0x28 ./system/src/cmsis/startup_stm32f103xb.o
 .debug_aranges
                0x00000b60       0x28 ./system/src/cmsis/system_stm32f1xx.o
 .debug_aranges
                0x00000b88       0x58 ./src/main.o
 .debug_aranges
                0x00000be0       0x48 ./src/stm32f1xx_hal_msp.o
 .debug_aranges
                0x00000c28       0x70 ./src/stm32f1xx_it.o
 .debug_aranges
                0x00000c98       0x20 ./src/usb_device.o
 .debug_aranges
                0x00000cb8       0x40 ./src/usbd_cdc_if.o
 .debug_aranges
                0x00000cf8      0x110 ./src/usbd_conf.o
 .debug_aranges
                0x00000e08       0x50 ./src/usbd_desc.o
 .debug_aranges
                0x00000e58       0xb8 ./Middlewares/ST/STM32_USB_Device_Library/Core/Src/usbd_core.o
 .debug_aranges
                0x00000f10       0x88 ./Middlewares/ST/STM32_USB_Device_Library/Core/Src/usbd_ctlreq.o
 .debug_aranges
                0x00000f98       0x50 ./Middlewares/ST/STM32_USB_Device_Library/Core/Src/usbd_ioreq.o
 .debug_aranges
                0x00000fe8       0x90 ./Middlewares/ST/STM32_USB_Device_Library/Class/CDC/Src/usbd_cdc.o

.debug_pubnames
 *(.debug_pubnames)

.debug_info     0x00000000    0x12e8a
 *(.debug_info .gnu.linkonce.wi.*)
 .debug_info    0x00000000      0x71e ./system/src/stm32f1xx/stm32f1xx_hal.o
 .debug_info    0x0000071e      0xc0d ./system/src/stm32f1xx/stm32f1xx_hal_cortex.o
 .debug_info    0x0000132b      0x5e7 ./system/src/stm32f1xx/stm32f1xx_hal_gpio.o
 .debug_info    0x00001912     0x114b ./system/src/stm32f1xx/stm32f1xx_hal_pcd.o
 .debug_info    0x00002a5d      0x57c ./system/src/stm32f1xx/stm32f1xx_hal_pcd_ex.o
 .debug_info    0x00002fd9      0x9b1 ./system/src/stm32f1xx/stm32f1xx_hal_rcc.o
 .debug_info    0x0000398a      0x3f9 ./system/src/stm32f1xx/stm32f1xx_hal_rcc_ex.o
 .debug_info    0x00003d83     0x2dc3 ./system/src/stm32f1xx/stm32f1xx_hal_tim.o
 .debug_info    0x00006b46     0x1207 ./system/src/stm32f1xx/stm32f1xx_hal_tim_ex.o
 .debug_info    0x00007d4d      0xed1 ./system/src/stm32f1xx/stm32f1xx_ll_usb.o
 .debug_info    0x00008c1e       0xef ./system/src/newlib/_exit.o
 .debug_info    0x00008d0d      0x11f ./system/src/newlib/_sbrk.o
 .debug_info    0x00008e2c      0x455 ./system/src/newlib/_startup.o
 .debug_info    0x00009281      0x1c7 ./system/src/newlib/_syscalls.o
 .debug_info    0x00009448      0x2e7 ./system/src/diag/Trace.o
 .debug_info    0x0000972f      0x30b ./system/src/diag/trace_impl.o
 .debug_info    0x00009a3a      0x2b1 ./system/src/cortexm/_initialize_hardware.o
 .debug_info    0x00009ceb      0x8da ./system/src/cortexm/exception_handlers.o
 .debug_info    0x0000a5c5       0x76 ./system/src/cmsis/startup_stm32f103xb.o
 .debug_info    0x0000a63b      0x3bc ./system/src/cmsis/system_stm32f1xx.o
 .debug_info    0x0000a9f7     0x15df ./src/main.o
 .debug_info    0x0000bfd6      0xb32 ./src/stm32f1xx_hal_msp.o
 .debug_info    0x0000cb08      0xa23 ./src/stm32f1xx_it.o
 .debug_info    0x0000d52b      0x5df ./src/usb_device.o
 .debug_info    0x0000db0a      0x852 ./src/usbd_cdc_if.o
 .debug_info    0x0000e35c     0x17b6 ./src/usbd_conf.o
 .debug_info    0x0000fb12      0x4cf ./src/usbd_desc.o
 .debug_info    0x0000ffe1      0xc42 ./Middlewares/ST/STM32_USB_Device_Library/Core/Src/usbd_core.o
 .debug_info    0x00010c23      0xdfb ./Middlewares/ST/STM32_USB_Device_Library/Core/Src/usbd_ctlreq.o
 .debug_info    0x00011a1e      0x765 ./Middlewares/ST/STM32_USB_Device_Library/Core/Src/usbd_ioreq.o
 .debug_info    0x00012183      0xd07 ./Middlewares/ST/STM32_USB_Device_Library/Class/CDC/Src/usbd_cdc.o

.debug_abbrev   0x00000000     0x35a7
 *(.debug_abbrev)
 .debug_abbrev  0x00000000      0x1f5 ./system/src/stm32f1xx/stm32f1xx_hal.o
 .debug_abbrev  0x000001f5      0x2d9 ./system/src/stm32f1xx/stm32f1xx_hal_cortex.o
 .debug_abbrev  0x000004ce      0x1cd ./system/src/stm32f1xx/stm32f1xx_hal_gpio.o
 .debug_abbrev  0x0000069b      0x28c ./system/src/stm32f1xx/stm32f1xx_hal_pcd.o
 .debug_abbrev  0x00000927      0x16e ./system/src/stm32f1xx/stm32f1xx_hal_pcd_ex.o
 .debug_abbrev  0x00000a95      0x273 ./system/src/stm32f1xx/stm32f1xx_hal_rcc.o
 .debug_abbrev  0x00000d08      0x1b6 ./system/src/stm32f1xx/stm32f1xx_hal_rcc_ex.o
 .debug_abbrev  0x00000ebe      0x22a ./system/src/stm32f1xx/stm32f1xx_hal_tim.o
 .debug_abbrev  0x000010e8      0x21b ./system/src/stm32f1xx/stm32f1xx_hal_tim_ex.o
 .debug_abbrev  0x00001303      0x1c6 ./system/src/stm32f1xx/stm32f1xx_ll_usb.o
 .debug_abbrev  0x000014c9       0x8e ./system/src/newlib/_exit.o
 .debug_abbrev  0x00001557       0xb9 ./system/src/newlib/_sbrk.o
 .debug_abbrev  0x00001610      0x1ac ./system/src/newlib/_startup.o
 .debug_abbrev  0x000017bc       0xec ./system/src/newlib/_syscalls.o
 .debug_abbrev  0x000018a8      0x156 ./system/src/diag/Trace.o
 .debug_abbrev  0x000019fe      0x1c8 ./system/src/diag/trace_impl.o
 .debug_abbrev  0x00001bc6       0xea ./system/src/cortexm/_initialize_hardware.o
 .debug_abbrev  0x00001cb0      0x247 ./system/src/cortexm/exception_handlers.o
 .debug_abbrev  0x00001ef7       0x12 ./system/src/cmsis/startup_stm32f103xb.o
 .debug_abbrev  0x00001f09      0x125 ./system/src/cmsis/system_stm32f1xx.o
 .debug_abbrev  0x0000202e      0x27f ./src/main.o
 .debug_abbrev  0x000022ad      0x1c7 ./src/stm32f1xx_hal_msp.o
 .debug_abbrev  0x00002474      0x1b3 ./src/stm32f1xx_it.o
 .debug_abbrev  0x00002627      0x170 ./src/usb_device.o
 .debug_abbrev  0x00002797      0x21d ./src/usbd_cdc_if.o
 .debug_abbrev  0x000029b4      0x28f ./src/usbd_conf.o
 .debug_abbrev  0x00002c43      0x167 ./src/usbd_desc.o
 .debug_abbrev  0x00002daa      0x1ef ./Middlewares/ST/STM32_USB_Device_Library/Core/Src/usbd_core.o
 .debug_abbrev  0x00002f99      0x26c ./Middlewares/ST/STM32_USB_Device_Library/Core/Src/usbd_ctlreq.o
 .debug_abbrev  0x00003205      0x158 ./Middlewares/ST/STM32_USB_Device_Library/Core/Src/usbd_ioreq.o
 .debug_abbrev  0x0000335d      0x24a ./Middlewares/ST/STM32_USB_Device_Library/Class/CDC/Src/usbd_cdc.o

.debug_line     0x00000000     0xbf69
 *(.debug_line)
 .debug_line    0x00000000      0x6c4 ./system/src/stm32f1xx/stm32f1xx_hal.o
 .debug_line    0x000006c4      0x6b3 ./system/src/stm32f1xx/stm32f1xx_hal_cortex.o
 .debug_line    0x00000d77      0x69d ./system/src/stm32f1xx/stm32f1xx_hal_gpio.o
 .debug_line    0x00001414      0x9b4 ./system/src/stm32f1xx/stm32f1xx_hal_pcd.o
 .debug_line    0x00001dc8      0x544 ./system/src/stm32f1xx/stm32f1xx_hal_pcd_ex.o
 .debug_line    0x0000230c      0x7fa ./system/src/stm32f1xx/stm32f1xx_hal_rcc.o
 .debug_line    0x00002b06      0x5d3 ./system/src/stm32f1xx/stm32f1xx_hal_rcc_ex.o
 .debug_line    0x000030d9     0x13a8 ./system/src/stm32f1xx/stm32f1xx_hal_tim.o
 .debug_line    0x00004481      0xa74 ./system/src/stm32f1xx/stm32f1xx_hal_tim_ex.o
 .debug_line    0x00004ef5      0x933 ./system/src/stm32f1xx/stm32f1xx_ll_usb.o
 .debug_line    0x00005828      0x2c1 ./system/src/newlib/_exit.o
 .debug_line    0x00005ae9      0x272 ./system/src/newlib/_sbrk.o
 .debug_line    0x00005d5b      0x328 ./system/src/newlib/_startup.o
 .debug_line    0x00006083      0x36e ./system/src/newlib/_syscalls.o
 .debug_line    0x000063f1      0x32f ./system/src/diag/Trace.o
 .debug_line    0x00006720      0x3db ./system/src/diag/trace_impl.o
 .debug_line    0x00006afb      0x188 ./system/src/cortexm/_initialize_hardware.o
 .debug_line    0x00006c83      0x484 ./system/src/cortexm/exception_handlers.o
 .debug_line    0x00007107       0x86 ./system/src/cmsis/startup_stm32f103xb.o
 .debug_line    0x0000718d      0x190 ./system/src/cmsis/system_stm32f1xx.o
 .debug_line    0x0000731d      0x6ea ./src/main.o
 .debug_line    0x00007a07      0x59c ./src/stm32f1xx_hal_msp.o
 .debug_line    0x00007fa3      0x5d1 ./src/stm32f1xx_it.o
 .debug_line    0x00008574      0x65e ./src/usb_device.o
 .debug_line    0x00008bd2      0x690 ./src/usbd_cdc_if.o
 .debug_line    0x00009262      0x89f ./src/usbd_conf.o
 .debug_line    0x00009b01      0x667 ./src/usbd_desc.o
 .debug_line    0x0000a168      0x7d9 ./Middlewares/ST/STM32_USB_Device_Library/Core/Src/usbd_core.o
 .debug_line    0x0000a941      0x7d7 ./Middlewares/ST/STM32_USB_Device_Library/Core/Src/usbd_ctlreq.o
 .debug_line    0x0000b118      0x686 ./Middlewares/ST/STM32_USB_Device_Library/Core/Src/usbd_ioreq.o
 .debug_line    0x0000b79e      0x7cb ./Middlewares/ST/STM32_USB_Device_Library/Class/CDC/Src/usbd_cdc.o

.debug_frame    0x00000000     0x30a0
 *(.debug_frame)
 .debug_frame   0x00000000      0x1ac ./system/src/stm32f1xx/stm32f1xx_hal.o
 .debug_frame   0x000001ac      0x124 ./system/src/stm32f1xx/stm32f1xx_hal_cortex.o
 .debug_frame   0x000002d0       0xc4 ./system/src/stm32f1xx/stm32f1xx_hal_gpio.o
 .debug_frame   0x00000394      0x310 ./system/src/stm32f1xx/stm32f1xx_hal_pcd.o
 .debug_frame   0x000006a4       0x3c ./system/src/stm32f1xx/stm32f1xx_hal_pcd_ex.o
 .debug_frame   0x000006e0      0x170 ./system/src/stm32f1xx/stm32f1xx_hal_rcc.o
 .debug_frame   0x00000850       0x68 ./system/src/stm32f1xx/stm32f1xx_hal_rcc_ex.o
 .debug_frame   0x000008b8      0x9cc ./system/src/stm32f1xx/stm32f1xx_hal_tim.o
 .debug_frame   0x00001284      0x3a0 ./system/src/stm32f1xx/stm32f1xx_hal_tim_ex.o
 .debug_frame   0x00001624      0x230 ./system/src/stm32f1xx/stm32f1xx_ll_usb.o
 .debug_frame   0x00001854       0x38 ./system/src/newlib/_exit.o
 .debug_frame   0x0000188c       0x28 ./system/src/newlib/_sbrk.o
 .debug_frame   0x000018b4       0x7c ./system/src/newlib/_startup.o
 .debug_frame   0x00001930       0x50 ./system/src/newlib/_syscalls.o
 .debug_frame   0x00001980       0x94 ./system/src/diag/Trace.o
 .debug_frame   0x00001a14       0x60 ./system/src/diag/trace_impl.o
 .debug_frame   0x00001a74       0x40 ./system/src/cortexm/_initialize_hardware.o
 .debug_frame   0x00001ab4      0x158 ./system/src/cortexm/exception_handlers.o
 .debug_frame   0x00001c0c       0x30 ./system/src/cmsis/system_stm32f1xx.o
 .debug_frame   0x00001c3c       0xe4 ./src/main.o
 .debug_frame   0x00001d20       0xa8 ./src/stm32f1xx_hal_msp.o
 .debug_frame   0x00001dc8       0xd8 ./src/stm32f1xx_it.o
 .debug_frame   0x00001ea0       0x28 ./src/usb_device.o
 .debug_frame   0x00001ec8       0x80 ./src/usbd_cdc_if.o
 .debug_frame   0x00001f48      0x2e0 ./src/usbd_conf.o
 .debug_frame   0x00002228       0xa8 ./src/usbd_desc.o
 .debug_frame   0x000022d0      0x1bc ./Middlewares/ST/STM32_USB_Device_Library/Core/Src/usbd_core.o
 .debug_frame   0x0000248c      0x178 ./Middlewares/ST/STM32_USB_Device_Library/Core/Src/usbd_ctlreq.o
 .debug_frame   0x00002604       0xb8 ./Middlewares/ST/STM32_USB_Device_Library/Core/Src/usbd_ioreq.o
 .debug_frame   0x000026bc      0x154 ./Middlewares/ST/STM32_USB_Device_Library/Class/CDC/Src/usbd_cdc.o
 .debug_frame   0x00002810       0x30 e:/stm32toolchain/gcc-arm/bin/../lib/gcc/arm-none-eabi/5.4.1/../../../../arm-none-eabi/lib/armv7-m\libg_nano.a(lib_a-atoi.o)
 .debug_frame   0x00002840       0x20 e:/stm32toolchain/gcc-arm/bin/../lib/gcc/arm-none-eabi/5.4.1/../../../../arm-none-eabi/lib/armv7-m\libg_nano.a(lib_a-errno.o)
 .debug_frame   0x00002860       0x28 e:/stm32toolchain/gcc-arm/bin/../lib/gcc/arm-none-eabi/5.4.1/../../../../arm-none-eabi/lib/armv7-m\libg_nano.a(lib_a-memcpy-stub.o)
 .debug_frame   0x00002888       0x20 e:/stm32toolchain/gcc-arm/bin/../lib/gcc/arm-none-eabi/5.4.1/../../../../arm-none-eabi/lib/armv7-m\libg_nano.a(lib_a-memset.o)