Archive member included to satisfy reference by file (symbol)

e:/stm32toolchain/gcc-arm/bin/../lib/gcc/arm-none-eabi/5.4.1/armv7-m\libgcc.a(unwind-arm.o)
                              ./system/src/newlib/_cxx.o (__aeabi_unwind_cpp_pr1)
e:/stm32toolchain/gcc-arm/bin/../lib/gcc/arm-none-eabi/5.4.1/armv7-m\libgcc.a(libunwind.o)
                              e:/stm32toolchain/gcc-arm/bin/../lib/gcc/arm-none-eabi/5.4.1/armv7-m\libgcc.a(unwind-arm.o) (restore_core_regs)
e:/stm32toolchain/gcc-arm/bin/../lib/gcc/arm-none-eabi/5.4.1/armv7-m\libgcc.a(pr-support.o)
                              e:/stm32toolchain/gcc-arm/bin/../lib/gcc/arm-none-eabi/5.4.1/armv7-m\libgcc.a(unwind-arm.o) (__gnu_unwind_execute)
e:/stm32toolchain/gcc-arm/bin/../lib/gcc/arm-none-eabi/5.4.1/../../../../arm-none-eabi/lib/armv7-m\libg_nano.a(lib_a-errno.o)
                              ./system/src/newlib/_sbrk.o (__errno)
e:/stm32toolchain/gcc-arm/bin/../lib/gcc/arm-none-eabi/5.4.1/../../../../arm-none-eabi/lib/armv7-m\libg_nano.a(lib_a-impure.o)
                              e:/stm32toolchain/gcc-arm/bin/../lib/gcc/arm-none-eabi/5.4.1/../../../../arm-none-eabi/lib/armv7-m\libg_nano.a(lib_a-errno.o) (_impure_ptr)
e:/stm32toolchain/gcc-arm/bin/../lib/gcc/arm-none-eabi/5.4.1/../../../../arm-none-eabi/lib/armv7-m\libg_nano.a(lib_a-init.o)
                              ./system/src/cmsis/startup_stm32f103xb.o (__libc_init_array)
e:/stm32toolchain/gcc-arm/bin/../lib/gcc/arm-none-eabi/5.4.1/../../../../arm-none-eabi/lib/armv7-m\libg_nano.a(lib_a-memcpy-stub.o)
                              e:/stm32toolchain/gcc-arm/bin/../lib/gcc/arm-none-eabi/5.4.1/armv7-m\libgcc.a(unwind-arm.o) (memcpy)
e:/stm32toolchain/gcc-arm/bin/../lib/gcc/arm-none-eabi/5.4.1/../../../../arm-none-eabi/lib/armv7-m\libg_nano.a(lib_a-memset.o)
                              ./src/main.o (memset)
e:/stm32toolchain/gcc-arm/bin/../lib/gcc/arm-none-eabi/5.4.1/../../../../arm-none-eabi/lib/armv7-m\libg_nano.a(lib_a-strlen.o)
                              ./system/src/diag/Trace.o (strlen)
e:/stm32toolchain/gcc-arm/bin/../lib/gcc/arm-none-eabi/5.4.1/../../../../arm-none-eabi/lib/armv7-m\libg_nano.a(lib_a-vsnprintf.o)
                              ./system/src/diag/Trace.o (vsnprintf)
e:/stm32toolchain/gcc-arm/bin/../lib/gcc/arm-none-eabi/5.4.1/../../../../arm-none-eabi/lib/armv7-m\libg_nano.a(lib_a-nano-svfprintf.o)
                              e:/stm32toolchain/gcc-arm/bin/../lib/gcc/arm-none-eabi/5.4.1/../../../../arm-none-eabi/lib/armv7-m\libg_nano.a(lib_a-vsnprintf.o) (_svfprintf_r)
e:/stm32toolchain/gcc-arm/bin/../lib/gcc/arm-none-eabi/5.4.1/../../../../arm-none-eabi/lib/armv7-m\libg_nano.a(lib_a-nano-vfprintf_i.o)
                              e:/stm32toolchain/gcc-arm/bin/../lib/gcc/arm-none-eabi/5.4.1/../../../../arm-none-eabi/lib/armv7-m\libg_nano.a(lib_a-nano-svfprintf.o) (_printf_i)
e:/stm32toolchain/gcc-arm/bin/../lib/gcc/arm-none-eabi/5.4.1/../../../../arm-none-eabi/lib/armv7-m\libg_nano.a(lib_a-memchr-stub.o)
                              e:/stm32toolchain/gcc-arm/bin/../lib/gcc/arm-none-eabi/5.4.1/../../../../arm-none-eabi/lib/armv7-m\libg_nano.a(lib_a-nano-svfprintf.o) (memchr)
e:/stm32toolchain/gcc-arm/bin/../lib/gcc/arm-none-eabi/5.4.1/../../../../arm-none-eabi/lib/armv7-m\libg_nano.a(lib_a-memmove.o)
                              e:/stm32toolchain/gcc-arm/bin/../lib/gcc/arm-none-eabi/5.4.1/../../../../arm-none-eabi/lib/armv7-m\libg_nano.a(lib_a-nano-svfprintf.o) (memmove)
e:/stm32toolchain/gcc-arm/bin/../lib/gcc/arm-none-eabi/5.4.1/../../../../arm-none-eabi/lib/armv7-m\libg_nano.a(lib_a-nano-freer.o)
                              e:/stm32toolchain/gcc-arm/bin/../lib/gcc/arm-none-eabi/5.4.1/../../../../arm-none-eabi/lib/armv7-m\libg_nano.a(lib_a-nano-svfprintf.o) (_free_r)
e:/stm32toolchain/gcc-arm/bin/../lib/gcc/arm-none-eabi/5.4.1/../../../../arm-none-eabi/lib/armv7-m\libg_nano.a(lib_a-nano-mallocr.o)
                              e:/stm32toolchain/gcc-arm/bin/../lib/gcc/arm-none-eabi/5.4.1/../../../../arm-none-eabi/lib/armv7-m\libg_nano.a(lib_a-nano-svfprintf.o) (_malloc_r)
e:/stm32toolchain/gcc-arm/bin/../lib/gcc/arm-none-eabi/5.4.1/../../../../arm-none-eabi/lib/armv7-m\libg_nano.a(lib_a-nano-reallocr.o)
                              e:/stm32toolchain/gcc-arm/bin/../lib/gcc/arm-none-eabi/5.4.1/../../../../arm-none-eabi/lib/armv7-m\libg_nano.a(lib_a-nano-svfprintf.o) (_realloc_r)
e:/stm32toolchain/gcc-arm/bin/../lib/gcc/arm-none-eabi/5.4.1/../../../../arm-none-eabi/lib/armv7-m\libg_nano.a(lib_a-sbrkr.o)
                              e:/stm32toolchain/gcc-arm/bin/../lib/gcc/arm-none-eabi/5.4.1/../../../../arm-none-eabi/lib/armv7-m\libg_nano.a(lib_a-nano-mallocr.o) (_sbrk_r)
e:/stm32toolchain/gcc-arm/bin/../lib/gcc/arm-none-eabi/5.4.1/../../../../arm-none-eabi/lib/armv7-m\libg_nano.a(lib_a-mlock.o)
[...]
Memory Configuration

Name             Origin             Length             Attributes
FLASH            0x08000000         0x00020000         xr
RAM              0x20000000         0x00005000         xrw
CCMRAM           0x10000000         0x00000000         xrw
FLASHB1          0x00000000         0x00000000         xr
EXTMEMB0         0x00000000         0x00000000         xr
EXTMEMB1         0x00000000         0x00000000         xr
EXTMEMB2         0x00000000         0x00000000         xr
EXTMEMB3         0x00000000         0x00000000         xr
*default*        0x00000000         0xffffffff

Linker script and memory map

LOAD ./system/src/stm32f1xx/stm32f1xx_hal.o
LOAD ./system/src/stm32f1xx/stm32f1xx_hal_cortex.o
LOAD ./system/src/stm32f1xx/stm32f1xx_hal_dma.o
LOAD ./system/src/stm32f1xx/stm32f1xx_hal_flash.o
LOAD ./system/src/stm32f1xx/stm32f1xx_hal_flash_ex.o
LOAD ./system/src/stm32f1xx/stm32f1xx_hal_gpio.o
LOAD ./system/src/stm32f1xx/stm32f1xx_hal_gpio_ex.o
LOAD ./system/src/stm32f1xx/stm32f1xx_hal_pwr.o
LOAD ./system/src/stm32f1xx/stm32f1xx_hal_rcc.o
LOAD ./system/src/stm32f1xx/stm32f1xx_hal_rcc_ex.o
LOAD ./system/src/stm32f1xx/stm32f1xx_hal_tim.o
LOAD ./system/src/stm32f1xx/stm32f1xx_hal_tim_ex.o
LOAD ./system/src/newlib/_cxx.o
LOAD ./system/src/newlib/_exit.o
LOAD ./system/src/newlib/_sbrk.o
LOAD ./system/src/newlib/_startup.o
LOAD ./system/src/newlib/_syscalls.o
LOAD ./system/src/newlib/assert.o
LOAD ./system/src/diag/Trace.o
LOAD ./system/src/diag/trace_impl.o
LOAD ./system/src/cortexm/_initialize_hardware.o
LOAD ./system/src/cortexm/_reset_hardware.o
LOAD ./system/src/cortexm/exception_handlers.o
LOAD ./system/src/cmsis/startup_stm32f103xb.o
LOAD ./system/src/cmsis/system_stm32f1xx.o
LOAD ./src/main.o
LOAD ./src/stm32f1xx_hal_msp.o
LOAD ./src/stm32f1xx_it.o
LOAD e:/stm32toolchain/gcc-arm/bin/../lib/gcc/arm-none-eabi/5.4.1/../../../../arm-none-eabi/lib/armv7-m\libstdc++_nano.a
LOAD e:/stm32toolchain/gcc-arm/bin/../lib/gcc/arm-none-eabi/5.4.1/../../../../arm-none-eabi/lib/armv7-m\libm.a
START GROUP
LOAD e:/stm32toolchain/gcc-arm/bin/../lib/gcc/arm-none-eabi/5.4.1/armv7-m\libgcc.a
LOAD e:/stm32toolchain/gcc-arm/bin/../lib/gcc/arm-none-eabi/5.4.1/../../../../arm-none-eabi/lib/armv7-m\libg_nano.a
LOAD e:/stm32toolchain/gcc-arm/bin/../lib/gcc/arm-none-eabi/5.4.1/../../../../arm-none-eabi/lib/armv7-m\libc_nano.a
END GROUP
START GROUP
LOAD e:/stm32toolchain/gcc-arm/bin/../lib/gcc/arm-none-eabi/5.4.1/armv7-m\libgcc.a
LOAD e:/stm32toolchain/gcc-arm/bin/../lib/gcc/arm-none-eabi/5.4.1/../../../../arm-none-eabi/lib/armv7-m\libc_nano.a
END GROUP
                0x20005000                __stack = (ORIGIN (RAM) + LENGTH (RAM))
                0x20005000                _estack = __stack
                0x00000400                __Main_Stack_Size = 0x400
                [!provide]                PROVIDE (_Main_Stack_Size, __Main_Stack_Size)
                0x20004c00                __Main_Stack_Limit = (__stack - __Main_Stack_Size)
                [!provide]                PROVIDE (_Main_Stack_Limit, __Main_Stack_Limit)
                0x00000100                _Minimum_Stack_Size = 0x100
                0x20000174                PROVIDE (_Heap_Begin, _end_noinit)
                0x20004c00                PROVIDE (_Heap_Limit, (__stack - __Main_Stack_Size))

.isr_vector     0x08000000      0x350
 FILL mask 0xff
                0x08000000                __vectors_start = ABSOLUTE (.)
                0x08000000                __vectors_start__ = ABSOLUTE (.)
 *(.isr_vector)
 .isr_vector    0x08000000      0x10c ./system/src/cmsis/startup_stm32f103xb.o
                0x08000000                g_pfnVectors
 *(.cfmconfig)
 *(.after_vectors .after_vectors.*)
 .after_vectors
                0x0800010c      0x114 ./system/src/newlib/_startup.o
                0x0800010c                _start
 .after_vectors
                0x08000220      0x130 ./system/src/cortexm/exception_handlers.o
                0x08000220                Reset_Handler
                0x08000240                HardFault_Handler_C
                0x080002b8                BusFault_Handler_C
                0x08000300                UsageFault_Handler_C

.inits          0x08000350       0x28
                0x08000350                __data_regions_array_start = .
                0x08000350        0x4 LONG 0x800212c LOADADDR (.data)
                0x08000354        0x4 LONG 0x20000000 ADDR (.data)
                0x08000358        0x4 LONG 0x20000090 (ADDR (.data) + SIZEOF (.data))
                0x0800035c        0x4 LONG 0x800212c LOADADDR (.data_CCMRAM)
                0x08000360        0x4 LONG 0x10000000 ADDR (.data_CCMRAM)
                0x08000364        0x4 LONG 0x10000000 (ADDR (.data_CCMRAM) + SIZEOF (.data_CCMRAM))
                0x08000368                __data_regions_array_end = .
                0x08000368                __bss_regions_array_start = .
                0x08000368        0x4 LONG 0x20000090 ADDR (.bss)
                0x0800036c        0x4 LONG 0x20000174 (ADDR (.bss) + SIZEOF (.bss))
                0x08000370        0x4 LONG 0x10000000 ADDR (.bss_CCMRAM)
                0x08000374        0x4 LONG 0x10000000 (ADDR (.bss_CCMRAM) + SIZEOF (.bss_CCMRAM))
                0x08000378                __bss_regions_array_end = .
 *(.init)
 *(.fini)
                0x08000378                . = ALIGN (0x4)
                0x08000378                PROVIDE (__preinit_array_start, .)
 *(.preinit_array_sysinit .preinit_array_sysinit.*)
 *(.preinit_array_platform .preinit_array_platform.*)
 *(.preinit_array .preinit_array.*)
                0x08000378                PROVIDE (__preinit_array_end, .)
                0x08000378                . = ALIGN (0x4)
                0x08000378                PROVIDE (__init_array_start, .)
 *(SORT(.init_array.*))
 *(.init_array)
                0x08000378                PROVIDE (__init_array_end, .)
                0x08000378                . = ALIGN (0x4)
                0x08000378                PROVIDE (__fini_array_start, .)
 *(SORT(.fini_array.*))
 *(.fini_array)
                0x08000378                PROVIDE (__fini_array_end, .)

.flashtext
 *(.flashtext .flashtext.*)

.text           0x08000378     0x1db3
 *(.text .text.*)
 .text.HAL_InitTick
                0x08000378       0x4c ./system/src/stm32f1xx/stm32f1xx_hal.o
                0x08000378                HAL_InitTick
 .text.HAL_Init
                0x080003c4       0x24 ./system/src/stm32f1xx/stm32f1xx_hal.o
                0x080003c4                HAL_Init
 .text.HAL_IncTick
                0x080003e8       0x18 ./system/src/stm32f1xx/stm32f1xx_hal.o
                0x080003e8                HAL_IncTick
 .text.HAL_GetTick
                0x08000400        0xc ./system/src/stm32f1xx/stm32f1xx_hal.o
                0x08000400                HAL_GetTick
 .text.HAL_Delay
                0x0800040c       0x28 ./system/src/stm32f1xx/stm32f1xx_hal.o
                0x0800040c                HAL_Delay
 .text.HAL_NVIC_SetPriorityGrouping
                0x08000434       0x24 ./system/src/stm32f1xx/stm32f1xx_hal_cortex.o
                0x08000434                HAL_NVIC_SetPriorityGrouping
 .text.HAL_NVIC_SetPriority
                0x08000458       0x64 ./system/src/stm32f1xx/stm32f1xx_hal_cortex.o
                0x08000458                HAL_NVIC_SetPriority
 .text.HAL_NVIC_EnableIRQ
                0x080004bc       0x18 ./system/src/stm32f1xx/stm32f1xx_hal_cortex.o
                0x080004bc                HAL_NVIC_EnableIRQ
 .text.HAL_SYSTICK_Config
                0x080004d4       0x2c ./system/src/stm32f1xx/stm32f1xx_hal_cortex.o
                0x080004d4                HAL_SYSTICK_Config
 .text.HAL_GPIO_Init
                0x08000500      0x1d8 ./system/src/stm32f1xx/stm32f1xx_hal_gpio.o
                0x08000500                HAL_GPIO_Init
 .text.HAL_GPIO_WritePin
                0x080006d8        0xc ./system/src/stm32f1xx/stm32f1xx_hal_gpio.o
                0x080006d8                HAL_GPIO_WritePin
 .text.HAL_GPIO_TogglePin
                0x080006e4        0x8 ./system/src/stm32f1xx/stm32f1xx_hal_gpio.o
                0x080006e4                HAL_GPIO_TogglePin
 .text.RCC_Delay
                0x080006ec       0x2c ./system/src/stm32f1xx/stm32f1xx_hal_rcc.o
 .text.HAL_RCC_OscConfig
                0x08000718      0x400 ./system/src/stm32f1xx/stm32f1xx_hal_rcc.o
                0x08000718                HAL_RCC_OscConfig
 .text.HAL_RCC_GetSysClockFreq
                0x08000b18       0x70 ./system/src/stm32f1xx/stm32f1xx_hal_rcc.o
                0x08000b18                HAL_RCC_GetSysClockFreq
 .text.HAL_RCC_ClockConfig
                0x08000b88      0x1a8 ./system/src/stm32f1xx/stm32f1xx_hal_rcc.o
                0x08000b88                HAL_RCC_ClockConfig
 .text.TIM_TI1_ConfigInputStage
                0x08000d30       0x24 ./system/src/stm32f1xx/stm32f1xx_hal_tim.o
 .text.TIM_TI2_ConfigInputStage
                0x08000d54       0x28 ./system/src/stm32f1xx/stm32f1xx_hal_tim.o
 .text.TIM_ITRx_SetConfig
                0x08000d7c       0x10 ./system/src/stm32f1xx/stm32f1xx_hal_tim.o
 .text.TIM_ETR_SetConfig
                0x08000d8c       0x18 ./system/src/stm32f1xx/stm32f1xx_hal_tim.o
 .text.HAL_TIM_Base_Start_IT
                0x08000da4       0x18 ./system/src/stm32f1xx/stm32f1xx_hal_tim.o
                0x08000da4                HAL_TIM_Base_Start_IT
 .text.HAL_TIM_ConfigClockSource
                0x08000dbc      0x114 ./system/src/stm32f1xx/stm32f1xx_hal_tim.o
                0x08000dbc                HAL_TIM_ConfigClockSource
 .text.HAL_TIM_OC_DelayElapsedCallback
                0x08000ed0        0x4 ./system/src/stm32f1xx/stm32f1xx_hal_tim.o
                0x08000ed0                HAL_TIM_OC_DelayElapsedCallback
 .text.HAL_TIM_IC_CaptureCallback
                0x08000ed4        0x4 ./system/src/stm32f1xx/stm32f1xx_hal_tim.o
                0x08000ed4                HAL_TIM_IC_CaptureCallback
 .text.HAL_TIM_PWM_PulseFinishedCallback
                0x08000ed8        0x4 ./system/src/stm32f1xx/stm32f1xx_hal_tim.o
                0x08000ed8                HAL_TIM_PWM_PulseFinishedCallback
 .text.HAL_TIM_TriggerCallback
                0x08000edc        0x4 ./system/src/stm32f1xx/stm32f1xx_hal_tim.o
                0x08000edc                HAL_TIM_TriggerCallback
 .text.HAL_TIM_IRQHandler
                0x08000ee0      0x174 ./system/src/stm32f1xx/stm32f1xx_hal_tim.o
                0x08000ee0                HAL_TIM_IRQHandler
 .text.TIM_Base_SetConfig
                0x08001054       0x70 ./system/src/stm32f1xx/stm32f1xx_hal_tim.o
                0x08001054                TIM_Base_SetConfig
 .text.HAL_TIM_Base_Init
                0x080010c4       0x38 ./system/src/stm32f1xx/stm32f1xx_hal_tim.o
                0x080010c4                HAL_TIM_Base_Init
 .text.HAL_TIMEx_MasterConfigSynchronization
                0x080010fc       0x54 ./system/src/stm32f1xx/stm32f1xx_hal_tim_ex.o
                0x080010fc                HAL_TIMEx_MasterConfigSynchronization
 .text.HAL_TIMEx_CommutationCallback
                0x08001150        0x4 ./system/src/stm32f1xx/stm32f1xx_hal_tim_ex.o
                0x08001150                HAL_TIMEx_CommutationCallback
 .text.HAL_TIMEx_BreakCallback
                0x08001154        0x4 ./system/src/stm32f1xx/stm32f1xx_hal_tim_ex.o
                0x08001154                HAL_TIMEx_BreakCallback
 .text._exit    0x08001158        0x4 ./system/src/newlib/_exit.o
                0x08001158                _exit
 .text._sbrk    0x0800115c       0x44 ./system/src/newlib/_sbrk.o
                0x0800115c                _sbrk
 .text.__initialize_args
                0x080011a0       0x10 ./system/src/newlib/_syscalls.o
                0x080011a0                __initialize_args
 .text.trace_printf
                0x080011b0       0x30 ./system/src/diag/Trace.o
                0x080011b0                trace_printf
 .text._trace_write_semihosting_debug
                0x080011e0       0x64 ./system/src/diag/trace_impl.o
 .text.trace_write
                0x08001244        0x8 ./system/src/diag/trace_impl.o
                0x08001244                trace_write
 .text.__initialize_hardware_early
                0x0800124c       0x18 ./system/src/cortexm/_initialize_hardware.o
                0x0800124c                __initialize_hardware_early
 .text.__initialize_hardware
                0x08001264        0x8 ./system/src/cortexm/_initialize_hardware.o
                0x08001264                __initialize_hardware
 .text.dumpExceptionStack
                0x0800126c       0xf0 ./system/src/cortexm/exception_handlers.o
                0x0800126c                dumpExceptionStack
 .text.isSemihosting
                0x0800135c       0x20 ./system/src/cortexm/exception_handlers.o
                0x0800135c                isSemihosting
 .text.Default_Handler
                0x0800137c        0x2 ./system/src/cmsis/startup_stm32f103xb.o
                0x0800137c                RTC_Alarm_IRQHandler
                0x0800137c                EXTI2_IRQHandler
                0x0800137c                TIM1_CC_IRQHandler
                0x0800137c                PVD_IRQHandler
                0x0800137c                EXTI3_IRQHandler
                0x0800137c                EXTI0_IRQHandler
                0x0800137c                I2C2_EV_IRQHandler
                0x0800137c                ADC1_2_IRQHandler
                0x0800137c                SPI1_IRQHandler
                0x0800137c                TAMPER_IRQHandler
                0x0800137c                DMA1_Channel4_IRQHandler
                0x0800137c                USART3_IRQHandler
                0x0800137c                RTC_IRQHandler
                0x0800137c                DMA1_Channel7_IRQHandler
                0x0800137c                CAN1_RX1_IRQHandler
                0x0800137c                TIM4_IRQHandler
                0x0800137c                I2C1_EV_IRQHandler
                0x0800137c                DMA1_Channel6_IRQHandler
                0x0800137c                TIM3_IRQHandler
                0x0800137c                RCC_IRQHandler
                0x0800137c                TIM1_TRG_COM_IRQHandler
                0x0800137c                DMA1_Channel1_IRQHandler
                0x0800137c                Default_Handler
                0x0800137c                EXTI15_10_IRQHandler
                0x0800137c                EXTI9_5_IRQHandler
                0x0800137c                SPI2_IRQHandler
                0x0800137c                DMA1_Channel5_IRQHandler
                0x0800137c                EXTI4_IRQHandler
                0x0800137c                USB_LP_CAN1_RX0_IRQHandler
                0x0800137c                USB_HP_CAN1_TX_IRQHandler
                0x0800137c                DMA1_Channel3_IRQHandler
                0x0800137c                TIM1_UP_IRQHandler
                0x0800137c                WWDG_IRQHandler
                0x0800137c                TIM1_BRK_IRQHandler
                0x0800137c                EXTI1_IRQHandler
                0x0800137c                USART2_IRQHandler
                0x0800137c                I2C2_ER_IRQHandler
                0x0800137c                DMA1_Channel2_IRQHandler
                0x0800137c                CAN1_SCE_IRQHandler
                0x0800137c                FLASH_IRQHandler
                0x0800137c                USART1_IRQHandler
                0x0800137c                I2C1_ER_IRQHandler
                0x0800137c                USBWakeUp_IRQHandler
 *fill*         0x0800137e        0x2 
 .text.SystemInit
                0x08001380       0x4c ./system/src/cmsis/system_stm32f1xx.o
                0x08001380                SystemInit
 .text.SystemCoreClockUpdate
                0x080013cc       0x94 ./system/src/cmsis/system_stm32f1xx.o
                0x080013cc                SystemCoreClockUpdate
 .text.MX_GPIO_Init
                0x08001460       0xa0 ./src/main.o
 .text.MX_TIM2_Init
                0x08001500       0x58 ./src/main.o
 .text.SystemClock_Config
                0x08001558       0x54 ./src/main.o
                0x08001558                SystemClock_Config
 .text.main     0x080015ac       0x40 ./src/main.o
                0x080015ac                main
 .text.HAL_TIM_PeriodElapsedCallback
                0x080015ec       0x44 ./src/main.o
                0x080015ec                HAL_TIM_PeriodElapsedCallback
 .text.HAL_MspInit
                0x08001630       0x44 ./src/stm32f1xx_hal_msp.o
                0x08001630                HAL_MspInit
 .text.HAL_TIM_Base_MspInit
                0x08001674       0x3c ./src/stm32f1xx_hal_msp.o
                0x08001674                HAL_TIM_Base_MspInit
 .text.NMI_Handler
                0x080016b0        0x4 ./src/stm32f1xx_it.o
                0x080016b0                NMI_Handler
 .text.HardFault_Handler
                0x080016b4        0x4 ./src/stm32f1xx_it.o
                0x080016b4                HardFault_Handler
 .text.MemManage_Handler
                0x080016b8        0x4 ./src/stm32f1xx_it.o
                0x080016b8                MemManage_Handler
 .text.BusFault_Handler
                0x080016bc        0x4 ./src/stm32f1xx_it.o
                0x080016bc                BusFault_Handler
 .text.UsageFault_Handler
                0x080016c0        0x4 ./src/stm32f1xx_it.o
                0x080016c0                UsageFault_Handler
 .text.SVC_Handler
                0x080016c4        0x4 ./src/stm32f1xx_it.o
                0x080016c4                SVC_Handler
 .text.DebugMon_Handler
                0x080016c8        0x4 ./src/stm32f1xx_it.o
                0x080016c8                DebugMon_Handler
 .text.PendSV_Handler
                0x080016cc        0x4 ./src/stm32f1xx_it.o
                0x080016cc                PendSV_Handler
 .text.SysTick_Handler
                0x080016d0        0x8 ./src/stm32f1xx_it.o
                0x080016d0                SysTick_Handler
 .text.TIM2_IRQHandler
                0x080016d8       0x10 ./src/stm32f1xx_it.o
                0x080016d8                TIM2_IRQHandler
 .text.__errno  0x080016e8        0xc e:/stm32toolchain/gcc-arm/bin/../lib/gcc/arm-none-eabi/5.4.1/../../../../arm-none-eabi/lib/armv7-m\libg_nano.a(lib_a-errno.o)
                0x080016e8                __errno
 .text.memcpy   0x080016f4       0x16 e:/stm32toolchain/gcc-arm/bin/../lib/gcc/arm-none-eabi/5.4.1/../../../../arm-none-eabi/lib/armv7-m\libg_nano.a(lib_a-memcpy-stub.o)
                0x080016f4                memcpy
 .text.memset   0x0800170a       0x10 e:/stm32toolchain/gcc-arm/bin/../lib/gcc/arm-none-eabi/5.4.1/../../../../arm-none-eabi/lib/armv7-m\libg_nano.a(lib_a-memset.o)
                0x0800170a                memset
 .text._vsnprintf_r
                0x0800171a       0x56 e:/stm32toolchain/gcc-arm/bin/../lib/gcc/arm-none-eabi/5.4.1/../../../../arm-none-eabi/lib/armv7-m\libg_nano.a(lib_a-vsnprintf.o)
                0x0800171a                _vsniprintf_r
                0x0800171a                _vsnprintf_r
 .text.vsnprintf
                0x08001770       0x1c e:/stm32toolchain/gcc-arm/bin/../lib/gcc/arm-none-eabi/5.4.1/../../../../arm-none-eabi/lib/armv7-m\libg_nano.a(lib_a-vsnprintf.o)
                0x08001770                vsniprintf
                0x08001770                vsnprintf
 .text.__ssputs_r
                0x0800178c       0xb2 e:/stm32toolchain/gcc-arm/bin/../lib/gcc/arm-none-eabi/5.4.1/../../../../arm-none-eabi/lib/armv7-m\libg_nano.a(lib_a-nano-svfprintf.o)
                0x0800178c                __ssputs_r
 *fill*         0x0800183e        0x2 
 .text._svfprintf_r
                0x08001840      0x1e8 e:/stm32toolchain/gcc-arm/bin/../lib/gcc/arm-none-eabi/5.4.1/../../../../arm-none-eabi/lib/armv7-m\libg_nano.a(lib_a-nano-svfprintf.o)
                0x08001840                _svfiprintf_r
                0x08001840                _svfprintf_r
 .text._printf_common
                0x08001a28       0xec e:/stm32toolchain/gcc-arm/bin/../lib/gcc/arm-none-eabi/5.4.1/../../../../arm-none-eabi/lib/armv7-m\libg_nano.a(lib_a-nano-vfprintf_i.o)
                0x08001a28                _printf_common
 .text._printf_i
                0x08001b14      0x24c e:/stm32toolchain/gcc-arm/bin/../lib/gcc/arm-none-eabi/5.4.1/../../../../arm-none-eabi/lib/armv7-m\libg_nano.a(lib_a-nano-vfprintf_i.o)
                0x08001b14                _printf_i
 .text.memchr   0x08001d60       0x1c e:/stm32toolchain/gcc-arm/bin/../lib/gcc/arm-none-eabi/5.4.1/../../../../arm-none-eabi/lib/armv7-m\libg_nano.a(lib_a-memchr-stub.o)
                0x08001d60                memchr
 .text.memmove  0x08001d7c       0x36 e:/stm32toolchain/gcc-arm/bin/../lib/gcc/arm-none-eabi/5.4.1/../../../../arm-none-eabi/lib/armv7-m\libg_nano.a(lib_a-memmove.o)
                0x08001d7c                memmove
 *fill*         0x08001db2        0x2 
 .text._free_r  0x08001db4       0x98 e:/stm32toolchain/gcc-arm/bin/../lib/gcc/arm-none-eabi/5.4.1/../../../../arm-none-eabi/lib/armv7-m\libg_nano.a(lib_a-nano-freer.o)
                0x08001db4                _free_r
 .text._malloc_r
                0x08001e4c       0xbc e:/stm32toolchain/gcc-arm/bin/../lib/gcc/arm-none-eabi/5.4.1/../../../../arm-none-eabi/lib/armv7-m\libg_nano.a(lib_a-nano-mallocr.o)
                0x08001e4c                _malloc_r
 .text._realloc_r
                0x08001f08       0x4c e:/stm32toolchain/gcc-arm/bin/../lib/gcc/arm-none-eabi/5.4.1/../../../../arm-none-eabi/lib/armv7-m\libg_nano.a(lib_a-nano-reallocr.o)
                0x08001f08                _realloc_r
 .text._sbrk_r  0x08001f54       0x20 e:/stm32toolchain/gcc-arm/bin/../lib/gcc/arm-none-eabi/5.4.1/../../../../arm-none-eabi/lib/armv7-m\libg_nano.a(lib_a-sbrkr.o)
                0x08001f54                _sbrk_r
 .text.__malloc_lock
                0x08001f74        0x2 e:/stm32toolchain/gcc-arm/bin/../lib/gcc/arm-none-eabi/5.4.1/../../../../arm-none-eabi/lib/armv7-m\libg_nano.a(lib_a-mlock.o)
                0x08001f74                __malloc_lock
 .text.__malloc_unlock
                0x08001f76        0x2 e:/stm32toolchain/gcc-arm/bin/../lib/gcc/arm-none-eabi/5.4.1/../../../../arm-none-eabi/lib/armv7-m\libg_nano.a(lib_a-mlock.o)
                0x08001f76                __malloc_unlock
 .text._malloc_usable_size_r
                0x08001f78       0x14 e:/stm32toolchain/gcc-arm/bin/../lib/gcc/arm-none-eabi/5.4.1/../../../../arm-none-eabi/lib/armv7-m\libg_nano.a(lib_a-nano-msizer.o)
                0x08001f78                _malloc_usable_size_r
 *(.rodata .rodata.* .constdata .constdata.*)
 .rodata        0x08001f8c       0x12 ./system/src/stm32f1xx/stm32f1xx_hal_rcc.o
 *fill*         0x08001f9e        0x2 
 .rodata.str1.4
                0x08001fa0      0x148 ./system/src/cortexm/exception_handlers.o
                                0x146 (size before relaxing)
 .rodata.AHBPrescTable
                0x080020e8       0x10 ./system/src/cmsis/system_stm32f1xx.o
                0x080020e8                AHBPrescTable
 .rodata.str1.1
                0x080020f8       0x11 e:/stm32toolchain/gcc-arm/bin/../lib/gcc/arm-none-eabi/5.4.1/../../../../arm-none-eabi/lib/armv7-m\libg_nano.a(lib_a-nano-svfprintf.o)
 .rodata.str1.1
                0x08002109       0x22 e:/stm32toolchain/gcc-arm/bin/../lib/gcc/arm-none-eabi/5.4.1/../../../../arm-none-eabi/lib/armv7-m\libg_nano.a(lib_a-nano-vfprintf_i.o)
 *(vtable)
 *(.eh_frame*)
 *(.glue_7)
 .glue_7        0x0800212b        0x0 linker stubs
 *(.glue_7t)
 .glue_7t       0x0800212b        0x0 linker stubs

.vfp11_veneer   0x0800212c        0x0
 .vfp11_veneer  0x0800212c        0x0 linker stubs

.v4_bx          0x0800212c        0x0
 .v4_bx         0x0800212c        0x0 linker stubs

.iplt           0x0800212c        0x0
 .iplt          0x0800212c        0x0 ./system/src/stm32f1xx/stm32f1xx_hal.o

.rel.dyn        0x0800212c        0x0
 .rel.iplt      0x0800212c        0x0 ./system/src/stm32f1xx/stm32f1xx_hal.o

.ARM.extab
 *(.ARM.extab* .gnu.linkonce.armextab.*)
                0x0800212c                . = ALIGN (0x4)
                0x0800212c                __exidx_start = .

.ARM.exidx
 *(.ARM.exidx* .gnu.linkonce.armexidx.*)
                0x0800212c                __exidx_end = .
                0x0800212c                . = ALIGN (0x4)
                0x0800212c                _etext = .
                0x0800212c                __etext = .

.data_CCMRAM    0x10000000        0x0 load address 0x0800212c
 FILL mask 0xff
 *(.data.CCMRAM .data.CCMRAM.*)
                0x10000000                . = ALIGN (0x4)
                0x0800212c                _sidata = LOADADDR (.data)

.data           0x20000000       0x90 load address 0x0800212c
 FILL mask 0xff
                0x20000000                _sdata = .
                0x20000000                __data_start__ = .
 *(.data_begin .data_begin.*)
 .data_begin    0x20000000        0x4 ./system/src/newlib/_startup.o
 *(.data .data.*)
 .data.uwTickPrio
                0x20000004        0x4 ./system/src/stm32f1xx/stm32f1xx_hal.o
                0x20000004                uwTickPrio
 .data.uwTickFreq
                0x20000008        0x1 ./system/src/stm32f1xx/stm32f1xx_hal.o
                0x20000008                uwTickFreq
 *fill*         0x20000009        0x3 ff
 .data.argv.4290
                0x2000000c        0x8 ./system/src/newlib/_syscalls.o
 .data.SystemCoreClock
                0x20000014        0x4 ./system/src/cmsis/system_stm32f1xx.o
                0x20000014                SystemCoreClock
 .data.data     0x20000018        0xc ./src/main.o
                0x20000018                data
 .data.period   0x20000024        0x2 ./src/main.o
                0x20000024                period
 *fill*         0x20000026        0x2 ff
 .data.impure_data
                0x20000028       0x60 e:/stm32toolchain/gcc-arm/bin/../lib/gcc/arm-none-eabi/5.4.1/../../../../arm-none-eabi/lib/armv7-m\libg_nano.a(lib_a-impure.o)
 .data._impure_ptr
                0x20000088        0x4 e:/stm32toolchain/gcc-arm/bin/../lib/gcc/arm-none-eabi/5.4.1/../../../../arm-none-eabi/lib/armv7-m\libg_nano.a(lib_a-impure.o)
                0x20000088                _impure_ptr
 *(.data_end .data_end.*)
 .data_end      0x2000008c        0x4 ./system/src/newlib/_startup.o
                0x20000090                . = ALIGN (0x4)
                0x20000090                _edata = .
                0x20000090                __data_end__ = .

.igot.plt       0x20000090        0x0 load address 0x080021bc
 .igot.plt      0x20000090        0x0 ./system/src/stm32f1xx/stm32f1xx_hal.o

.bss_CCMRAM     0x10000000        0x0
 *(.bss.CCMRAM .bss.CCMRAM.*)

.bss            0x20000090       0xe4
                0x20000090                __bss_start__ = .
                0x20000090                _sbss = .
 *(.bss_begin .bss_begin.*)
 .bss_begin     0x20000090        0x4 ./system/src/newlib/_startup.o
 *(.bss .bss.*)
 .bss.current_heap_end.3974
                0x20000094        0x4 ./system/src/newlib/_sbrk.o
 .bss.name.4289
                0x20000098        0x1 ./system/src/newlib/_syscalls.o
 *fill*         0x20000099        0x3 
 .bss.buf.5179  0x2000009c       0x80 ./system/src/diag/Trace.o
 .bss.i         0x2000011c        0x1 ./src/main.o
                0x2000011c                i
 *fill*         0x2000011d        0x3 
 .bss.__malloc_sbrk_start
                0x20000120        0x4 e:/stm32toolchain/gcc-arm/bin/../lib/gcc/arm-none-eabi/5.4.1/../../../../arm-none-eabi/lib/armv7-m\libg_nano.a(lib_a-nano-mallocr.o)
                0x20000120                __malloc_sbrk_start
 .bss.__malloc_free_list
                0x20000124        0x4 e:/stm32toolchain/gcc-arm/bin/../lib/gcc/arm-none-eabi/5.4.1/../../../../arm-none-eabi/lib/armv7-m\libg_nano.a(lib_a-nano-mallocr.o)
                0x20000124                __malloc_free_list
 *(COMMON)
 COMMON         0x20000128        0x4 ./system/src/stm32f1xx/stm32f1xx_hal.o
                0x20000128                uwTick
 COMMON         0x2000012c        0x4 ./system/src/newlib/_syscalls.o
                0x2000012c                errno
 COMMON         0x20000130       0x40 ./src/main.o
                0x20000130                htim2
 *(.bss_end .bss_end.*)
 .bss_end       0x20000170        0x4 ./system/src/newlib/_startup.o
                0x20000174                . = ALIGN (0x4)
                0x20000174                __bss_end__ = .
                0x20000174                _ebss = .

.noinit_CCMRAM
 *(.noinit.CCMRAM .noinit.CCMRAM.*)

.noinit         0x20000174        0x0
                0x20000174                _noinit = .
 *(.noinit .noinit.*)
                0x20000174                . = ALIGN (0x4)
                0x20000174                _end_noinit = .
                [!provide]                PROVIDE (end, _end_noinit)
                [!provide]                PROVIDE (_end, _end_noinit)
                [!provide]                PROVIDE (__end, _end_noinit)
                [!provide]                PROVIDE (__end__, _end_noinit)

._check_stack   0x20000174      0x100
                0x20000274                . = (. + _Minimum_Stack_Size)
 *fill*         0x20000174      0x100 

.b1text
 *(.b1text)
 *(.b1rodata)
 *(.b1rodata.*)

.eb0text
 *(.eb0text)
 *(.eb0rodata)
 *(.eb0rodata.*)

.eb1text
 *(.eb1text)
 *(.eb1rodata)
 *(.eb1rodata.*)

.eb2text
 *(.eb2text)
 *(.eb2rodata)
 *(.eb2rodata.*)

.eb3text
 *(.eb3text)
 *(.eb3rodata)
 *(.eb3rodata.*)

.stab
 *(.stab)

.stabstr
 *(.stabstr)

.stab.excl
 *(.stab.excl)

.stab.exclstr
 *(.stab.exclstr)

.stab.index
 *(.stab.index)

.stab.indexstr
 *(.stab.indexstr)

.comment        0x00000000       0x6e
 *(.comment)
 .comment       0x00000000       0x6e ./system/src/stm32f1xx/stm32f1xx_hal.o
                                 0x6f (size before relaxing)
 .comment       0x0000006e       0x6f ./system/src/stm32f1xx/stm32f1xx_hal_cortex.o
 .comment       0x0000006e       0x6f ./system/src/stm32f1xx/stm32f1xx_hal_gpio.o
 .comment       0x0000006e       0x6f ./system/src/stm32f1xx/stm32f1xx_hal_rcc.o
 .comment       0x0000006e       0x6f ./system/src/stm32f1xx/stm32f1xx_hal_tim.o
 .comment       0x0000006e       0x6f ./system/src/stm32f1xx/stm32f1xx_hal_tim_ex.o
 .comment       0x0000006e       0x6f ./system/src/newlib/_exit.o
 .comment       0x0000006e       0x6f ./system/src/newlib/_sbrk.o
 .comment       0x0000006e       0x6f ./system/src/newlib/_startup.o
 .comment       0x0000006e       0x6f ./system/src/newlib/_syscalls.o
 .comment       0x0000006e       0x6f ./system/src/diag/Trace.o
 .comment       0x0000006e       0x6f ./system/src/diag/trace_impl.o
 .comment       0x0000006e       0x6f ./system/src/cortexm/_initialize_hardware.o
 .comment       0x0000006e       0x6f ./system/src/cortexm/exception_handlers.o
 .comment       0x0000006e       0x6f ./system/src/cmsis/system_stm32f1xx.o
 .comment       0x0000006e       0x6f ./src/main.o
 .comment       0x0000006e       0x6f ./src/stm32f1xx_hal_msp.o
 .comment       0x0000006e       0x6f ./src/stm32f1xx_it.o

.ARM.attributes
                0x00000000       0x31
 .ARM.attributes
                0x00000000       0x33 ./system/src/stm32f1xx/stm32f1xx_hal.o
 .ARM.attributes
                0x00000033       0x33 ./system/src/stm32f1xx/stm32f1xx_hal_cortex.o
 .ARM.attributes
                0x00000066       0x33 ./system/src/stm32f1xx/stm32f1xx_hal_gpio.o
 .ARM.attributes
                0x00000099       0x33 ./system/src/stm32f1xx/stm32f1xx_hal_rcc.o
 .ARM.attributes
                0x000000cc       0x33 ./system/src/stm32f1xx/stm32f1xx_hal_tim.o
 .ARM.attributes
                0x000000ff       0x33 ./system/src/stm32f1xx/stm32f1xx_hal_tim_ex.o
 .ARM.attributes
                0x00000132       0x33 ./system/src/newlib/_exit.o
 .ARM.attributes
                0x00000165       0x33 ./system/src/newlib/_sbrk.o
 .ARM.attributes
                0x00000198       0x33 ./system/src/newlib/_startup.o
 .ARM.attributes
                0x000001cb       0x33 ./system/src/newlib/_syscalls.o
 .ARM.attributes
                0x000001fe       0x33 ./system/src/diag/Trace.o
 .ARM.attributes
                0x00000231       0x33 ./system/src/diag/trace_impl.o
 .ARM.attributes
                0x00000264       0x33 ./system/src/cortexm/_initialize_hardware.o
 .ARM.attributes
                0x00000297       0x33 ./system/src/cortexm/exception_handlers.o
 .ARM.attributes
                0x000002ca       0x21 ./system/src/cmsis/startup_stm32f103xb.o
 .ARM.attributes
                0x000002eb       0x33 ./system/src/cmsis/system_stm32f1xx.o
 .ARM.attributes
                0x0000031e       0x33 ./src/main.o
 .ARM.attributes
                0x00000351       0x33 ./src/stm32f1xx_hal_msp.o
 .ARM.attributes
                0x00000384       0x33 ./src/stm32f1xx_it.o
 .ARM.attributes
                0x000003b7       0x2d e:/stm32toolchain/gcc-arm/bin/../lib/gcc/arm-none-eabi/5.4.1/../../../../arm-none-eabi/lib/armv7-m\libg_nano.a(lib_a-errno.o)
 .ARM.attributes
                0x000003e4       0x2d e:/stm32toolchain/gcc-arm/bin/../lib/gcc/arm-none-eabi/5.4.1/../../../../arm-none-eabi/lib/armv7-m\libg_nano.a(lib_a-impure.o)
 .ARM.attributes
                0x00000411       0x2d e:/stm32toolchain/gcc-arm/bin/../lib/gcc/arm-none-eabi/5.4.1/../../../../arm-none-eabi/lib/armv7-m\libg_nano.a(lib_a-memcpy-stub.o)
 .ARM.attributes
                0x0000043e       0x2d e:/stm32toolchain/gcc-arm/bin/../lib/gcc/arm-none-eabi/5.4.1/../../../../arm-none-eabi/lib/armv7-m\libg_nano.a(lib_a-memset.o)
 .ARM.attributes
                0x0000046b       0x2d e:/stm32toolchain/gcc-arm/bin/../lib/gcc/arm-none-eabi/5.4.1/../../../../arm-none-eabi/lib/armv7-m\libg_nano.a(lib_a-vsnprintf.o)
 .ARM.attributes
                0x00000498       0x2d e:/stm32toolchain/gcc-arm/bin/../lib/gcc/arm-none-eabi/5.4.1/../../../../arm-none-eabi/lib/armv7-m\libg_nano.a(lib_a-nano-svfprintf.o)
 .ARM.attributes
                0x000004c5       0x2d e:/stm32toolchain/gcc-arm/bin/../lib/gcc/arm-none-eabi/5.4.1/../../../../arm-none-eabi/lib/armv7-m\libg_nano.a(lib_a-nano-vfprintf_i.o)
 .ARM.attributes
                0x000004f2       0x2d e:/stm32toolchain/gcc-arm/bin/../lib/gcc/arm-none-eabi/5.4.1/../../../../arm-none-eabi/lib/armv7-m\libg_nano.a(lib_a-memchr-stub.o)
 .ARM.attributes
                0x0000051f       0x2d e:/stm32toolchain/gcc-arm/bin/../lib/gcc/arm-none-eabi/5.4.1/../../../../arm-none-eabi/lib/armv7-m\libg_nano.a(lib_a-memmove.o)
 .ARM.attributes
                0x0000054c       0x2d e:/stm32toolchain/gcc-arm/bin/../lib/gcc/arm-none-eabi/5.4.1/../../../../arm-none-eabi/lib/armv7-m\libg_nano.a(lib_a-nano-freer.o)
 .ARM.attributes
                0x00000579       0x2d e:/stm32toolchain/gcc-arm/bin/../lib/gcc/arm-none-eabi/5.4.1/../../../../arm-none-eabi/lib/armv7-m\libg_nano.a(lib_a-nano-mallocr.o)
 .ARM.attributes
                0x000005a6       0x2d e:/stm32toolchain/gcc-arm/bin/../lib/gcc/arm-none-eabi/5.4.1/../../../../arm-none-eabi/lib/armv7-m\libg_nano.a(lib_a-nano-reallocr.o)
 .ARM.attributes
                0x000005d3       0x2d e:/stm32toolchain/gcc-arm/bin/../lib/gcc/arm-none-eabi/5.4.1/../../../../arm-none-eabi/lib/armv7-m\libg_nano.a(lib_a-sbrkr.o)
 .ARM.attributes
                0x00000600       0x2d e:/stm32toolchain/gcc-arm/bin/../lib/gcc/arm-none-eabi/5.4.1/../../../../arm-none-eabi/lib/armv7-m\libg_nano.a(lib_a-mlock.o)
 .ARM.attributes
                0x0000062d       0x2d e:/stm32toolchain/gcc-arm/bin/../lib/gcc/arm-none-eabi/5.4.1/../../../../arm-none-eabi/lib/armv7-m\libg_nano.a(lib_a-nano-msizer.o)

.debug
 *(.debug)

.line
 *(.line)

.debug_srcinfo
 *(.debug_srcinfo)

.debug_sfnames
 *(.debug_sfnames)

.debug_aranges  0x00000000      0x9f0
 *(.debug_aranges)
 .debug_aranges
                0x00000000       0xd0 ./system/src/stm32f1xx/stm32f1xx_hal.o
 .debug_aranges
                0x000000d0       0x90 ./system/src/stm32f1xx/stm32f1xx_hal_cortex.o
 .debug_aranges
                0x00000160       0x58 ./system/src/stm32f1xx/stm32f1xx_hal_gpio.o
 .debug_aranges
                0x000001b8       0x90 ./system/src/stm32f1xx/stm32f1xx_hal_rcc.o
 .debug_aranges
                0x00000248      0x368 ./system/src/stm32f1xx/stm32f1xx_hal_tim.o
 .debug_aranges
                0x000005b0      0x138 ./system/src/stm32f1xx/stm32f1xx_hal_tim_ex.o
 .debug_aranges
                0x000006e8       0x28 ./system/src/newlib/_exit.o
 .debug_aranges
                0x00000710       0x20 ./system/src/newlib/_sbrk.o
 .debug_aranges
                0x00000730       0x40 ./system/src/newlib/_startup.o
 .debug_aranges
                0x00000770       0x30 ./system/src/newlib/_syscalls.o
 .debug_aranges
                0x000007a0       0x38 ./system/src/diag/Trace.o
 .debug_aranges
                0x000007d8       0x30 ./system/src/diag/trace_impl.o
 .debug_aranges
                0x00000808       0x28 ./system/src/cortexm/_initialize_hardware.o
 .debug_aranges
                0x00000830       0x90 ./system/src/cortexm/exception_handlers.o
 .debug_aranges
                0x000008c0       0x28 ./system/src/cmsis/startup_stm32f103xb.o
 .debug_aranges
                0x000008e8       0x28 ./system/src/cmsis/system_stm32f1xx.o
 .debug_aranges
                0x00000910       0x48 ./src/main.o
 .debug_aranges
                0x00000958       0x30 ./src/stm32f1xx_hal_msp.o
 .debug_aranges
                0x00000988       0x68 ./src/stm32f1xx_it.o

.debug_pubnames
 *(.debug_pubnames)

.debug_info     0x00000000     0x9acc
 *(.debug_info .gnu.linkonce.wi.*)
 .debug_info    0x00000000      0x71e ./system/src/stm32f1xx/stm32f1xx_hal.o
 .debug_info    0x0000071e      0xc0d ./system/src/stm32f1xx/stm32f1xx_hal_cortex.o
 .debug_info    0x0000132b      0x5e7 ./system/src/stm32f1xx/stm32f1xx_hal_gpio.o
 .debug_info    0x00001912      0x9b1 ./system/src/stm32f1xx/stm32f1xx_hal_rcc.o
 .debug_info    0x000022c3     0x2dc3 ./system/src/stm32f1xx/stm32f1xx_hal_tim.o
 .debug_info    0x00005086     0x1207 ./system/src/stm32f1xx/stm32f1xx_hal_tim_ex.o
 .debug_info    0x0000628d       0xef ./system/src/newlib/_exit.o
 .debug_info    0x0000637c      0x11f ./system/src/newlib/_sbrk.o
 .debug_info    0x0000649b      0x455 ./system/src/newlib/_startup.o
 .debug_info    0x000068f0      0x1c7 ./system/src/newlib/_syscalls.o
 .debug_info    0x00006ab7      0x2e7 ./system/src/diag/Trace.o
 .debug_info    0x00006d9e      0x30b ./system/src/diag/trace_impl.o
 .debug_info    0x000070a9      0x2b1 ./system/src/cortexm/_initialize_hardware.o
 .debug_info    0x0000735a      0x8da ./system/src/cortexm/exception_handlers.o
 .debug_info    0x00007c34       0x76 ./system/src/cmsis/startup_stm32f103xb.o
 .debug_info    0x00007caa      0x3bc ./system/src/cmsis/system_stm32f1xx.o
 .debug_info    0x00008066      0xbb1 ./src/main.o
 .debug_info    0x00008c17      0x8a2 ./src/stm32f1xx_hal_msp.o
 .debug_info    0x000094b9      0x613 ./src/stm32f1xx_it.o

.debug_abbrev   0x00000000     0x1e07
 *(.debug_abbrev)
 .debug_abbrev  0x00000000      0x1f5 ./system/src/stm32f1xx/stm32f1xx_hal.o
 .debug_abbrev  0x000001f5      0x2d9 ./system/src/stm32f1xx/stm32f1xx_hal_cortex.o
 .debug_abbrev  0x000004ce      0x1cd ./system/src/stm32f1xx/stm32f1xx_hal_gpio.o
 .debug_abbrev  0x0000069b      0x273 ./system/src/stm32f1xx/stm32f1xx_hal_rcc.o
 .debug_abbrev  0x0000090e      0x22a ./system/src/stm32f1xx/stm32f1xx_hal_tim.o
 .debug_abbrev  0x00000b38      0x21b ./system/src/stm32f1xx/stm32f1xx_hal_tim_ex.o
 .debug_abbrev  0x00000d53       0x8e ./system/src/newlib/_exit.o
 .debug_abbrev  0x00000de1       0xb9 ./system/src/newlib/_sbrk.o
 .debug_abbrev  0x00000e9a      0x1ac ./system/src/newlib/_startup.o
 .debug_abbrev  0x00001046       0xec ./system/src/newlib/_syscalls.o
 .debug_abbrev  0x00001132      0x156 ./system/src/diag/Trace.o
 .debug_abbrev  0x00001288      0x1c8 ./system/src/diag/trace_impl.o
 .debug_abbrev  0x00001450       0xea ./system/src/cortexm/_initialize_hardware.o
 .debug_abbrev  0x0000153a      0x247 ./system/src/cortexm/exception_handlers.o
 .debug_abbrev  0x00001781       0x12 ./system/src/cmsis/startup_stm32f103xb.o
 .debug_abbrev  0x00001793      0x125 ./system/src/cmsis/system_stm32f1xx.o
 .debug_abbrev  0x000018b8      0x22f ./src/main.o
 .debug_abbrev  0x00001ae7      0x198 ./src/stm32f1xx_hal_msp.o
 .debug_abbrev  0x00001c7f      0x188 ./src/stm32f1xx_it.o

.debug_line     0x00000000     0x634f
 *(.debug_line)
 .debug_line    0x00000000      0x67d ./system/src/stm32f1xx/stm32f1xx_hal.o
 .debug_line    0x0000067d      0x66c ./system/src/stm32f1xx/stm32f1xx_hal_cortex.o
 .debug_line    0x00000ce9      0x656 ./system/src/stm32f1xx/stm32f1xx_hal_gpio.o
 .debug_line    0x0000133f      0x7b3 ./system/src/stm32f1xx/stm32f1xx_hal_rcc.o
 .debug_line    0x00001af2     0x1361 ./system/src/stm32f1xx/stm32f1xx_hal_tim.o
 .debug_line    0x00002e53      0xa2d ./system/src/stm32f1xx/stm32f1xx_hal_tim_ex.o
 .debug_line    0x00003880      0x2c1 ./system/src/newlib/_exit.o
 .debug_line    0x00003b41      0x272 ./system/src/newlib/_sbrk.o
 .debug_line    0x00003db3      0x328 ./system/src/newlib/_startup.o
 .debug_line    0x000040db      0x36e ./system/src/newlib/_syscalls.o
 .debug_line    0x00004449      0x32f ./system/src/diag/Trace.o
 .debug_line    0x00004778      0x3db ./system/src/diag/trace_impl.o
 .debug_line    0x00004b53      0x188 ./system/src/cortexm/_initialize_hardware.o
 .debug_line    0x00004cdb      0x484 ./system/src/cortexm/exception_handlers.o
 .debug_line    0x0000515f       0x86 ./system/src/cmsis/startup_stm32f103xb.o
 .debug_line    0x000051e5      0x190 ./system/src/cmsis/system_stm32f1xx.o
 .debug_line    0x00005375      0x55b ./src/main.o
 .debug_line    0x000058d0      0x506 ./src/stm32f1xx_hal_msp.o
 .debug_line    0x00005dd6      0x579 ./src/stm32f1xx_it.o

.debug_frame    0x00000000     0x1b40
 *(.debug_frame)
 .debug_frame   0x00000000      0x1ac ./system/src/stm32f1xx/stm32f1xx_hal.o
 .debug_frame   0x000001ac      0x124 ./system/src/stm32f1xx/stm32f1xx_hal_cortex.o
 .debug_frame   0x000002d0       0xc4 ./system/src/stm32f1xx/stm32f1xx_hal_gpio.o
 .debug_frame   0x00000394      0x170 ./system/src/stm32f1xx/stm32f1xx_hal_rcc.o
 .debug_frame   0x00000504      0x9cc ./system/src/stm32f1xx/stm32f1xx_hal_tim.o
 .debug_frame   0x00000ed0      0x3a0 ./system/src/stm32f1xx/stm32f1xx_hal_tim_ex.o
 .debug_frame   0x00001270       0x38 ./system/src/newlib/_exit.o
 .debug_frame   0x000012a8       0x28 ./system/src/newlib/_sbrk.o
 .debug_frame   0x000012d0       0x7c ./system/src/newlib/_startup.o
 .debug_frame   0x0000134c       0x50 ./system/src/newlib/_syscalls.o
 .debug_frame   0x0000139c       0x94 ./system/src/diag/Trace.o
 .debug_frame   0x00001430       0x60 ./system/src/diag/trace_impl.o
 .debug_frame   0x00001490       0x40 ./system/src/cortexm/_initialize_hardware.o
 .debug_frame   0x000014d0      0x158 ./system/src/cortexm/exception_handlers.o
 .debug_frame   0x00001628       0x30 ./system/src/cmsis/system_stm32f1xx.o
 .debug_frame   0x00001658       0xbc ./src/main.o
 .debug_frame   0x00001714       0x60 ./src/stm32f1xx_hal_msp.o
 .debug_frame   0x00001774       0xc0 ./src/stm32f1xx_it.o
 .debug_frame   0x00001834       0x20 e:/stm32toolchain/gcc-arm/bin/../lib/gcc/arm-none-eabi/5.4.1/../../../../arm-none-eabi/lib/armv7-m\libg_nano.a(lib_a-errno.o)
 .debug_frame   0x00001854       0x28 e:/stm32toolchain/gcc-arm/bin/../lib/gcc/arm-none-eabi/5.4.1/../../../../arm-none-eabi/lib/armv7-m\libg_nano.a(lib_a-memcpy-stub.o)
 .debug_frame   0x0000187c       0x20 e:/stm32toolchain/gcc-arm/bin/../lib/gcc/arm-none-eabi/5.4.1/../../../../arm-none-eabi/lib/armv7-m\libg_nano.a(lib_a-memset.o)
 .debug_frame   0x0000189c       0x48 e:/stm32toolchain/gcc-arm/bin/../lib/gcc/arm-none-eabi/5.4.1/../../../../arm-none-eabi/lib/armv7-m\libg_nano.a(lib_a-vsnprintf.o)
 .debug_frame   0x000018e4       0x90 e:/stm32toolchain/gcc-arm/bin/../lib/gcc/arm-none-eabi/5.4.1/../../../../arm-none-eabi/lib/armv7-m\libg_nano.a(lib_a-nano-svfprintf.o)
 .debug_frame   0x00001974       0x60 e:/stm32toolchain/gcc-arm/bin/../lib/gcc/arm-none-eabi/5.4.1/../../../../arm-none-eabi/lib/armv7-m\libg_nano.a(lib_a-nano-vfprintf_i.o)
 .debug_frame   0x000019d4       0x28 e:/stm32toolchain/gcc-arm/bin/../lib/gcc/arm-none-eabi/5.4.1/../../../../arm-none-eabi/lib/armv7-m\libg_nano.a(lib_a-memchr-stub.o)
 .debug_frame   0x000019fc       0x28 e:/stm32toolchain/gcc-arm/bin/../lib/gcc/arm-none-eabi/5.4.1/../../../../arm-none-eabi/lib/armv7-m\libg_nano.a(lib_a-memmove.o)
 .debug_frame   0x00001a24       0x38 e:/stm32toolchain/gcc-arm/bin/../lib/gcc/arm-none-eabi/5.4.1/../../../../arm-none-eabi/lib/armv7-m\libg_nano.a(lib_a-nano-freer.o)
 .debug_frame   0x00001a5c       0x2c e:/stm32toolchain/gcc-arm/bin/../lib/gcc/arm-none-eabi/5.4.1/../../../../arm-none-eabi/lib/armv7-m\libg_nano.a(lib_a-nano-mallocr.o)
 .debug_frame   0x00001a88       0x3c e:/stm32toolchain/gcc-arm/bin/../lib/gcc/arm-none-eabi/5.4.1/../../../../arm-none-eabi/lib/armv7-m\libg_nano.a(lib_a-nano-reallocr.o)
 .debug_frame   0x00001ac4       0x2c e:/stm32toolchain/gcc-arm/bin/../lib/gcc/arm-none-eabi/5.4.1/../../../../arm-none-eabi/lib/armv7-m\libg_nano.a(lib_a-sbrkr.o)
 .debug_frame   0x00001af0       0x30 e:/stm32toolchain/gcc-arm/bin/../lib/gcc/arm-none-eabi/5.4.1/../../../../arm-none-eabi/lib/armv7-m\libg_nano.a(lib_a-mlock.o)
 .debug_frame   0x00001b20       0x20 e:/stm32toolchain/gcc-arm/bin/../lib/gcc/arm-none-eabi/5.4.1/../../../../arm-none-eabi/lib/armv7-m\libg_nano.a(lib_a-nano-msizer.o)

.debug_str      0x00000000    0x71362
 *(.debug_str)
 .debug_str     0x00000000    0x6c538 ./system/src/stm32f1xx/stm32f1xx_hal.o
                              0x6c8d7 (size before relaxing)
 .debug_str     0x0006c538      0x2dd ./system/src/stm32f1xx/stm32f1xx_hal_cortex.o
                              0x6c824 (size before relaxing)
 .debug_str     0x0006c815      0x3a2 ./system/src/stm32f1xx/stm32f1xx_hal_gpio.o
                              0x6c558 (size before relaxing)
 .debug_str     0x0006cbb7      0x378 ./system/src/stm32f1xx/stm32f1xx_hal_rcc.o
                              0x6c5e1 (size before relaxing)
 .debug_str     0x0006cf2f     0x10d7 ./system/src/stm32f1xx/stm32f1xx_hal_tim.o
                              0x6d2ad (size before relaxing)
 .debug_str     0x0006e006      0x4e5 ./system/src/stm32f1xx/stm32f1xx_hal_tim_ex.o
                              0x6cb4f (size before relaxing)
 .debug_str     0x0006e4eb     0x10b6 ./system/src/newlib/_exit.o
                               0x6e5b (size before relaxing)
 .debug_str     0x0006f5a1      0x4de ./system/src/newlib/_sbrk.o
                               0x6246 (size before relaxing)
 .debug_str     0x0006fa7f      0x266 ./system/src/newlib/_startup.o
                               0x5dfb (size before relaxing)
 .debug_str     0x0006fce5      0xe18 ./system/src/newlib/_syscalls.o
                               0x70a6 (size before relaxing)
 .debug_str     0x00070afd      0x176 ./system/src/diag/Trace.o
                               0x764b (size before relaxing)
 .debug_str     0x00070c73      0x36d ./system/src/diag/trace_impl.o
                              0x58c58 (size before relaxing)
 .debug_str     0x00070fe0       0x5e ./system/src/cortexm/_initialize_hardware.o
                              0x54e12 (size before relaxing)
 .debug_str     0x0007103e      0x19d ./system/src/cortexm/exception_handlers.o
                              0x59a1a (size before relaxing)
 .debug_str     0x000711db       0x7b ./system/src/cmsis/system_stm32f1xx.o
                              0x54e84 (size before relaxing)
 .debug_str     0x00071256       0xaf ./src/main.o
                              0x6c8f5 (size before relaxing)
 .debug_str     0x00071305       0x25 ./src/stm32f1xx_hal_msp.o
                              0x6c8e4 (size before relaxing)
 .debug_str     0x0007132a       0x38 ./src/stm32f1xx_it.o
                              0x6c5ef (size before relaxing)

.debug_loc      0x00000000     0x58a8
 *(.debug_loc)
 .debug_loc     0x00000000      0x108 ./system/src/stm32f1xx/stm32f1xx_hal.o
 .debug_loc     0x00000108      0x527 ./system/src/stm32f1xx/stm32f1xx_hal_cortex.o
 .debug_loc     0x0000062f      0x377 ./system/src/stm32f1xx/stm32f1xx_hal_gpio.o
 .debug_loc     0x000009a6      0x565 ./system/src/stm32f1xx/stm32f1xx_hal_rcc.o
 .debug_loc     0x00000f0b     0x329a ./system/src/stm32f1xx/stm32f1xx_hal_tim.o
 .debug_loc     0x000041a5      0xd46 ./system/src/stm32f1xx/stm32f1xx_hal_tim_ex.o
 .debug_loc     0x00004eeb       0x82 ./system/src/newlib/_sbrk.o
 .debug_loc     0x00004f6d      0x265 ./system/src/newlib/_startup.o
 .debug_loc     0x000051d2       0x63 ./system/src/newlib/_syscalls.o
 .debug_loc     0x00005235      0x102 ./system/src/diag/Trace.o
 .debug_loc     0x00005337      0x17c ./system/src/diag/trace_impl.o
 .debug_loc     0x000054b3      0x2a8 ./system/src/cortexm/exception_handlers.o
 .debug_loc     0x0000575b       0xdf ./system/src/cmsis/system_stm32f1xx.o
 .debug_loc     0x0000583a       0x21 ./src/main.o
 .debug_loc     0x0000585b       0x4d ./src/stm32f1xx_hal_msp.o

.debug_macinfo
 *(.debug_macinfo)

.debug_weaknames
 *(.debug_weaknames)

.debug_funcnames
 *(.debug_funcnames)

.debug_typenames
 *(.debug_typenames)

.debug_varnames
 *(.debug_varnames)
OUTPUT(bldc-1.elf elf32-littlearm)

.debug_ranges   0x00000000      0x928
 .debug_ranges  0x00000000       0xc0 ./system/src/stm32f1xx/stm32f1xx_hal.o
 .debug_ranges  0x000000c0       0x80 ./system/src/stm32f1xx/stm32f1xx_hal_cortex.o
 .debug_ranges  0x00000140       0x48 ./system/src/stm32f1xx/stm32f1xx_hal_gpio.o
 .debug_ranges  0x00000188       0x98 ./system/src/stm32f1xx/stm32f1xx_hal_rcc.o
 .debug_ranges  0x00000220      0x358 ./system/src/stm32f1xx/stm32f1xx_hal_tim.o
 .debug_ranges  0x00000578      0x128 ./system/src/stm32f1xx/stm32f1xx_hal_tim_ex.o
 .debug_ranges  0x000006a0       0x18 ./system/src/newlib/_exit.o
 .debug_ranges  0x000006b8       0x10 ./system/src/newlib/_sbrk.o
 .debug_ranges  0x000006c8       0x48 ./system/src/newlib/_startup.o
 .debug_ranges  0x00000710       0x20 ./system/src/newlib/_syscalls.o
 .debug_ranges  0x00000730       0x28 ./system/src/diag/Trace.o
 .debug_ranges  0x00000758       0x38 ./system/src/diag/trace_impl.o
 .debug_ranges  0x00000790       0x18 ./system/src/cortexm/_initialize_hardware.o
 .debug_ranges  0x000007a8       0x98 ./system/src/cortexm/exception_handlers.o
 .debug_ranges  0x00000840       0x20 ./system/src/cmsis/startup_stm32f103xb.o
 .debug_ranges  0x00000860       0x18 ./system/src/cmsis/system_stm32f1xx.o
 .debug_ranges  0x00000878       0x38 ./src/main.o
 .debug_ranges  0x000008b0       0x20 ./src/stm32f1xx_hal_msp.o
 .debug_ranges  0x000008d0       0x58 ./src/stm32f1xx_it.o

.debug_macro    0x00000000    0x15fc0
 .debug_macro   0x00000000      0x2cc ./system/src/stm32f1xx/stm32f1xx_hal.o
 .debug_macro   0x000002cc      0x87a ./system/src/stm32f1xx/stm32f1xx_hal.o
 .debug_macro   0x00000b46      0x169 ./system/src/stm32f1xx/stm32f1xx_hal.o
 .debug_macro   0x00000caf       0x2e ./system/src/stm32f1xx/stm32f1xx_hal.o
 .debug_macro   0x00000cdd       0x22 ./system/src/stm32f1xx/stm32f1xx_hal.o
 .debug_macro   0x00000cff      0x34e ./system/src/stm32f1xx/stm32f1xx_hal.o
 .debug_macro   0x0000104d       0x34 ./system/src/stm32f1xx/stm32f1xx_hal.o
 .debug_macro   0x00001081       0x34 ./system/src/stm32f1xx/stm32f1xx_hal.o
 .debug_macro   0x000010b5      0xb8e ./system/src/stm32f1xx/stm32f1xx_hal.o
 .debug_macro   0x00001c43     0xe911 ./system/src/stm32f1xx/stm32f1xx_hal.o
 .debug_macro   0x00010554       0x43 ./system/src/stm32f1xx/stm32f1xx_hal.o
 .debug_macro   0x00010597       0x22 ./system/src/stm32f1xx/stm32f1xx_hal.o
 .debug_macro   0x000105b9       0x4c ./system/src/stm32f1xx/stm32f1xx_hal.o
 .debug_macro   0x00010605       0x8d ./system/src/stm32f1xx/stm32f1xx_hal.o
 .debug_macro   0x00010692       0x35 ./system/src/stm32f1xx/stm32f1xx_hal.o
 .debug_macro   0x000106c7       0x9c ./system/src/stm32f1xx/stm32f1xx_hal.o
 .debug_macro   0x00010763       0x16 ./system/src/stm32f1xx/stm32f1xx_hal.o
 .debug_macro   0x00010779       0x4a ./system/src/stm32f1xx/stm32f1xx_hal.o
 .debug_macro   0x000107c3       0x97 ./system/src/stm32f1xx/stm32f1xx_hal.o
 .debug_macro   0x0001085a      0x30d ./system/src/stm32f1xx/stm32f1xx_hal.o
 .debug_macro   0x00010b67       0xfd ./system/src/stm32f1xx/stm32f1xx_hal.o
 .debug_macro   0x00010c64       0x10 ./system/src/stm32f1xx/stm32f1xx_hal.o
 .debug_macro   0x00010c74       0x52 ./system/src/stm32f1xx/stm32f1xx_hal.o
 .debug_macro   0x00010cc6       0x1f ./system/src/stm32f1xx/stm32f1xx_hal.o
 .debug_macro   0x00010ce5       0x43 ./system/src/stm32f1xx/stm32f1xx_hal.o
 .debug_macro   0x00010d28       0x20 ./system/src/stm32f1xx/stm32f1xx_hal.o
 .debug_macro   0x00010d48      0x187 ./system/src/stm32f1xx/stm32f1xx_hal.o
 .debug_macro   0x00010ecf       0x10 ./system/src/stm32f1xx/stm32f1xx_hal.o
 .debug_macro   0x00010edf       0x5e ./system/src/stm32f1xx/stm32f1xx_hal.o
 .debug_macro   0x00010f3d       0x1c ./system/src/stm32f1xx/stm32f1xx_hal.o
 .debug_macro   0x00010f59       0x52 ./system/src/stm32f1xx/stm32f1xx_hal.o
 .debug_macro   0x00010fab       0x40 ./system/src/stm32f1xx/stm32f1xx_hal.o
 .debug_macro   0x00010feb       0x10 ./system/src/stm32f1xx/stm32f1xx_hal.o
 .debug_macro   0x00010ffb       0x40 ./system/src/stm32f1xx/stm32f1xx_hal.o
 .debug_macro   0x0001103b       0xd7 ./system/src/stm32f1xx/stm32f1xx_hal.o
 .debug_macro   0x00011112       0x16 ./system/src/stm32f1xx/stm32f1xx_hal.o
 .debug_macro   0x00011128      0x18b ./system/src/stm32f1xx/stm32f1xx_hal.o
 .debug_macro   0x000112b3       0x57 ./system/src/stm32f1xx/stm32f1xx_hal.o
 .debug_macro   0x0001130a      0x5c2 ./system/src/stm32f1xx/stm32f1xx_hal.o
 .debug_macro   0x000118cc      0x28a ./system/src/stm32f1xx/stm32f1xx_hal.o
 .debug_macro   0x00011b56      0x1cb ./system/src/stm32f1xx/stm32f1xx_hal.o
 .debug_macro   0x00011d21      0x11e ./system/src/stm32f1xx/stm32f1xx_hal.o
 .debug_macro   0x00011e3f      0x1b3 ./system/src/stm32f1xx/stm32f1xx_hal.o
 .debug_macro   0x00011ff2       0x27 ./system/src/stm32f1xx/stm32f1xx_hal.o
 .debug_macro   0x00012019      0x1bc ./system/src/stm32f1xx/stm32f1xx_hal.o
 .debug_macro   0x000121d5       0x34 ./system/src/stm32f1xx/stm32f1xx_hal.o
 .debug_macro   0x00012209       0x3c ./system/src/stm32f1xx/stm32f1xx_hal.o
 .debug_macro   0x00012245       0x57 ./system/src/stm32f1xx/stm32f1xx_hal.o
 .debug_macro   0x0001229c       0x8c ./system/src/stm32f1xx/stm32f1xx_hal.o
 .debug_macro   0x00012328      0x242 ./system/src/stm32f1xx/stm32f1xx_hal.o
 .debug_macro   0x0001256a      0x143 ./system/src/stm32f1xx/stm32f1xx_hal.o
 .debug_macro   0x000126ad      0x853 ./system/src/stm32f1xx/stm32f1xx_hal.o
 .debug_macro   0x00012f00       0x1f ./system/src/stm32f1xx/stm32f1xx_hal.o
 .debug_macro   0x00012f1f       0x83 ./system/src/stm32f1xx/stm32f1xx_hal.o
 .debug_macro   0x00012fa2      0x2a8 ./system/src/stm32f1xx/stm32f1xx_hal_cortex.o
 .debug_macro   0x0001324a      0x318 ./system/src/stm32f1xx/stm32f1xx_hal_gpio.o
 .debug_macro   0x00013562      0x2ba ./system/src/stm32f1xx/stm32f1xx_hal_rcc.o
 .debug_macro   0x0001381c      0x2a8 ./system/src/stm32f1xx/stm32f1xx_hal_tim.o
 .debug_macro   0x00013ac4      0x2a8 ./system/src/stm32f1xx/stm32f1xx_hal_tim_ex.o
 .debug_macro   0x00013d6c      0x19c ./system/src/newlib/_exit.o
 .debug_macro   0x00013f08      0x10e ./system/src/newlib/_exit.o
 .debug_macro   0x00014016       0x8d ./system/src/newlib/_exit.o
 .debug_macro   0x000140a3       0x35 ./system/src/newlib/_exit.o
 .debug_macro   0x000140d8      0x151 ./system/src/newlib/_sbrk.o
 .debug_macro   0x00014229      0x174 ./system/src/newlib/_sbrk.o
 .debug_macro   0x0001439d       0x10 ./system/src/newlib/_sbrk.o
 .debug_macro   0x000143ad      0x23b ./system/src/newlib/_sbrk.o
 .debug_macro   0x000145e8      0x15b ./system/src/newlib/_startup.o
 .debug_macro   0x00014743      0x1ff ./system/src/newlib/_syscalls.o
 .debug_macro   0x00014942       0x1c ./system/src/newlib/_syscalls.o
 .debug_macro   0x0001495e       0x10 ./system/src/newlib/_syscalls.o
 .debug_macro   0x0001496e       0x10 ./system/src/newlib/_syscalls.o
 .debug_macro   0x0001497e       0x10 ./system/src/newlib/_syscalls.o
 .debug_macro   0x0001498e       0x35 ./system/src/newlib/_syscalls.o
 .debug_macro   0x000149c3      0x122 ./system/src/newlib/_syscalls.o
 .debug_macro   0x00014ae5       0x88 ./system/src/newlib/_syscalls.o
 .debug_macro   0x00014b6d       0x2b ./system/src/newlib/_syscalls.o
 .debug_macro   0x00014b98      0x118 ./system/src/newlib/_syscalls.o
 .debug_macro   0x00014cb0      0x159 ./system/src/newlib/_syscalls.o
 .debug_macro   0x00014e09       0x16 ./system/src/newlib/_syscalls.o
 .debug_macro   0x00014e1f      0x1d9 ./system/src/diag/Trace.o
 .debug_macro   0x00014ff8       0x4c ./system/src/diag/Trace.o
 .debug_macro   0x00015044       0x16 ./system/src/diag/Trace.o
 .debug_macro   0x0001505a      0x1e1 ./system/src/diag/trace_impl.o
 .debug_macro   0x0001523b       0x10 ./system/src/diag/trace_impl.o
 .debug_macro   0x0001524b       0xcf ./system/src/diag/trace_impl.o
 .debug_macro   0x0001531a       0xbe ./system/src/diag/trace_impl.o
 .debug_macro   0x000153d8       0x22 ./system/src/diag/trace_impl.o
 .debug_macro   0x000153fa       0x8a ./system/src/cortexm/_initialize_hardware.o
 .debug_macro   0x00015484      0x221 ./system/src/cortexm/exception_handlers.o
 .debug_macro   0x000156a5       0x3a ./system/src/cortexm/exception_handlers.o
 .debug_macro   0x000156df       0x10 ./system/src/cortexm/exception_handlers.o
 .debug_macro   0x000156ef       0x92 ./system/src/cmsis/system_stm32f1xx.o
 .debug_macro   0x00015781      0x2b7 ./src/main.o
 .debug_macro   0x00015a38       0x10 ./src/main.o
 .debug_macro   0x00015a48      0x2b7 ./src/stm32f1xx_hal_msp.o
 .debug_macro   0x00015cff      0x2c1 ./src/stm32f1xx_it.o
