Archive member included to satisfy reference by file (symbol)

e:/stm32toolchain/gcc-arm/bin/../lib/gcc/arm-none-eabi/5.4.1/armv7-m\libgcc.a(_arm_addsubsf3.o)
                              ./src/main.o (__aeabi_ui2f)
e:/stm32toolchain/gcc-arm/bin/../lib/gcc/arm-none-eabi/5.4.1/armv7-m\libgcc.a(_arm_muldivsf3.o)
                              ./src/main.o (__aeabi_fmul)
e:/stm32toolchain/gcc-arm/bin/../lib/gcc/arm-none-eabi/5.4.1/armv7-m\libgcc.a(_arm_fixunssfsi.o)
                              ./src/main.o (__aeabi_f2uiz)
e:/stm32toolchain/gcc-arm/bin/../lib/gcc/arm-none-eabi/5.4.1/armv7-m\libgcc.a(unwind-arm.o)
                              ./system/src/newlib/_cxx.o (__aeabi_unwind_cpp_pr1)
e:/stm32toolchain/gcc-arm/bin/../lib/gcc/arm-none-eabi/5.4.1/armv7-m\libgcc.a(libunwind.o)
                              e:/stm32toolchain/gcc-arm/bin/../lib/gcc/arm-none-eabi/5.4.1/armv7-m\libgcc.a(unwind-arm.o) (restore_core_regs)
e:/stm32toolchain/gcc-arm/bin/../lib/gcc/arm-none-eabi/5.4.1/armv7-m\libgcc.a(pr-support.o)
                              e:/stm32toolchain/gcc-arm/bin/../lib/gcc/arm-none-eabi/5.4.1/armv7-m\libgcc.a(unwind-arm.o) (__gnu_unwind_execute)
e:/stm32toolchain/gcc-arm/bin/../lib/gcc/arm-none-eabi/5.4.1/../../../../arm-none-eabi/lib/armv7-m\libg_nano.a(lib_a-errno.o)
                              ./system/src/newlib/_sbrk.o (__errno)
e:/stm32toolchain/gcc-arm/bin/../lib/gcc/arm-none-eabi/5.4.1/../../../../arm-none-eabi/lib/armv7-m\libg_nano.a(lib_a-impure.o)
                              e:/stm32toolchain/gcc-arm/bin/../lib/gcc/arm-none-eabi/5.4.1/../../../../arm-none-eabi/lib/armv7-m\libg_nano.a(lib_a-errno.o) (_impure_ptr)
e:/stm32toolchain/gcc-arm/bin/../lib/gcc/arm-none-eabi/5.4.1/../../../../arm-none-eabi/lib/armv7-m\libg_nano.a(lib_a-init.o)
                              ./system/src/cmsis/startup_stm32f103xb.o (__libc_init_array)
e:/stm32toolchain/gcc-arm/bin/../lib/gcc/arm-none-eabi/5.4.1/../../../../arm-none-eabi/lib/armv7-m\libg_nano.a(lib_a-memcpy-stub.o)
                              e:/stm32toolchain/gcc-arm/bin/../lib/gcc/arm-none-eabi/5.4.1/armv7-m\libgcc.a(unwind-arm.o) (memcpy)
e:/stm32toolchain/gcc-arm/bin/../lib/gcc/arm-none-eabi/5.4.1/../../../../arm-none-eabi/lib/armv7-m\libg_nano.a(lib_a-memset.o)
                              ./src/main.o (memset)
e:/stm32toolchain/gcc-arm/bin/../lib/gcc/arm-none-eabi/5.4.1/../../../../arm-none-eabi/lib/armv7-m\libg_nano.a(lib_a-strlen.o)
                              ./system/src/diag/Trace.o (strlen)
e:/stm32toolchain/gcc-arm/bin/../lib/gcc/arm-none-eabi/5.4.1/../../../../arm-none-eabi/lib/armv7-m\libg_nano.a(lib_a-vsnprintf.o)
                              ./system/src/diag/Trace.o (vsnprintf)
e:/stm32toolchain/gcc-arm/bin/../lib/gcc/arm-none-eabi/5.4.1/../../../../arm-none-eabi/lib/armv7-m\libg_nano.a(lib_a-nano-svfprintf.o)
                              e:/stm32toolchain/gcc-arm/bin/../lib/gcc/arm-none-eabi/5.4.1/../../../../arm-none-eabi/lib/armv7-m\libg_nano.a(lib_a-vsnprintf.o) (_svfprintf_r)
e:/stm32toolchain/gcc-arm/bin/../lib/gcc/arm-none-eabi/5.4.1/../../../../arm-none-eabi/lib/armv7-m\libg_nano.a(lib_a-nano-vfprintf_i.o)
                              e:/stm32toolchain/gcc-arm/bin/../lib/gcc/arm-none-eabi/5.4.1/../../../../arm-none-eabi/lib/armv7-m\libg_nano.a(lib_a-nano-svfprintf.o) (_printf_i)
e:/stm32toolchain/gcc-arm/bin/../lib/gcc/arm-none-eabi/5.4.1/../../../../arm-none-eabi/lib/armv7-m\libg_nano.a(lib_a-memchr-stub.o)
                              e:/stm32toolchain/gcc-arm/bin/../lib/gcc/arm-none-eabi/5.4.1/../../../../arm-none-eabi/lib/armv7-m\libg_nano.a(lib_a-nano-svfprintf.o) (memchr)
e:/stm32toolchain/gcc-arm/bin/../lib/gcc/arm-none-eabi/5.4.1/../../../../arm-none-eabi/lib/armv7-m\libg_nano.a(lib_a-memmove.o)
                              e:/stm32toolchain/gcc-arm/bin/../lib/gcc/arm-none-eabi/5.4.1/../../../../arm-none-eabi/lib/armv7-m\libg_nano.a(lib_a-nano-svfprintf.o) (memmove)
e:/stm32toolchain/gcc-arm/bin/../lib/gcc/arm-none-eabi/5.4.1/../../../../arm-none-eabi/lib/armv7-m\libg_nano.a(lib_a-nano-freer.o)
                              e:/stm32toolchain/gcc-arm/bin/../lib/gcc/arm-none-eabi/5.4.1/../../../../arm-none-eabi/lib/armv7-m\libg_nano.a(lib_a-nano-svfprintf.o) (_free_r)
e:/stm32toolchain/gcc-arm/bin/../lib/gcc/arm-none-eabi/5.4.1/../../../../arm-none-eabi/lib/armv7-m\libg_nano.a(lib_a-nano-mallocr.o)
                              e:/stm32toolchain/gcc-arm/bin/../lib/gcc/arm-none-eabi/5.4.1/../../../../arm-none-eabi/lib/armv7-m\libg_nano.a(lib_a-nano-svfprintf.o) (_malloc_r)
e:/stm32toolchain/gcc-arm/bin/../lib/gcc/arm-none-eabi/5.4.1/../../../../arm-none-eabi/lib/armv7-m\libg_nano.a(lib_a-nano-reallocr.o)
                              e:/stm32toolchain/gcc-arm/bin/../lib/gcc/arm-none-eabi/5.4.1/../../../../arm-none-eabi/lib/armv7-m\libg_nano.a(lib_a-nano-svfprintf.o) (_realloc_r)
[...]
Memory Configuration

Name             Origin             Length             Attributes
FLASH            0x08000000         0x00020000         xr
RAM              0x20000000         0x00005000         xrw
CCMRAM           0x10000000         0x00000000         xrw
FLASHB1          0x00000000         0x00000000         xr
EXTMEMB0         0x00000000         0x00000000         xr
EXTMEMB1         0x00000000         0x00000000         xr
EXTMEMB2         0x00000000         0x00000000         xr
EXTMEMB3         0x00000000         0x00000000         xr
*default*        0x00000000         0xffffffff

Linker script and memory map

LOAD ./system/src/stm32f1xx/stm32f1xx_hal.o
LOAD ./system/src/stm32f1xx/stm32f1xx_hal_cortex.o
LOAD ./system/src/stm32f1xx/stm32f1xx_hal_dma.o
LOAD ./system/src/stm32f1xx/stm32f1xx_hal_flash.o
LOAD ./system/src/stm32f1xx/stm32f1xx_hal_flash_ex.o
LOAD ./system/src/stm32f1xx/stm32f1xx_hal_gpio.o
LOAD ./system/src/stm32f1xx/stm32f1xx_hal_gpio_ex.o
LOAD ./system/src/stm32f1xx/stm32f1xx_hal_pcd.o
LOAD ./system/src/stm32f1xx/stm32f1xx_hal_pcd_ex.o
LOAD ./system/src/stm32f1xx/stm32f1xx_hal_pwr.o
LOAD ./system/src/stm32f1xx/stm32f1xx_hal_rcc.o
LOAD ./system/src/stm32f1xx/stm32f1xx_hal_rcc_ex.o
LOAD ./system/src/stm32f1xx/stm32f1xx_hal_tim.o
LOAD ./system/src/stm32f1xx/stm32f1xx_hal_tim_ex.o
LOAD ./system/src/stm32f1xx/stm32f1xx_ll_usb.o
LOAD ./system/src/newlib/_cxx.o
LOAD ./system/src/newlib/_exit.o
LOAD ./system/src/newlib/_sbrk.o
LOAD ./system/src/newlib/_startup.o
LOAD ./system/src/newlib/_syscalls.o
LOAD ./system/src/newlib/assert.o
LOAD ./system/src/diag/Trace.o
LOAD ./system/src/diag/trace_impl.o
LOAD ./system/src/cortexm/_initialize_hardware.o
LOAD ./system/src/cortexm/_reset_hardware.o
LOAD ./system/src/cortexm/exception_handlers.o
LOAD ./system/src/cmsis/startup_stm32f103xb.o
LOAD ./system/src/cmsis/system_stm32f1xx.o
LOAD ./src/main.o
LOAD ./src/stm32f1xx_hal_msp.o
LOAD ./src/stm32f1xx_it.o
LOAD e:/stm32toolchain/gcc-arm/bin/../lib/gcc/arm-none-eabi/5.4.1/../../../../arm-none-eabi/lib/armv7-m\libstdc++_nano.a
LOAD e:/stm32toolchain/gcc-arm/bin/../lib/gcc/arm-none-eabi/5.4.1/../../../../arm-none-eabi/lib/armv7-m\libm.a
START GROUP
LOAD e:/stm32toolchain/gcc-arm/bin/../lib/gcc/arm-none-eabi/5.4.1/armv7-m\libgcc.a
LOAD e:/stm32toolchain/gcc-arm/bin/../lib/gcc/arm-none-eabi/5.4.1/../../../../arm-none-eabi/lib/armv7-m\libg_nano.a
LOAD e:/stm32toolchain/gcc-arm/bin/../lib/gcc/arm-none-eabi/5.4.1/../../../../arm-none-eabi/lib/armv7-m\libc_nano.a
END GROUP
START GROUP
LOAD e:/stm32toolchain/gcc-arm/bin/../lib/gcc/arm-none-eabi/5.4.1/armv7-m\libgcc.a
LOAD e:/stm32toolchain/gcc-arm/bin/../lib/gcc/arm-none-eabi/5.4.1/../../../../arm-none-eabi/lib/armv7-m\libc_nano.a
END GROUP
                0x20005000                __stack = (ORIGIN (RAM) + LENGTH (RAM))
                0x20005000                _estack = __stack
                0x00000400                __Main_Stack_Size = 0x400
                [!provide]                PROVIDE (_Main_Stack_Size, __Main_Stack_Size)
                0x20004c00                __Main_Stack_Limit = (__stack - __Main_Stack_Size)
                [!provide]                PROVIDE (_Main_Stack_Limit, __Main_Stack_Limit)
                0x00000100                _Minimum_Stack_Size = 0x100
                0x2000067c                PROVIDE (_Heap_Begin, _end_noinit)
                0x20004c00                PROVIDE (_Heap_Limit, (__stack - __Main_Stack_Size))

.isr_vector     0x08000000      0x350
 FILL mask 0xff
                0x08000000                __vectors_start = ABSOLUTE (.)
                0x08000000                __vectors_start__ = ABSOLUTE (.)
 *(.isr_vector)
 .isr_vector    0x08000000      0x10c ./system/src/cmsis/startup_stm32f103xb.o
                0x08000000                g_pfnVectors
 *(.cfmconfig)
 *(.after_vectors .after_vectors.*)
 .after_vectors
                0x0800010c      0x114 ./system/src/newlib/_startup.o
                0x0800010c                _start
 .after_vectors
                0x08000220      0x130 ./system/src/cortexm/exception_handlers.o
                0x08000220                Reset_Handler
                0x08000240                HardFault_Handler_C
                0x080002b8                BusFault_Handler_C
                0x08000300                UsageFault_Handler_C

.inits          0x08000350       0x28
                0x08000350                __data_regions_array_start = .
                0x08000350        0x4 LONG 0x80033ac LOADADDR (.data)
                0x08000354        0x4 LONG 0x20000000 ADDR (.data)
                0x08000358        0x4 LONG 0x200000a4 (ADDR (.data) + SIZEOF (.data))
                0x0800035c        0x4 LONG 0x80033ac LOADADDR (.data_CCMRAM)
                0x08000360        0x4 LONG 0x10000000 ADDR (.data_CCMRAM)
                0x08000364        0x4 LONG 0x10000000 (ADDR (.data_CCMRAM) + SIZEOF (.data_CCMRAM))
                0x08000368                __data_regions_array_end = .
                0x08000368                __bss_regions_array_start = .
                0x08000368        0x4 LONG 0x200000a4 ADDR (.bss)
                0x0800036c        0x4 LONG 0x2000067c (ADDR (.bss) + SIZEOF (.bss))
                0x08000370        0x4 LONG 0x10000000 ADDR (.bss_CCMRAM)
                0x08000374        0x4 LONG 0x10000000 (ADDR (.bss_CCMRAM) + SIZEOF (.bss_CCMRAM))
                0x08000378                __bss_regions_array_end = .
 *(.init)
 *(.fini)
                0x08000378                . = ALIGN (0x4)
                0x08000378                PROVIDE (__preinit_array_start, .)
 *(.preinit_array_sysinit .preinit_array_sysinit.*)
 *(.preinit_array_platform .preinit_array_platform.*)
 *(.preinit_array .preinit_array.*)
                0x08000378                PROVIDE (__preinit_array_end, .)
                0x08000378                . = ALIGN (0x4)
                0x08000378                PROVIDE (__init_array_start, .)
 *(SORT(.init_array.*))
 *(.init_array)
                0x08000378                PROVIDE (__init_array_end, .)
                0x08000378                . = ALIGN (0x4)
                0x08000378                PROVIDE (__fini_array_start, .)
 *(SORT(.fini_array.*))
 *(.fini_array)
                0x08000378                PROVIDE (__fini_array_end, .)

.flashtext
 *(.flashtext .flashtext.*)

.text           0x08000378     0x3033
 *(.text .text.*)
 .text.HAL_InitTick
                0x08000378       0x4c ./system/src/stm32f1xx/stm32f1xx_hal.o
                0x08000378                HAL_InitTick
 .text.HAL_Init
                0x080003c4       0x24 ./system/src/stm32f1xx/stm32f1xx_hal.o
                0x080003c4                HAL_Init
 .text.HAL_IncTick
                0x080003e8       0x18 ./system/src/stm32f1xx/stm32f1xx_hal.o
                0x080003e8                HAL_IncTick
 .text.HAL_GetTick
                0x08000400        0xc ./system/src/stm32f1xx/stm32f1xx_hal.o
                0x08000400                HAL_GetTick
 .text.HAL_Delay
                0x0800040c       0x28 ./system/src/stm32f1xx/stm32f1xx_hal.o
                0x0800040c                HAL_Delay
 .text.HAL_NVIC_SetPriorityGrouping
                0x08000434       0x24 ./system/src/stm32f1xx/stm32f1xx_hal_cortex.o
                0x08000434                HAL_NVIC_SetPriorityGrouping
 .text.HAL_NVIC_SetPriority
                0x08000458       0x64 ./system/src/stm32f1xx/stm32f1xx_hal_cortex.o
                0x08000458                HAL_NVIC_SetPriority
 .text.HAL_NVIC_EnableIRQ
                0x080004bc       0x18 ./system/src/stm32f1xx/stm32f1xx_hal_cortex.o
                0x080004bc                HAL_NVIC_EnableIRQ
 .text.HAL_SYSTICK_Config
                0x080004d4       0x2c ./system/src/stm32f1xx/stm32f1xx_hal_cortex.o
                0x080004d4                HAL_SYSTICK_Config
 .text.HAL_GPIO_Init
                0x08000500      0x1d8 ./system/src/stm32f1xx/stm32f1xx_hal_gpio.o
                0x08000500                HAL_GPIO_Init
 .text.HAL_GPIO_ReadPin
                0x080006d8       0x10 ./system/src/stm32f1xx/stm32f1xx_hal_gpio.o
                0x080006d8                HAL_GPIO_ReadPin
 .text.HAL_GPIO_WritePin
                0x080006e8        0xc ./system/src/stm32f1xx/stm32f1xx_hal_gpio.o
                0x080006e8                HAL_GPIO_WritePin
 .text.HAL_GPIO_TogglePin
                0x080006f4        0x8 ./system/src/stm32f1xx/stm32f1xx_hal_gpio.o
                0x080006f4                HAL_GPIO_TogglePin
 .text.HAL_PCD_Init
                0x080006fc       0xdc ./system/src/stm32f1xx/stm32f1xx_hal_pcd.o
                0x080006fc                HAL_PCD_Init
 .text.RCC_Delay
                0x080007d8       0x2c ./system/src/stm32f1xx/stm32f1xx_hal_rcc.o
 .text.HAL_RCC_OscConfig
                0x08000804      0x400 ./system/src/stm32f1xx/stm32f1xx_hal_rcc.o
                0x08000804                HAL_RCC_OscConfig
 .text.HAL_RCC_GetSysClockFreq
                0x08000c04       0x70 ./system/src/stm32f1xx/stm32f1xx_hal_rcc.o
                0x08000c04                HAL_RCC_GetSysClockFreq
 .text.HAL_RCC_ClockConfig
                0x08000c74      0x1a8 ./system/src/stm32f1xx/stm32f1xx_hal_rcc.o
                0x08000c74                HAL_RCC_ClockConfig
 .text.HAL_RCCEx_PeriphCLKConfig
                0x08000e1c      0x114 ./system/src/stm32f1xx/stm32f1xx_hal_rcc_ex.o
                0x08000e1c                HAL_RCCEx_PeriphCLKConfig
 .text.TIM_OC1_SetConfig
                0x08000f30       0x58 ./system/src/stm32f1xx/stm32f1xx_hal_tim.o
 .text.TIM_OC3_SetConfig
                0x08000f88       0x60 ./system/src/stm32f1xx/stm32f1xx_hal_tim.o
 .text.TIM_OC4_SetConfig
                0x08000fe8       0x48 ./system/src/stm32f1xx/stm32f1xx_hal_tim.o
 .text.TIM_TI1_ConfigInputStage
                0x08001030       0x24 ./system/src/stm32f1xx/stm32f1xx_hal_tim.o
 .text.TIM_TI2_ConfigInputStage
                0x08001054       0x28 ./system/src/stm32f1xx/stm32f1xx_hal_tim.o
 .text.TIM_ITRx_SetConfig
                0x0800107c       0x10 ./system/src/stm32f1xx/stm32f1xx_hal_tim.o
 .text.TIM_ETR_SetConfig
                0x0800108c       0x18 ./system/src/stm32f1xx/stm32f1xx_hal_tim.o
 .text.HAL_TIM_Base_Start_IT
                0x080010a4       0x18 ./system/src/stm32f1xx/stm32f1xx_hal_tim.o
                0x080010a4                HAL_TIM_Base_Start_IT
 .text.HAL_TIM_PWM_MspInit
                0x080010bc        0x4 ./system/src/stm32f1xx/stm32f1xx_hal_tim.o
                0x080010bc                HAL_TIM_PWM_MspInit
 .text.HAL_TIM_ConfigClockSource
                0x080010c0      0x114 ./system/src/stm32f1xx/stm32f1xx_hal_tim.o
                0x080010c0                HAL_TIM_ConfigClockSource
 .text.HAL_TIM_OC_DelayElapsedCallback
                0x080011d4        0x4 ./system/src/stm32f1xx/stm32f1xx_hal_tim.o
                0x080011d4                HAL_TIM_OC_DelayElapsedCallback
 .text.HAL_TIM_PWM_PulseFinishedCallback
                0x080011d8        0x4 ./system/src/stm32f1xx/stm32f1xx_hal_tim.o
                0x080011d8                HAL_TIM_PWM_PulseFinishedCallback
 .text.HAL_TIM_TriggerCallback
                0x080011dc        0x4 ./system/src/stm32f1xx/stm32f1xx_hal_tim.o
                0x080011dc                HAL_TIM_TriggerCallback
 .text.HAL_TIM_IRQHandler
                0x080011e0      0x174 ./system/src/stm32f1xx/stm32f1xx_hal_tim.o
                0x080011e0                HAL_TIM_IRQHandler
 .text.TIM_Base_SetConfig
                0x08001354       0x70 ./system/src/stm32f1xx/stm32f1xx_hal_tim.o
                0x08001354                TIM_Base_SetConfig
 .text.HAL_TIM_Base_Init
                0x080013c4       0x38 ./system/src/stm32f1xx/stm32f1xx_hal_tim.o
                0x080013c4                HAL_TIM_Base_Init
 .text.HAL_TIM_PWM_Init
                0x080013fc       0x38 ./system/src/stm32f1xx/stm32f1xx_hal_tim.o
                0x080013fc                HAL_TIM_PWM_Init
 .text.TIM_OC2_SetConfig
                0x08001434       0x60 ./system/src/stm32f1xx/stm32f1xx_hal_tim.o
                0x08001434                TIM_OC2_SetConfig
 .text.HAL_TIM_PWM_ConfigChannel
                0x08001494       0xdc ./system/src/stm32f1xx/stm32f1xx_hal_tim.o
                0x08001494                HAL_TIM_PWM_ConfigChannel
 .text.TIM_TI1_SetConfig
                0x08001570       0x6c ./system/src/stm32f1xx/stm32f1xx_hal_tim.o
                0x08001570                TIM_TI1_SetConfig
 .text.TIM_CCxChannelCmd
                0x080015dc       0x1c ./system/src/stm32f1xx/stm32f1xx_hal_tim.o
                0x080015dc                TIM_CCxChannelCmd
 .text.HAL_TIM_PWM_Start
                0x080015f8       0x30 ./system/src/stm32f1xx/stm32f1xx_hal_tim.o
                0x080015f8                HAL_TIM_PWM_Start
 .text.HAL_TIM_PWM_Stop
                0x08001628       0x5c ./system/src/stm32f1xx/stm32f1xx_hal_tim.o
                0x08001628                HAL_TIM_PWM_Stop
 .text.TIM_CCxNChannelCmd
                0x08001684       0x1c ./system/src/stm32f1xx/stm32f1xx_hal_tim_ex.o
 .text.HAL_TIMEx_HallSensor_Init
                0x080016a0       0xc4 ./system/src/stm32f1xx/stm32f1xx_hal_tim_ex.o
                0x080016a0                HAL_TIMEx_HallSensor_Init
 .text.HAL_TIMEx_HallSensor_Start_IT
                0x08001764       0x28 ./system/src/stm32f1xx/stm32f1xx_hal_tim_ex.o
                0x08001764                HAL_TIMEx_HallSensor_Start_IT
 .text.HAL_TIMEx_PWMN_Start
                0x0800178c       0x24 ./system/src/stm32f1xx/stm32f1xx_hal_tim_ex.o
                0x0800178c                HAL_TIMEx_PWMN_Start
 .text.HAL_TIMEx_PWMN_Stop
                0x080017b0       0x4c ./system/src/stm32f1xx/stm32f1xx_hal_tim_ex.o
                0x080017b0                HAL_TIMEx_PWMN_Stop
 .text.HAL_TIMEx_ConfigBreakDeadTime
                0x080017fc       0x58 ./system/src/stm32f1xx/stm32f1xx_hal_tim_ex.o
                0x080017fc                HAL_TIMEx_ConfigBreakDeadTime
 .text.HAL_TIMEx_MasterConfigSynchronization
                0x08001854       0x54 ./system/src/stm32f1xx/stm32f1xx_hal_tim_ex.o
                0x08001854                HAL_TIMEx_MasterConfigSynchronization
 .text.HAL_TIMEx_CommutationCallback
                0x080018a8        0x4 ./system/src/stm32f1xx/stm32f1xx_hal_tim_ex.o
                0x080018a8                HAL_TIMEx_CommutationCallback
 .text.HAL_TIMEx_BreakCallback
                0x080018ac        0x4 ./system/src/stm32f1xx/stm32f1xx_hal_tim_ex.o
                0x080018ac                HAL_TIMEx_BreakCallback
 .text.USB_CoreInit
                0x080018b0       0x10 ./system/src/stm32f1xx/stm32f1xx_ll_usb.o
                0x080018b0                USB_CoreInit
 .text.USB_EnableGlobalInt
                0x080018c0       0x14 ./system/src/stm32f1xx/stm32f1xx_ll_usb.o
                0x080018c0                USB_EnableGlobalInt
 .text.USB_DisableGlobalInt
                0x080018d4       0x14 ./system/src/stm32f1xx/stm32f1xx_ll_usb.o
                0x080018d4                USB_DisableGlobalInt
 .text.USB_SetCurrentMode
                0x080018e8        0x4 ./system/src/stm32f1xx/stm32f1xx_ll_usb.o
                0x080018e8                USB_SetCurrentMode
 .text.USB_DevInit
                0x080018ec       0x2c ./system/src/stm32f1xx/stm32f1xx_ll_usb.o
                0x080018ec                USB_DevInit
 .text.USB_DevDisconnect
                0x08001918        0x4 ./system/src/stm32f1xx/stm32f1xx_ll_usb.o
                0x08001918                USB_DevDisconnect
 .text._exit    0x0800191c        0x4 ./system/src/newlib/_exit.o
                0x0800191c                _exit
 .text._sbrk    0x08001920       0x44 ./system/src/newlib/_sbrk.o
                0x08001920                _sbrk
 .text.__initialize_args
                0x08001964       0x10 ./system/src/newlib/_syscalls.o
                0x08001964                __initialize_args
 .text.trace_printf
                0x08001974       0x30 ./system/src/diag/Trace.o
                0x08001974                trace_printf
 .text._trace_write_semihosting_debug
                0x080019a4       0x64 ./system/src/diag/trace_impl.o
 .text.trace_write
                0x08001a08        0x8 ./system/src/diag/trace_impl.o
                0x08001a08                trace_write
 .text.__initialize_hardware_early
                0x08001a10       0x18 ./system/src/cortexm/_initialize_hardware.o
                0x08001a10                __initialize_hardware_early
 .text.__initialize_hardware
                0x08001a28        0x8 ./system/src/cortexm/_initialize_hardware.o
                0x08001a28                __initialize_hardware
 .text.dumpExceptionStack
                0x08001a30       0xf0 ./system/src/cortexm/exception_handlers.o
                0x08001a30                dumpExceptionStack
 .text.isSemihosting
                0x08001b20       0x20 ./system/src/cortexm/exception_handlers.o
                0x08001b20                isSemihosting
 .text.Default_Handler
                0x08001b40        0x2 ./system/src/cmsis/startup_stm32f103xb.o
                0x08001b40                RTC_Alarm_IRQHandler
                0x08001b40                EXTI2_IRQHandler
                0x08001b40                TIM1_CC_IRQHandler
                0x08001b40                PVD_IRQHandler
                0x08001b40                EXTI3_IRQHandler
                0x08001b40                EXTI0_IRQHandler
                0x08001b40                I2C2_EV_IRQHandler
                0x08001b40                ADC1_2_IRQHandler
                0x08001b40                SPI1_IRQHandler
                0x08001b40                TAMPER_IRQHandler
                0x08001b40                DMA1_Channel4_IRQHandler
                0x08001b40                USART3_IRQHandler
                0x08001b40                RTC_IRQHandler
                0x08001b40                DMA1_Channel7_IRQHandler
                0x08001b40                CAN1_RX1_IRQHandler
                0x08001b40                TIM4_IRQHandler
                0x08001b40                I2C1_EV_IRQHandler
                0x08001b40                DMA1_Channel6_IRQHandler
                0x08001b40                RCC_IRQHandler
                0x08001b40                TIM1_TRG_COM_IRQHandler
                0x08001b40                DMA1_Channel1_IRQHandler
                0x08001b40                Default_Handler
                0x08001b40                EXTI15_10_IRQHandler
                0x08001b40                EXTI9_5_IRQHandler
                0x08001b40                SPI2_IRQHandler
                0x08001b40                DMA1_Channel5_IRQHandler
                0x08001b40                EXTI4_IRQHandler
                0x08001b40                USB_LP_CAN1_RX0_IRQHandler
                0x08001b40                USB_HP_CAN1_TX_IRQHandler
                0x08001b40                DMA1_Channel3_IRQHandler
                0x08001b40                TIM1_UP_IRQHandler
                0x08001b40                WWDG_IRQHandler
                0x08001b40                TIM1_BRK_IRQHandler
                0x08001b40                EXTI1_IRQHandler
                0x08001b40                USART2_IRQHandler
                0x08001b40                I2C2_ER_IRQHandler
                0x08001b40                DMA1_Channel2_IRQHandler
                0x08001b40                CAN1_SCE_IRQHandler
                0x08001b40                FLASH_IRQHandler
                0x08001b40                USART1_IRQHandler
                0x08001b40                I2C1_ER_IRQHandler
                0x08001b40                USBWakeUp_IRQHandler
 *fill*         0x08001b42        0x2 
 .text.SystemInit
                0x08001b44       0x4c ./system/src/cmsis/system_stm32f1xx.o
                0x08001b44                SystemInit
 .text.SystemCoreClockUpdate
                0x08001b90       0x94 ./system/src/cmsis/system_stm32f1xx.o
                0x08001b90                SystemCoreClockUpdate
 .text.MX_GPIO_Init
                0x08001c24       0x8c ./src/main.o
 .text.MX_TIM3_Init
                0x08001cb0       0x4c ./src/main.o
 .text.MX_TIM2_Init
                0x08001cfc       0x58 ./src/main.o
 .text.MX_TIM1_Init
                0x08001d54       0xc8 ./src/main.o
 .text.MX_USB_PCD_Init
                0x08001e1c       0x2c ./src/main.o
 .text.SystemClock_Config
                0x08001e48       0x70 ./src/main.o
                0x08001e48                SystemClock_Config
 .text.main     0x08001eb8       0xcc ./src/main.o
                0x08001eb8                main
 .text.HAL_TIM_IC_CaptureCallback
                0x08001f84      0x194 ./src/main.o
                0x08001f84                HAL_TIM_IC_CaptureCallback
 .text.HAL_TIM_PeriodElapsedCallback
                0x08002118      0x13c ./src/main.o
                0x08002118                HAL_TIM_PeriodElapsedCallback
 .text.HAL_MspInit
                0x08002254       0x44 ./src/stm32f1xx_hal_msp.o
                0x08002254                HAL_MspInit
 .text.HAL_TIM_Base_MspInit
                0x08002298       0x5c ./src/stm32f1xx_hal_msp.o
                0x08002298                HAL_TIM_Base_MspInit
 .text.HAL_TIMEx_HallSensor_MspInit
                0x080022f4       0x94 ./src/stm32f1xx_hal_msp.o
                0x080022f4                HAL_TIMEx_HallSensor_MspInit
 .text.HAL_TIM_MspPostInit
                0x08002388       0x74 ./src/stm32f1xx_hal_msp.o
                0x08002388                HAL_TIM_MspPostInit
 .text.HAL_PCD_MspInit
                0x080023fc       0x28 ./src/stm32f1xx_hal_msp.o
                0x080023fc                HAL_PCD_MspInit
 .text.NMI_Handler
                0x08002424        0x4 ./src/stm32f1xx_it.o
                0x08002424                NMI_Handler
 .text.HardFault_Handler
                0x08002428        0x4 ./src/stm32f1xx_it.o
                0x08002428                HardFault_Handler
 .text.MemManage_Handler
                0x0800242c        0x4 ./src/stm32f1xx_it.o
                0x0800242c                MemManage_Handler
 .text.BusFault_Handler
                0x08002430        0x4 ./src/stm32f1xx_it.o
                0x08002430                BusFault_Handler
 .text.UsageFault_Handler
                0x08002434        0x4 ./src/stm32f1xx_it.o
                0x08002434                UsageFault_Handler
 .text.SVC_Handler
                0x08002438        0x4 ./src/stm32f1xx_it.o
                0x08002438                SVC_Handler
 .text.DebugMon_Handler
                0x0800243c        0x4 ./src/stm32f1xx_it.o
                0x0800243c                DebugMon_Handler
 .text.PendSV_Handler
                0x08002440        0x4 ./src/stm32f1xx_it.o
                0x08002440                PendSV_Handler
 .text.SysTick_Handler
                0x08002444        0x8 ./src/stm32f1xx_it.o
                0x08002444                SysTick_Handler
 .text.TIM2_IRQHandler
                0x0800244c       0x10 ./src/stm32f1xx_it.o
                0x0800244c                TIM2_IRQHandler
 .text.TIM3_IRQHandler
                0x0800245c       0x10 ./src/stm32f1xx_it.o
                0x0800245c                TIM3_IRQHandler
 .text          0x0800246c      0x21c e:/stm32toolchain/gcc-arm/bin/../lib/gcc/arm-none-eabi/5.4.1/armv7-m\libgcc.a(_arm_addsubsf3.o)
                0x0800246c                __aeabi_frsub
                0x08002474                __subsf3
                0x08002474                __aeabi_fsub
                0x08002478                __aeabi_fadd
                0x08002478                __addsf3
                0x080025d8                __aeabi_ui2f
                0x080025d8                __floatunsisf
                0x080025e0                __aeabi_i2f
                0x080025e0                __floatsisf
                0x080025fc                __aeabi_ul2f
                0x080025fc                __floatundisf
                0x0800260c                __aeabi_l2f
                0x0800260c                __floatdisf
 .text          0x08002688      0x2a0 e:/stm32toolchain/gcc-arm/bin/../lib/gcc/arm-none-eabi/5.4.1/armv7-m\libgcc.a(_arm_muldivsf3.o)
                0x08002688                __mulsf3
                0x08002688                __aeabi_fmul
                0x080027f0                __aeabi_fdiv
                0x080027f0                __divsf3
 .text          0x08002928       0x40 e:/stm32toolchain/gcc-arm/bin/../lib/gcc/arm-none-eabi/5.4.1/armv7-m\libgcc.a(_arm_fixunssfsi.o)
                0x08002928                __fixunssfsi
                0x08002928                __aeabi_f2uiz
 .text.__errno  0x08002968        0xc e:/stm32toolchain/gcc-arm/bin/../lib/gcc/arm-none-eabi/5.4.1/../../../../arm-none-eabi/lib/armv7-m\libg_nano.a(lib_a-errno.o)
                0x08002968                __errno
 .text.memcpy   0x08002974       0x16 e:/stm32toolchain/gcc-arm/bin/../lib/gcc/arm-none-eabi/5.4.1/../../../../arm-none-eabi/lib/armv7-m\libg_nano.a(lib_a-memcpy-stub.o)
                0x08002974                memcpy
 .text.memset   0x0800298a       0x10 e:/stm32toolchain/gcc-arm/bin/../lib/gcc/arm-none-eabi/5.4.1/../../../../arm-none-eabi/lib/armv7-m\libg_nano.a(lib_a-memset.o)
                0x0800298a                memset
 .text._vsnprintf_r
                0x0800299a       0x56 e:/stm32toolchain/gcc-arm/bin/../lib/gcc/arm-none-eabi/5.4.1/../../../../arm-none-eabi/lib/armv7-m\libg_nano.a(lib_a-vsnprintf.o)
                0x0800299a                _vsniprintf_r
                0x0800299a                _vsnprintf_r
 .text.vsnprintf
                0x080029f0       0x1c e:/stm32toolchain/gcc-arm/bin/../lib/gcc/arm-none-eabi/5.4.1/../../../../arm-none-eabi/lib/armv7-m\libg_nano.a(lib_a-vsnprintf.o)
                0x080029f0                vsniprintf
                0x080029f0                vsnprintf
 .text.__ssputs_r
                0x08002a0c       0xb2 e:/stm32toolchain/gcc-arm/bin/../lib/gcc/arm-none-eabi/5.4.1/../../../../arm-none-eabi/lib/armv7-m\libg_nano.a(lib_a-nano-svfprintf.o)
                0x08002a0c                __ssputs_r
 *fill*         0x08002abe        0x2 
 .text._svfprintf_r
                0x08002ac0      0x1e8 e:/stm32toolchain/gcc-arm/bin/../lib/gcc/arm-none-eabi/5.4.1/../../../../arm-none-eabi/lib/armv7-m\libg_nano.a(lib_a-nano-svfprintf.o)
                0x08002ac0                _svfiprintf_r
                0x08002ac0                _svfprintf_r
 .text._printf_common
                0x08002ca8       0xec e:/stm32toolchain/gcc-arm/bin/../lib/gcc/arm-none-eabi/5.4.1/../../../../arm-none-eabi/lib/armv7-m\libg_nano.a(lib_a-nano-vfprintf_i.o)
                0x08002ca8                _printf_common
 .text._printf_i
                0x08002d94      0x24c e:/stm32toolchain/gcc-arm/bin/../lib/gcc/arm-none-eabi/5.4.1/../../../../arm-none-eabi/lib/armv7-m\libg_nano.a(lib_a-nano-vfprintf_i.o)
                0x08002d94                _printf_i
 .text.memchr   0x08002fe0       0x1c e:/stm32toolchain/gcc-arm/bin/../lib/gcc/arm-none-eabi/5.4.1/../../../../arm-none-eabi/lib/armv7-m\libg_nano.a(lib_a-memchr-stub.o)
                0x08002fe0                memchr
 .text.memmove  0x08002ffc       0x36 e:/stm32toolchain/gcc-arm/bin/../lib/gcc/arm-none-eabi/5.4.1/../../../../arm-none-eabi/lib/armv7-m\libg_nano.a(lib_a-memmove.o)
                0x08002ffc                memmove
 *fill*         0x08003032        0x2 
 .text._free_r  0x08003034       0x98 e:/stm32toolchain/gcc-arm/bin/../lib/gcc/arm-none-eabi/5.4.1/../../../../arm-none-eabi/lib/armv7-m\libg_nano.a(lib_a-nano-freer.o)
                0x08003034                _free_r
 .text._malloc_r
                0x080030cc       0xbc e:/stm32toolchain/gcc-arm/bin/../lib/gcc/arm-none-eabi/5.4.1/../../../../arm-none-eabi/lib/armv7-m\libg_nano.a(lib_a-nano-mallocr.o)
                0x080030cc                _malloc_r
 .text._realloc_r
                0x08003188       0x4c e:/stm32toolchain/gcc-arm/bin/../lib/gcc/arm-none-eabi/5.4.1/../../../../arm-none-eabi/lib/armv7-m\libg_nano.a(lib_a-nano-reallocr.o)
                0x08003188                _realloc_r
 .text._sbrk_r  0x080031d4       0x20 e:/stm32toolchain/gcc-arm/bin/../lib/gcc/arm-none-eabi/5.4.1/../../../../arm-none-eabi/lib/armv7-m\libg_nano.a(lib_a-sbrkr.o)
                0x080031d4                _sbrk_r
 .text.__malloc_lock
                0x080031f4        0x2 e:/stm32toolchain/gcc-arm/bin/../lib/gcc/arm-none-eabi/5.4.1/../../../../arm-none-eabi/lib/armv7-m\libg_nano.a(lib_a-mlock.o)
                0x080031f4                __malloc_lock
 .text.__malloc_unlock
                0x080031f6        0x2 e:/stm32toolchain/gcc-arm/bin/../lib/gcc/arm-none-eabi/5.4.1/../../../../arm-none-eabi/lib/armv7-m\libg_nano.a(lib_a-mlock.o)
                0x080031f6                __malloc_unlock
 .text._malloc_usable_size_r
                0x080031f8       0x14 e:/stm32toolchain/gcc-arm/bin/../lib/gcc/arm-none-eabi/5.4.1/../../../../arm-none-eabi/lib/armv7-m\libg_nano.a(lib_a-nano-msizer.o)
                0x080031f8                _malloc_usable_size_r
 *(.rodata .rodata.* .constdata .constdata.*)
 .rodata        0x0800320c       0x12 ./system/src/stm32f1xx/stm32f1xx_hal_rcc.o
 *fill*         0x0800321e        0x2 
 .rodata.str1.4
                0x08003220      0x148 ./system/src/cortexm/exception_handlers.o
                                0x146 (size before relaxing)
 .rodata.AHBPrescTable
                0x08003368       0x10 ./system/src/cmsis/system_stm32f1xx.o
                0x08003368                AHBPrescTable
 .rodata.str1.1
                0x08003378       0x11 e:/stm32toolchain/gcc-arm/bin/../lib/gcc/arm-none-eabi/5.4.1/../../../../arm-none-eabi/lib/armv7-m\libg_nano.a(lib_a-nano-svfprintf.o)
 .rodata.str1.1
                0x08003389       0x22 e:/stm32toolchain/gcc-arm/bin/../lib/gcc/arm-none-eabi/5.4.1/../../../../arm-none-eabi/lib/armv7-m\libg_nano.a(lib_a-nano-vfprintf_i.o)
 *(vtable)
 *(.eh_frame*)
 *(.glue_7)
 .glue_7        0x080033ab        0x0 linker stubs
 *(.glue_7t)
 .glue_7t       0x080033ab        0x0 linker stubs

.vfp11_veneer   0x080033ac        0x0
 .vfp11_veneer  0x080033ac        0x0 linker stubs

.v4_bx          0x080033ac        0x0
 .v4_bx         0x080033ac        0x0 linker stubs

.iplt           0x080033ac        0x0
 .iplt          0x080033ac        0x0 ./system/src/stm32f1xx/stm32f1xx_hal.o

.rel.dyn        0x080033ac        0x0
 .rel.iplt      0x080033ac        0x0 ./system/src/stm32f1xx/stm32f1xx_hal.o

.ARM.extab
 *(.ARM.extab* .gnu.linkonce.armextab.*)
                0x080033ac                . = ALIGN (0x4)
                0x080033ac                __exidx_start = .

.ARM.exidx
 *(.ARM.exidx* .gnu.linkonce.armexidx.*)
                0x080033ac                __exidx_end = .
                0x080033ac                . = ALIGN (0x4)
                0x080033ac                _etext = .
                0x080033ac                __etext = .

.data_CCMRAM    0x10000000        0x0 load address 0x080033ac
 FILL mask 0xff
 *(.data.CCMRAM .data.CCMRAM.*)
                0x10000000                . = ALIGN (0x4)
                0x080033ac                _sidata = LOADADDR (.data)

.data           0x20000000       0xa4 load address 0x080033ac
 FILL mask 0xff
                0x20000000                _sdata = .
                0x20000000                __data_start__ = .
 *(.data_begin .data_begin.*)
 .data_begin    0x20000000        0x4 ./system/src/newlib/_startup.o
 *(.data .data.*)
 .data.uwTickPrio
                0x20000004        0x4 ./system/src/stm32f1xx/stm32f1xx_hal.o
                0x20000004                uwTickPrio
 .data.uwTickFreq
                0x20000008        0x1 ./system/src/stm32f1xx/stm32f1xx_hal.o
                0x20000008                uwTickFreq
 *fill*         0x20000009        0x3 ff
 .data.argv.4290
                0x2000000c        0x8 ./system/src/newlib/_syscalls.o
 .data.SystemCoreClock
                0x20000014        0x4 ./system/src/cmsis/system_stm32f1xx.o
                0x20000014                SystemCoreClock
 .data.mi       0x20000018        0x4 ./src/main.o
                0x20000018                mi
 .data.tb_ary   0x2000001c       0x20 ./src/main.o
                0x2000001c                tb_ary
 .data.impure_data
                0x2000003c       0x60 e:/stm32toolchain/gcc-arm/bin/../lib/gcc/arm-none-eabi/5.4.1/../../../../arm-none-eabi/lib/armv7-m\libg_nano.a(lib_a-impure.o)
 .data._impure_ptr
                0x2000009c        0x4 e:/stm32toolchain/gcc-arm/bin/../lib/gcc/arm-none-eabi/5.4.1/../../../../arm-none-eabi/lib/armv7-m\libg_nano.a(lib_a-impure.o)
                0x2000009c                _impure_ptr
 *(.data_end .data_end.*)
 .data_end      0x200000a0        0x4 ./system/src/newlib/_startup.o
                0x200000a4                . = ALIGN (0x4)
                0x200000a4                _edata = .
                0x200000a4                __data_end__ = .

.igot.plt       0x200000a4        0x0 load address 0x08003450
 .igot.plt      0x200000a4        0x0 ./system/src/stm32f1xx/stm32f1xx_hal.o

.bss_CCMRAM     0x10000000        0x0
 *(.bss.CCMRAM .bss.CCMRAM.*)

.bss            0x200000a4      0x5d8
                0x200000a4                __bss_start__ = .
                0x200000a4                _sbss = .
 *(.bss_begin .bss_begin.*)
 .bss_begin     0x200000a4        0x4 ./system/src/newlib/_startup.o
 *(.bss .bss.*)
 .bss.current_heap_end.3974
                0x200000a8        0x4 ./system/src/newlib/_sbrk.o
 .bss.name.4289
                0x200000ac        0x1 ./system/src/newlib/_syscalls.o
 *fill*         0x200000ad        0x3 
 .bss.buf.5179  0x200000b0       0x80 ./system/src/diag/Trace.o
 .bss.hallccr   0x20000130        0x4 ./src/main.o
                0x20000130                hallccr
 .bss.start     0x20000134        0x1 ./src/main.o
                0x20000134                start
 .bss.step      0x20000135        0x1 ./src/main.o
                0x20000135                step
 .bss.sector    0x20000136        0x1 ./src/main.o
                0x20000136                sector
 .bss.captureflag
                0x20000137        0x1 ./src/main.o
                0x20000137                captureflag
 .bss.__malloc_sbrk_start
                0x20000138        0x4 e:/stm32toolchain/gcc-arm/bin/../lib/gcc/arm-none-eabi/5.4.1/../../../../arm-none-eabi/lib/armv7-m\libg_nano.a(lib_a-nano-mallocr.o)
                0x20000138                __malloc_sbrk_start
 .bss.__malloc_free_list
                0x2000013c        0x4 e:/stm32toolchain/gcc-arm/bin/../lib/gcc/arm-none-eabi/5.4.1/../../../../arm-none-eabi/lib/armv7-m\libg_nano.a(lib_a-nano-mallocr.o)
                0x2000013c                __malloc_free_list
 *(COMMON)
 COMMON         0x20000140        0x4 ./system/src/stm32f1xx/stm32f1xx_hal.o
                0x20000140                uwTick
 COMMON         0x20000144        0x4 ./system/src/newlib/_syscalls.o
                0x20000144                errno
 COMMON         0x20000148      0x530 ./src/main.o
                0x20000148                HB
                0x2000014a                fcount1
                0x2000014c                freq
                0x20000150                HA
                0x20000152                fcount2
                0x20000154                htim3
                0x20000194                HC
                0x20000198                htim1
                0x200001d8                htim2
                0x20000218                hpcd_USB_FS
 *(.bss_end .bss_end.*)
 .bss_end       0x20000678        0x4 ./system/src/newlib/_startup.o
                0x2000067c                . = ALIGN (0x4)
                0x2000067c                __bss_end__ = .
                0x2000067c                _ebss = .

.noinit_CCMRAM
 *(.noinit.CCMRAM .noinit.CCMRAM.*)

.noinit         0x2000067c        0x0
                0x2000067c                _noinit = .
 *(.noinit .noinit.*)
                0x2000067c                . = ALIGN (0x4)
                0x2000067c                _end_noinit = .
                [!provide]                PROVIDE (end, _end_noinit)
                [!provide]                PROVIDE (_end, _end_noinit)
                [!provide]                PROVIDE (__end, _end_noinit)
                [!provide]                PROVIDE (__end__, _end_noinit)

._check_stack   0x2000067c      0x100
                0x2000077c                . = (. + _Minimum_Stack_Size)
 *fill*         0x2000067c      0x100 

.b1text
 *(.b1text)
 *(.b1rodata)
 *(.b1rodata.*)

.eb0text
 *(.eb0text)
 *(.eb0rodata)
 *(.eb0rodata.*)

.eb1text
 *(.eb1text)
 *(.eb1rodata)
 *(.eb1rodata.*)

.eb2text
 *(.eb2text)
 *(.eb2rodata)
 *(.eb2rodata.*)

.eb3text
 *(.eb3text)
 *(.eb3rodata)
 *(.eb3rodata.*)

.stab
 *(.stab)

.stabstr
 *(.stabstr)

.stab.excl
 *(.stab.excl)

.stab.exclstr
 *(.stab.exclstr)

.stab.index
 *(.stab.index)

.stab.indexstr
 *(.stab.indexstr)

.comment        0x00000000       0x6e
 *(.comment)
 .comment       0x00000000       0x6e ./system/src/stm32f1xx/stm32f1xx_hal.o
                                 0x6f (size before relaxing)
 .comment       0x0000006e       0x6f ./system/src/stm32f1xx/stm32f1xx_hal_cortex.o
 .comment       0x0000006e       0x6f ./system/src/stm32f1xx/stm32f1xx_hal_gpio.o
 .comment       0x0000006e       0x6f ./system/src/stm32f1xx/stm32f1xx_hal_pcd.o
 .comment       0x0000006e       0x6f ./system/src/stm32f1xx/stm32f1xx_hal_rcc.o
 .comment       0x0000006e       0x6f ./system/src/stm32f1xx/stm32f1xx_hal_rcc_ex.o
 .comment       0x0000006e       0x6f ./system/src/stm32f1xx/stm32f1xx_hal_tim.o
 .comment       0x0000006e       0x6f ./system/src/stm32f1xx/stm32f1xx_hal_tim_ex.o
 .comment       0x0000006e       0x6f ./system/src/stm32f1xx/stm32f1xx_ll_usb.o
 .comment       0x0000006e       0x6f ./system/src/newlib/_exit.o
 .comment       0x0000006e       0x6f ./system/src/newlib/_sbrk.o
 .comment       0x0000006e       0x6f ./system/src/newlib/_startup.o
 .comment       0x0000006e       0x6f ./system/src/newlib/_syscalls.o
 .comment       0x0000006e       0x6f ./system/src/diag/Trace.o
 .comment       0x0000006e       0x6f ./system/src/diag/trace_impl.o
 .comment       0x0000006e       0x6f ./system/src/cortexm/_initialize_hardware.o
 .comment       0x0000006e       0x6f ./system/src/cortexm/exception_handlers.o
 .comment       0x0000006e       0x6f ./system/src/cmsis/system_stm32f1xx.o
 .comment       0x0000006e       0x6f ./src/main.o
 .comment       0x0000006e       0x6f ./src/stm32f1xx_hal_msp.o
 .comment       0x0000006e       0x6f ./src/stm32f1xx_it.o

.ARM.attributes
                0x00000000       0x31
 .ARM.attributes
                0x00000000       0x33 ./system/src/stm32f1xx/stm32f1xx_hal.o
 .ARM.attributes
                0x00000033       0x33 ./system/src/stm32f1xx/stm32f1xx_hal_cortex.o
 .ARM.attributes
                0x00000066       0x33 ./system/src/stm32f1xx/stm32f1xx_hal_gpio.o
 .ARM.attributes
                0x00000099       0x33 ./system/src/stm32f1xx/stm32f1xx_hal_pcd.o
 .ARM.attributes
                0x000000cc       0x33 ./system/src/stm32f1xx/stm32f1xx_hal_rcc.o
 .ARM.attributes
                0x000000ff       0x33 ./system/src/stm32f1xx/stm32f1xx_hal_rcc_ex.o
 .ARM.attributes
                0x00000132       0x33 ./system/src/stm32f1xx/stm32f1xx_hal_tim.o
 .ARM.attributes
                0x00000165       0x33 ./system/src/stm32f1xx/stm32f1xx_hal_tim_ex.o
 .ARM.attributes
                0x00000198       0x33 ./system/src/stm32f1xx/stm32f1xx_ll_usb.o
 .ARM.attributes
                0x000001cb       0x33 ./system/src/newlib/_exit.o
 .ARM.attributes
                0x000001fe       0x33 ./system/src/newlib/_sbrk.o
 .ARM.attributes
                0x00000231       0x33 ./system/src/newlib/_startup.o
 .ARM.attributes
                0x00000264       0x33 ./system/src/newlib/_syscalls.o
 .ARM.attributes
                0x00000297       0x33 ./system/src/diag/Trace.o
 .ARM.attributes
                0x000002ca       0x33 ./system/src/diag/trace_impl.o
 .ARM.attributes
                0x000002fd       0x33 ./system/src/cortexm/_initialize_hardware.o
 .ARM.attributes
                0x00000330       0x33 ./system/src/cortexm/exception_handlers.o
 .ARM.attributes
                0x00000363       0x21 ./system/src/cmsis/startup_stm32f103xb.o
 .ARM.attributes
                0x00000384       0x33 ./system/src/cmsis/system_stm32f1xx.o
 .ARM.attributes
                0x000003b7       0x33 ./src/main.o
 .ARM.attributes
                0x000003ea       0x33 ./src/stm32f1xx_hal_msp.o
 .ARM.attributes
                0x0000041d       0x33 ./src/stm32f1xx_it.o
 .ARM.attributes
                0x00000450       0x1d e:/stm32toolchain/gcc-arm/bin/../lib/gcc/arm-none-eabi/5.4.1/armv7-m\libgcc.a(_arm_addsubsf3.o)
 .ARM.attributes
                0x0000046d       0x1d e:/stm32toolchain/gcc-arm/bin/../lib/gcc/arm-none-eabi/5.4.1/armv7-m\libgcc.a(_arm_muldivsf3.o)
 .ARM.attributes
                0x0000048a       0x1d e:/stm32toolchain/gcc-arm/bin/../lib/gcc/arm-none-eabi/5.4.1/armv7-m\libgcc.a(_arm_fixunssfsi.o)
 .ARM.attributes
                0x000004a7       0x2d e:/stm32toolchain/gcc-arm/bin/../lib/gcc/arm-none-eabi/5.4.1/../../../../arm-none-eabi/lib/armv7-m\libg_nano.a(lib_a-errno.o)
 .ARM.attributes
                0x000004d4       0x2d e:/stm32toolchain/gcc-arm/bin/../lib/gcc/arm-none-eabi/5.4.1/../../../../arm-none-eabi/lib/armv7-m\libg_nano.a(lib_a-impure.o)
 .ARM.attributes
                0x00000501       0x2d e:/stm32toolchain/gcc-arm/bin/../lib/gcc/arm-none-eabi/5.4.1/../../../../arm-none-eabi/lib/armv7-m\libg_nano.a(lib_a-memcpy-stub.o)
 .ARM.attributes
                0x0000052e       0x2d e:/stm32toolchain/gcc-arm/bin/../lib/gcc/arm-none-eabi/5.4.1/../../../../arm-none-eabi/lib/armv7-m\libg_nano.a(lib_a-memset.o)
 .ARM.attributes
                0x0000055b       0x2d e:/stm32toolchain/gcc-arm/bin/../lib/gcc/arm-none-eabi/5.4.1/../../../../arm-none-eabi/lib/armv7-m\libg_nano.a(lib_a-vsnprintf.o)
 .ARM.attributes
                0x00000588       0x2d e:/stm32toolchain/gcc-arm/bin/../lib/gcc/arm-none-eabi/5.4.1/../../../../arm-none-eabi/lib/armv7-m\libg_nano.a(lib_a-nano-svfprintf.o)
 .ARM.attributes
                0x000005b5       0x2d e:/stm32toolchain/gcc-arm/bin/../lib/gcc/arm-none-eabi/5.4.1/../../../../arm-none-eabi/lib/armv7-m\libg_nano.a(lib_a-nano-vfprintf_i.o)
 .ARM.attributes
                0x000005e2       0x2d e:/stm32toolchain/gcc-arm/bin/../lib/gcc/arm-none-eabi/5.4.1/../../../../arm-none-eabi/lib/armv7-m\libg_nano.a(lib_a-memchr-stub.o)
 .ARM.attributes
                0x0000060f       0x2d e:/stm32toolchain/gcc-arm/bin/../lib/gcc/arm-none-eabi/5.4.1/../../../../arm-none-eabi/lib/armv7-m\libg_nano.a(lib_a-memmove.o)
 .ARM.attributes
                0x0000063c       0x2d e:/stm32toolchain/gcc-arm/bin/../lib/gcc/arm-none-eabi/5.4.1/../../../../arm-none-eabi/lib/armv7-m\libg_nano.a(lib_a-nano-freer.o)
 .ARM.attributes
                0x00000669       0x2d e:/stm32toolchain/gcc-arm/bin/../lib/gcc/arm-none-eabi/5.4.1/../../../../arm-none-eabi/lib/armv7-m\libg_nano.a(lib_a-nano-mallocr.o)
 .ARM.attributes
                0x00000696       0x2d e:/stm32toolchain/gcc-arm/bin/../lib/gcc/arm-none-eabi/5.4.1/../../../../arm-none-eabi/lib/armv7-m\libg_nano.a(lib_a-nano-reallocr.o)
 .ARM.attributes
                0x000006c3       0x2d e:/stm32toolchain/gcc-arm/bin/../lib/gcc/arm-none-eabi/5.4.1/../../../../arm-none-eabi/lib/armv7-m\libg_nano.a(lib_a-sbrkr.o)
 .ARM.attributes
                0x000006f0       0x2d e:/stm32toolchain/gcc-arm/bin/../lib/gcc/arm-none-eabi/5.4.1/../../../../arm-none-eabi/lib/armv7-m\libg_nano.a(lib_a-mlock.o)
 .ARM.attributes
                0x0000071d       0x2d e:/stm32toolchain/gcc-arm/bin/../lib/gcc/arm-none-eabi/5.4.1/../../../../arm-none-eabi/lib/armv7-m\libg_nano.a(lib_a-nano-msizer.o)

.debug
 *(.debug)

.line
 *(.line)

.debug_srcinfo
 *(.debug_srcinfo)

.debug_sfnames
 *(.debug_sfnames)

.debug_aranges  0x00000000      0xc90
 *(.debug_aranges)
 .debug_aranges
                0x00000000       0xd0 ./system/src/stm32f1xx/stm32f1xx_hal.o
 .debug_aranges
                0x000000d0       0x90 ./system/src/stm32f1xx/stm32f1xx_hal_cortex.o
 .debug_aranges
                0x00000160       0x58 ./system/src/stm32f1xx/stm32f1xx_hal_gpio.o
 .debug_aranges
                0x000001b8      0x120 ./system/src/stm32f1xx/stm32f1xx_hal_pcd.o
 .debug_aranges
                0x000002d8       0x90 ./system/src/stm32f1xx/stm32f1xx_hal_rcc.o
 .debug_aranges
                0x00000368       0x30 ./system/src/stm32f1xx/stm32f1xx_hal_rcc_ex.o
 .debug_aranges
                0x00000398      0x368 ./system/src/stm32f1xx/stm32f1xx_hal_tim.o
 .debug_aranges
                0x00000700      0x138 ./system/src/stm32f1xx/stm32f1xx_hal_tim_ex.o
 .debug_aranges
                0x00000838      0x100 ./system/src/stm32f1xx/stm32f1xx_ll_usb.o
 .debug_aranges
                0x00000938       0x28 ./system/src/newlib/_exit.o
 .debug_aranges
                0x00000960       0x20 ./system/src/newlib/_sbrk.o
 .debug_aranges
                0x00000980       0x40 ./system/src/newlib/_startup.o
 .debug_aranges
                0x000009c0       0x30 ./system/src/newlib/_syscalls.o
 .debug_aranges
                0x000009f0       0x38 ./system/src/diag/Trace.o
 .debug_aranges
                0x00000a28       0x30 ./system/src/diag/trace_impl.o
 .debug_aranges
                0x00000a58       0x28 ./system/src/cortexm/_initialize_hardware.o
 .debug_aranges
                0x00000a80       0x90 ./system/src/cortexm/exception_handlers.o
 .debug_aranges
                0x00000b10       0x28 ./system/src/cmsis/startup_stm32f103xb.o
 .debug_aranges
                0x00000b38       0x28 ./system/src/cmsis/system_stm32f1xx.o
 .debug_aranges
                0x00000b60       0x68 ./src/main.o
 .debug_aranges
                0x00000bc8       0x58 ./src/stm32f1xx_hal_msp.o
 .debug_aranges
                0x00000c20       0x70 ./src/stm32f1xx_it.o

.debug_pubnames
 *(.debug_pubnames)

.debug_info     0x00000000     0xd2d1
 *(.debug_info .gnu.linkonce.wi.*)
 .debug_info    0x00000000      0x71e ./system/src/stm32f1xx/stm32f1xx_hal.o
 .debug_info    0x0000071e      0xc0d ./system/src/stm32f1xx/stm32f1xx_hal_cortex.o
 .debug_info    0x0000132b      0x5e7 ./system/src/stm32f1xx/stm32f1xx_hal_gpio.o
 .debug_info    0x00001912     0x114b ./system/src/stm32f1xx/stm32f1xx_hal_pcd.o
 .debug_info    0x00002a5d      0x9b1 ./system/src/stm32f1xx/stm32f1xx_hal_rcc.o
 .debug_info    0x0000340e      0x3f9 ./system/src/stm32f1xx/stm32f1xx_hal_rcc_ex.o
 .debug_info    0x00003807     0x2dc3 ./system/src/stm32f1xx/stm32f1xx_hal_tim.o
 .debug_info    0x000065ca     0x1207 ./system/src/stm32f1xx/stm32f1xx_hal_tim_ex.o
 .debug_info    0x000077d1      0xed1 ./system/src/stm32f1xx/stm32f1xx_ll_usb.o
 .debug_info    0x000086a2       0xef ./system/src/newlib/_exit.o
 .debug_info    0x00008791      0x11f ./system/src/newlib/_sbrk.o
 .debug_info    0x000088b0      0x455 ./system/src/newlib/_startup.o
 .debug_info    0x00008d05      0x1c7 ./system/src/newlib/_syscalls.o
 .debug_info    0x00008ecc      0x2e7 ./system/src/diag/Trace.o
 .debug_info    0x000091b3      0x30b ./system/src/diag/trace_impl.o
 .debug_info    0x000094be      0x2b1 ./system/src/cortexm/_initialize_hardware.o
 .debug_info    0x0000976f      0x8da ./system/src/cortexm/exception_handlers.o
 .debug_info    0x0000a049       0x76 ./system/src/cmsis/startup_stm32f103xb.o
 .debug_info    0x0000a0bf      0x3bc ./system/src/cmsis/system_stm32f1xx.o
 .debug_info    0x0000a47b     0x184e ./src/main.o
 .debug_info    0x0000bcc9      0xfcb ./src/stm32f1xx_hal_msp.o
 .debug_info    0x0000cc94      0x63d ./src/stm32f1xx_it.o

.debug_abbrev   0x00000000     0x2521
 *(.debug_abbrev)
 .debug_abbrev  0x00000000      0x1f5 ./system/src/stm32f1xx/stm32f1xx_hal.o
 .debug_abbrev  0x000001f5      0x2d9 ./system/src/stm32f1xx/stm32f1xx_hal_cortex.o
 .debug_abbrev  0x000004ce      0x1cd ./system/src/stm32f1xx/stm32f1xx_hal_gpio.o
 .debug_abbrev  0x0000069b      0x28c ./system/src/stm32f1xx/stm32f1xx_hal_pcd.o
 .debug_abbrev  0x00000927      0x273 ./system/src/stm32f1xx/stm32f1xx_hal_rcc.o
 .debug_abbrev  0x00000b9a      0x1b6 ./system/src/stm32f1xx/stm32f1xx_hal_rcc_ex.o
 .debug_abbrev  0x00000d50      0x22a ./system/src/stm32f1xx/stm32f1xx_hal_tim.o
 .debug_abbrev  0x00000f7a      0x21b ./system/src/stm32f1xx/stm32f1xx_hal_tim_ex.o
 .debug_abbrev  0x00001195      0x1c6 ./system/src/stm32f1xx/stm32f1xx_ll_usb.o
 .debug_abbrev  0x0000135b       0x8e ./system/src/newlib/_exit.o
 .debug_abbrev  0x000013e9       0xb9 ./system/src/newlib/_sbrk.o
 .debug_abbrev  0x000014a2      0x1ac ./system/src/newlib/_startup.o
 .debug_abbrev  0x0000164e       0xec ./system/src/newlib/_syscalls.o
 .debug_abbrev  0x0000173a      0x156 ./system/src/diag/Trace.o
 .debug_abbrev  0x00001890      0x1c8 ./system/src/diag/trace_impl.o
 .debug_abbrev  0x00001a58       0xea ./system/src/cortexm/_initialize_hardware.o
 .debug_abbrev  0x00001b42      0x247 ./system/src/cortexm/exception_handlers.o
 .debug_abbrev  0x00001d89       0x12 ./system/src/cmsis/startup_stm32f103xb.o
 .debug_abbrev  0x00001d9b      0x125 ./system/src/cmsis/system_stm32f1xx.o
 .debug_abbrev  0x00001ec0      0x2be ./src/main.o
 .debug_abbrev  0x0000217e      0x21b ./src/stm32f1xx_hal_msp.o
 .debug_abbrev  0x00002399      0x188 ./src/stm32f1xx_it.o

.debug_line     0x00000000     0x7ff2
 *(.debug_line)
 .debug_line    0x00000000      0x6c4 ./system/src/stm32f1xx/stm32f1xx_hal.o
 .debug_line    0x000006c4      0x6b3 ./system/src/stm32f1xx/stm32f1xx_hal_cortex.o
 .debug_line    0x00000d77      0x69d ./system/src/stm32f1xx/stm32f1xx_hal_gpio.o
 .debug_line    0x00001414      0x9b4 ./system/src/stm32f1xx/stm32f1xx_hal_pcd.o
 .debug_line    0x00001dc8      0x7fa ./system/src/stm32f1xx/stm32f1xx_hal_rcc.o
 .debug_line    0x000025c2      0x5d3 ./system/src/stm32f1xx/stm32f1xx_hal_rcc_ex.o
 .debug_line    0x00002b95     0x13a8 ./system/src/stm32f1xx/stm32f1xx_hal_tim.o
 .debug_line    0x00003f3d      0xa74 ./system/src/stm32f1xx/stm32f1xx_hal_tim_ex.o
 .debug_line    0x000049b1      0x933 ./system/src/stm32f1xx/stm32f1xx_ll_usb.o
 .debug_line    0x000052e4      0x2c1 ./system/src/newlib/_exit.o
 .debug_line    0x000055a5      0x272 ./system/src/newlib/_sbrk.o
 .debug_line    0x00005817      0x328 ./system/src/newlib/_startup.o
 .debug_line    0x00005b3f      0x36e ./system/src/newlib/_syscalls.o
 .debug_line    0x00005ead      0x32f ./system/src/diag/Trace.o
 .debug_line    0x000061dc      0x3db ./system/src/diag/trace_impl.o
 .debug_line    0x000065b7      0x188 ./system/src/cortexm/_initialize_hardware.o
 .debug_line    0x0000673f      0x484 ./system/src/cortexm/exception_handlers.o
 .debug_line    0x00006bc3       0x86 ./system/src/cmsis/startup_stm32f103xb.o
 .debug_line    0x00006c49      0x190 ./system/src/cmsis/system_stm32f1xx.o
 .debug_line    0x00006dd9      0x680 ./src/main.o
 .debug_line    0x00007459      0x5c8 ./src/stm32f1xx_hal_msp.o
 .debug_line    0x00007a21      0x5d1 ./src/stm32f1xx_it.o

.debug_frame    0x00000000     0x2200
 *(.debug_frame)
 .debug_frame   0x00000000      0x1ac ./system/src/stm32f1xx/stm32f1xx_hal.o
 .debug_frame   0x000001ac      0x124 ./system/src/stm32f1xx/stm32f1xx_hal_cortex.o
 .debug_frame   0x000002d0       0xc4 ./system/src/stm32f1xx/stm32f1xx_hal_gpio.o
 .debug_frame   0x00000394      0x310 ./system/src/stm32f1xx/stm32f1xx_hal_pcd.o
 .debug_frame   0x000006a4      0x170 ./system/src/stm32f1xx/stm32f1xx_hal_rcc.o
 .debug_frame   0x00000814       0x68 ./system/src/stm32f1xx/stm32f1xx_hal_rcc_ex.o
 .debug_frame   0x0000087c      0x9cc ./system/src/stm32f1xx/stm32f1xx_hal_tim.o
 .debug_frame   0x00001248      0x3a0 ./system/src/stm32f1xx/stm32f1xx_hal_tim_ex.o
 .debug_frame   0x000015e8      0x230 ./system/src/stm32f1xx/stm32f1xx_ll_usb.o
 .debug_frame   0x00001818       0x38 ./system/src/newlib/_exit.o
 .debug_frame   0x00001850       0x28 ./system/src/newlib/_sbrk.o
 .debug_frame   0x00001878       0x7c ./system/src/newlib/_startup.o
 .debug_frame   0x000018f4       0x50 ./system/src/newlib/_syscalls.o
 .debug_frame   0x00001944       0x94 ./system/src/diag/Trace.o
 .debug_frame   0x000019d8       0x60 ./system/src/diag/trace_impl.o
 .debug_frame   0x00001a38       0x40 ./system/src/cortexm/_initialize_hardware.o
 .debug_frame   0x00001a78      0x158 ./system/src/cortexm/exception_handlers.o
 .debug_frame   0x00001bd0       0x30 ./system/src/cmsis/system_stm32f1xx.o
 .debug_frame   0x00001c00      0x140 ./src/main.o
 .debug_frame   0x00001d40       0xdc ./src/stm32f1xx_hal_msp.o
 .debug_frame   0x00001e1c       0xd8 ./src/stm32f1xx_it.o
 .debug_frame   0x00001ef4       0x20 e:/stm32toolchain/gcc-arm/bin/../lib/gcc/arm-none-eabi/5.4.1/../../../../arm-none-eabi/lib/armv7-m\libg_nano.a(lib_a-errno.o)
 .debug_frame   0x00001f14       0x28 e:/stm32toolchain/gcc-arm/bin/../lib/gcc/arm-none-eabi/5.4.1/../../../../arm-none-eabi/lib/armv7-m\libg_nano.a(lib_a-memcpy-stub.o)
 .debug_frame   0x00001f3c       0x20 e:/stm32toolchain/gcc-arm/bin/../lib/gcc/arm-none-eabi/5.4.1/../../../../arm-none-eabi/lib/armv7-m\libg_nano.a(lib_a-memset.o)
 .debug_frame   0x00001f5c       0x48 e:/stm32toolchain/gcc-arm/bin/../lib/gcc/arm-none-eabi/5.4.1/../../../../arm-none-eabi/lib/armv7-m\libg_nano.a(lib_a-vsnprintf.o)
 .debug_frame   0x00001fa4       0x90 e:/stm32toolchain/gcc-arm/bin/../lib/gcc/arm-none-eabi/5.4.1/../../../../arm-none-eabi/lib/armv7-m\libg_nano.a(lib_a-nano-svfprintf.o)
 .debug_frame   0x00002034       0x60 e:/stm32toolchain/gcc-arm/bin/../lib/gcc/arm-none-eabi/5.4.1/../../../../arm-none-eabi/lib/armv7-m\libg_nano.a(lib_a-nano-vfprintf_i.o)
 .debug_frame   0x00002094       0x28 e:/stm32toolchain/gcc-arm/bin/../lib/gcc/arm-none-eabi/5.4.1/../../../../arm-none-eabi/lib/armv7-m\libg_nano.a(lib_a-memchr-stub.o)
 .debug_frame   0x000020bc       0x28 e:/stm32toolchain/gcc-arm/bin/../lib/gcc/arm-none-eabi/5.4.1/../../../../arm-none-eabi/lib/armv7-m\libg_nano.a(lib_a-memmove.o)
 .debug_frame   0x000020e4       0x38 e:/stm32toolchain/gcc-arm/bin/../lib/gcc/arm-none-eabi/5.4.1/../../../../arm-none-eabi/lib/armv7-m\libg_nano.a(lib_a-nano-freer.o)
 .debug_frame   0x0000211c       0x2c e:/stm32toolchain/gcc-arm/bin/../lib/gcc/arm-none-eabi/5.4.1/../../../../arm-none-eabi/lib/armv7-m\libg_nano.a(lib_a-nano-mallocr.o)
 .debug_frame   0x00002148       0x3c e:/stm32toolchain/gcc-arm/bin/../lib/gcc/arm-none-eabi/5.4.1/../../../../arm-none-eabi/lib/armv7-m\libg_nano.a(lib_a-nano-reallocr.o)
 .debug_frame   0x00002184       0x2c e:/stm32toolchain/gcc-arm/bin/../lib/gcc/arm-none-eabi/5.4.1/../../../../arm-none-eabi/lib/armv7-m\libg_nano.a(lib_a-sbrkr.o)
 .debug_frame   0x000021b0       0x30 e:/stm32toolchain/gcc-arm/bin/../lib/gcc/arm-none-eabi/5.4.1/../../../../arm-none-eabi/lib/armv7-m\libg_nano.a(lib_a-mlock.o)
 .debug_frame   0x000021e0       0x20 e:/stm32toolchain/gcc-arm/bin/../lib/gcc/arm-none-eabi/5.4.1/../../../../arm-none-eabi/lib/armv7-m\libg_nano.a(lib_a-nano-msizer.o)

.debug_str      0x00000000    0x7431b
 *(.debug_str)
 .debug_str     0x00000000    0x6e9f5 ./system/src/stm32f1xx/stm32f1xx_hal.o
                              0x6ed94 (size before relaxing)
 .debug_str     0x0006e9f5      0x2dd ./system/src/stm32f1xx/stm32f1xx_hal_cortex.o
                              0x6ece1 (size before relaxing)
 .debug_str     0x0006ecd2      0x3a2 ./system/src/stm32f1xx/stm32f1xx_hal_gpio.o
                              0x6ea15 (size before relaxing)
 .debug_str     0x0006f074      0x811 ./system/src/stm32f1xx/stm32f1xx_hal_pcd.o
                              0x6ee8b (size before relaxing)
 .debug_str     0x0006f885      0x378 ./system/src/stm32f1xx/stm32f1xx_hal_rcc.o
                              0x6ea9e (size before relaxing)
 .debug_str     0x0006fbfd      0x11f ./system/src/stm32f1xx/stm32f1xx_hal_rcc_ex.o
                              0x6e809 (size before relaxing)
 .debug_str     0x0006fd1c     0x109b ./system/src/stm32f1xx/stm32f1xx_hal_tim.o
                              0x6f76a (size before relaxing)
 .debug_str     0x00070db7      0x4e5 ./system/src/stm32f1xx/stm32f1xx_hal_tim_ex.o
                              0x6f00c (size before relaxing)
 .debug_str     0x0007129c      0x14e ./system/src/stm32f1xx/stm32f1xx_ll_usb.o
                              0x6eb3b (size before relaxing)
 .debug_str     0x000713ea     0x10b6 ./system/src/newlib/_exit.o
                               0x6e5b (size before relaxing)
 .debug_str     0x000724a0      0x4de ./system/src/newlib/_sbrk.o
                               0x6246 (size before relaxing)
 .debug_str     0x0007297e      0x260 ./system/src/newlib/_startup.o
                               0x5dfb (size before relaxing)
 .debug_str     0x00072bde      0xe18 ./system/src/newlib/_syscalls.o
                               0x70a6 (size before relaxing)
 .debug_str     0x000739f6      0x176 ./system/src/diag/Trace.o
                               0x764b (size before relaxing)
 .debug_str     0x00073b6c      0x36d ./system/src/diag/trace_impl.o
                              0x58c58 (size before relaxing)
 .debug_str     0x00073ed9       0x5e ./system/src/cortexm/_initialize_hardware.o
                              0x54e12 (size before relaxing)
 .debug_str     0x00073f37      0x19d ./system/src/cortexm/exception_handlers.o
                              0x59a1a (size before relaxing)
 .debug_str     0x000740d4       0x7b ./system/src/cmsis/system_stm32f1xx.o
                              0x54e84 (size before relaxing)
 .debug_str     0x0007414f      0x14d ./src/main.o
                              0x6f3d3 (size before relaxing)
 .debug_str     0x0007429c       0x37 ./src/stm32f1xx_hal_msp.o
                              0x6f12f (size before relaxing)
 .debug_str     0x000742d3       0x48 ./src/stm32f1xx_it.o
                              0x6eac2 (size before relaxing)

.debug_loc      0x00000000     0x725d
 *(.debug_loc)
 .debug_loc     0x00000000      0x108 ./system/src/stm32f1xx/stm32f1xx_hal.o
 .debug_loc     0x00000108      0x527 ./system/src/stm32f1xx/stm32f1xx_hal_cortex.o
 .debug_loc     0x0000062f      0x377 ./system/src/stm32f1xx/stm32f1xx_hal_gpio.o
 .debug_loc     0x000009a6      0x998 ./system/src/stm32f1xx/stm32f1xx_hal_pcd.o
 .debug_loc     0x0000133e      0x565 ./system/src/stm32f1xx/stm32f1xx_hal_rcc.o
 .debug_loc     0x000018a3      0x2d4 ./system/src/stm32f1xx/stm32f1xx_hal_rcc_ex.o
 .debug_loc     0x00001b77     0x329a ./system/src/stm32f1xx/stm32f1xx_hal_tim.o
 .debug_loc     0x00004e11      0xd46 ./system/src/stm32f1xx/stm32f1xx_hal_tim_ex.o
 .debug_loc     0x00005b57      0xb8a ./system/src/stm32f1xx/stm32f1xx_ll_usb.o
 .debug_loc     0x000066e1       0x82 ./system/src/newlib/_sbrk.o
 .debug_loc     0x00006763      0x265 ./system/src/newlib/_startup.o
 .debug_loc     0x000069c8       0x63 ./system/src/newlib/_syscalls.o
 .debug_loc     0x00006a2b      0x102 ./system/src/diag/Trace.o
 .debug_loc     0x00006b2d      0x17c ./system/src/diag/trace_impl.o
 .debug_loc     0x00006ca9      0x2a8 ./system/src/cortexm/exception_handlers.o
 .debug_loc     0x00006f51       0xdf ./system/src/cmsis/system_stm32f1xx.o
 .debug_loc     0x00007030      0x188 ./src/main.o
 .debug_loc     0x000071b8       0xa5 ./src/stm32f1xx_hal_msp.o

.debug_macinfo
 *(.debug_macinfo)

.debug_weaknames
 *(.debug_weaknames)

.debug_funcnames
 *(.debug_funcnames)

.debug_typenames
 *(.debug_typenames)

.debug_varnames
 *(.debug_varnames)
OUTPUT(bldc-5.elf elf32-littlearm)

.debug_ranges   0x00000000      0xbb0
 .debug_ranges  0x00000000       0xc0 ./system/src/stm32f1xx/stm32f1xx_hal.o
 .debug_ranges  0x000000c0       0x80 ./system/src/stm32f1xx/stm32f1xx_hal_cortex.o
 .debug_ranges  0x00000140       0x48 ./system/src/stm32f1xx/stm32f1xx_hal_gpio.o
 .debug_ranges  0x00000188      0x110 ./system/src/stm32f1xx/stm32f1xx_hal_pcd.o
 .debug_ranges  0x00000298       0x98 ./system/src/stm32f1xx/stm32f1xx_hal_rcc.o
 .debug_ranges  0x00000330       0x38 ./system/src/stm32f1xx/stm32f1xx_hal_rcc_ex.o
 .debug_ranges  0x00000368      0x358 ./system/src/stm32f1xx/stm32f1xx_hal_tim.o
 .debug_ranges  0x000006c0      0x128 ./system/src/stm32f1xx/stm32f1xx_hal_tim_ex.o
 .debug_ranges  0x000007e8       0xf0 ./system/src/stm32f1xx/stm32f1xx_ll_usb.o
 .debug_ranges  0x000008d8       0x18 ./system/src/newlib/_exit.o
 .debug_ranges  0x000008f0       0x10 ./system/src/newlib/_sbrk.o
 .debug_ranges  0x00000900       0x48 ./system/src/newlib/_startup.o
 .debug_ranges  0x00000948       0x20 ./system/src/newlib/_syscalls.o
 .debug_ranges  0x00000968       0x28 ./system/src/diag/Trace.o
 .debug_ranges  0x00000990       0x38 ./system/src/diag/trace_impl.o
 .debug_ranges  0x000009c8       0x18 ./system/src/cortexm/_initialize_hardware.o
 .debug_ranges  0x000009e0       0x98 ./system/src/cortexm/exception_handlers.o
 .debug_ranges  0x00000a78       0x20 ./system/src/cmsis/startup_stm32f103xb.o
 .debug_ranges  0x00000a98       0x18 ./system/src/cmsis/system_stm32f1xx.o
 .debug_ranges  0x00000ab0       0x58 ./src/main.o
 .debug_ranges  0x00000b08       0x48 ./src/stm32f1xx_hal_msp.o
 .debug_ranges  0x00000b50       0x60 ./src/stm32f1xx_it.o

.debug_macro    0x00000000    0x16c36
 .debug_macro   0x00000000      0x2f0 ./system/src/stm32f1xx/stm32f1xx_hal.o
 .debug_macro   0x000002f0      0x87a ./system/src/stm32f1xx/stm32f1xx_hal.o
 .debug_macro   0x00000b6a      0x16f ./system/src/stm32f1xx/stm32f1xx_hal.o
 .debug_macro   0x00000cd9       0x2e ./system/src/stm32f1xx/stm32f1xx_hal.o
 .debug_macro   0x00000d07       0x22 ./system/src/stm32f1xx/stm32f1xx_hal.o
 .debug_macro   0x00000d29      0x34e ./system/src/stm32f1xx/stm32f1xx_hal.o
 .debug_macro   0x00001077       0x34 ./system/src/stm32f1xx/stm32f1xx_hal.o
 .debug_macro   0x000010ab       0x34 ./system/src/stm32f1xx/stm32f1xx_hal.o
 .debug_macro   0x000010df      0xb8e ./system/src/stm32f1xx/stm32f1xx_hal.o
 .debug_macro   0x00001c6d     0xe911 ./system/src/stm32f1xx/stm32f1xx_hal.o
 .debug_macro   0x0001057e       0x43 ./system/src/stm32f1xx/stm32f1xx_hal.o
 .debug_macro   0x000105c1       0x22 ./system/src/stm32f1xx/stm32f1xx_hal.o
 .debug_macro   0x000105e3       0x4c ./system/src/stm32f1xx/stm32f1xx_hal.o
 .debug_macro   0x0001062f       0x8d ./system/src/stm32f1xx/stm32f1xx_hal.o
 .debug_macro   0x000106bc       0x35 ./system/src/stm32f1xx/stm32f1xx_hal.o
 .debug_macro   0x000106f1       0x9c ./system/src/stm32f1xx/stm32f1xx_hal.o
 .debug_macro   0x0001078d       0x16 ./system/src/stm32f1xx/stm32f1xx_hal.o
 .debug_macro   0x000107a3       0x4a ./system/src/stm32f1xx/stm32f1xx_hal.o
 .debug_macro   0x000107ed       0x97 ./system/src/stm32f1xx/stm32f1xx_hal.o
 .debug_macro   0x00010884      0x30d ./system/src/stm32f1xx/stm32f1xx_hal.o
 .debug_macro   0x00010b91       0xfd ./system/src/stm32f1xx/stm32f1xx_hal.o
 .debug_macro   0x00010c8e       0x10 ./system/src/stm32f1xx/stm32f1xx_hal.o
 .debug_macro   0x00010c9e       0x52 ./system/src/stm32f1xx/stm32f1xx_hal.o
 .debug_macro   0x00010cf0       0x1f ./system/src/stm32f1xx/stm32f1xx_hal.o
 .debug_macro   0x00010d0f       0x43 ./system/src/stm32f1xx/stm32f1xx_hal.o
 .debug_macro   0x00010d52       0x20 ./system/src/stm32f1xx/stm32f1xx_hal.o
 .debug_macro   0x00010d72      0x187 ./system/src/stm32f1xx/stm32f1xx_hal.o
 .debug_macro   0x00010ef9       0x10 ./system/src/stm32f1xx/stm32f1xx_hal.o
 .debug_macro   0x00010f09       0x5e ./system/src/stm32f1xx/stm32f1xx_hal.o
 .debug_macro   0x00010f67       0x1c ./system/src/stm32f1xx/stm32f1xx_hal.o
 .debug_macro   0x00010f83       0x52 ./system/src/stm32f1xx/stm32f1xx_hal.o
 .debug_macro   0x00010fd5       0x40 ./system/src/stm32f1xx/stm32f1xx_hal.o
 .debug_macro   0x00011015       0x10 ./system/src/stm32f1xx/stm32f1xx_hal.o
 .debug_macro   0x00011025       0x40 ./system/src/stm32f1xx/stm32f1xx_hal.o
 .debug_macro   0x00011065       0xd7 ./system/src/stm32f1xx/stm32f1xx_hal.o
 .debug_macro   0x0001113c       0x16 ./system/src/stm32f1xx/stm32f1xx_hal.o
 .debug_macro   0x00011152      0x18b ./system/src/stm32f1xx/stm32f1xx_hal.o
 .debug_macro   0x000112dd       0x57 ./system/src/stm32f1xx/stm32f1xx_hal.o
 .debug_macro   0x00011334      0x5c2 ./system/src/stm32f1xx/stm32f1xx_hal.o
 .debug_macro   0x000118f6      0x28a ./system/src/stm32f1xx/stm32f1xx_hal.o
 .debug_macro   0x00011b80      0x1cb ./system/src/stm32f1xx/stm32f1xx_hal.o
 .debug_macro   0x00011d4b      0x11e ./system/src/stm32f1xx/stm32f1xx_hal.o
 .debug_macro   0x00011e69      0x1b3 ./system/src/stm32f1xx/stm32f1xx_hal.o
 .debug_macro   0x0001201c       0x27 ./system/src/stm32f1xx/stm32f1xx_hal.o
 .debug_macro   0x00012043      0x1bc ./system/src/stm32f1xx/stm32f1xx_hal.o
 .debug_macro   0x000121ff       0x34 ./system/src/stm32f1xx/stm32f1xx_hal.o
 .debug_macro   0x00012233       0x3c ./system/src/stm32f1xx/stm32f1xx_hal.o
 .debug_macro   0x0001226f       0x57 ./system/src/stm32f1xx/stm32f1xx_hal.o
 .debug_macro   0x000122c6       0x8c ./system/src/stm32f1xx/stm32f1xx_hal.o
 .debug_macro   0x00012352      0x242 ./system/src/stm32f1xx/stm32f1xx_hal.o
 .debug_macro   0x00012594      0x143 ./system/src/stm32f1xx/stm32f1xx_hal.o
 .debug_macro   0x000126d7      0x853 ./system/src/stm32f1xx/stm32f1xx_hal.o
 .debug_macro   0x00012f2a       0x1f ./system/src/stm32f1xx/stm32f1xx_hal.o
 .debug_macro   0x00012f49       0x50 ./system/src/stm32f1xx/stm32f1xx_hal.o
 .debug_macro   0x00012f99      0x26c ./system/src/stm32f1xx/stm32f1xx_hal.o
 .debug_macro   0x00013205       0x83 ./system/src/stm32f1xx/stm32f1xx_hal.o
 .debug_macro   0x00013288      0x2cc ./system/src/stm32f1xx/stm32f1xx_hal_cortex.o
 .debug_macro   0x00013554      0x33c ./system/src/stm32f1xx/stm32f1xx_hal_gpio.o
 .debug_macro   0x00013890      0x2d8 ./system/src/stm32f1xx/stm32f1xx_hal_pcd.o
 .debug_macro   0x00013b68      0x2de ./system/src/stm32f1xx/stm32f1xx_hal_rcc.o
 .debug_macro   0x00013e46      0x2cc ./system/src/stm32f1xx/stm32f1xx_hal_rcc_ex.o
 .debug_macro   0x00014112      0x2cc ./system/src/stm32f1xx/stm32f1xx_hal_tim.o
 .debug_macro   0x000143de      0x2cc ./system/src/stm32f1xx/stm32f1xx_hal_tim_ex.o
 .debug_macro   0x000146aa      0x2cc ./system/src/stm32f1xx/stm32f1xx_ll_usb.o
 .debug_macro   0x00014976      0x19c ./system/src/newlib/_exit.o
 .debug_macro   0x00014b12      0x10e ./system/src/newlib/_exit.o
 .debug_macro   0x00014c20       0x8d ./system/src/newlib/_exit.o
 .debug_macro   0x00014cad       0x35 ./system/src/newlib/_exit.o
 .debug_macro   0x00014ce2      0x151 ./system/src/newlib/_sbrk.o
 .debug_macro   0x00014e33      0x174 ./system/src/newlib/_sbrk.o
 .debug_macro   0x00014fa7       0x10 ./system/src/newlib/_sbrk.o
 .debug_macro   0x00014fb7      0x23b ./system/src/newlib/_sbrk.o
 .debug_macro   0x000151f2      0x15b ./system/src/newlib/_startup.o
 .debug_macro   0x0001534d      0x1ff ./system/src/newlib/_syscalls.o
 .debug_macro   0x0001554c       0x1c ./system/src/newlib/_syscalls.o
 .debug_macro   0x00015568       0x10 ./system/src/newlib/_syscalls.o
 .debug_macro   0x00015578       0x10 ./system/src/newlib/_syscalls.o
 .debug_macro   0x00015588       0x10 ./system/src/newlib/_syscalls.o
 .debug_macro   0x00015598       0x35 ./system/src/newlib/_syscalls.o
 .debug_macro   0x000155cd      0x122 ./system/src/newlib/_syscalls.o
 .debug_macro   0x000156ef       0x88 ./system/src/newlib/_syscalls.o
 .debug_macro   0x00015777       0x2b ./system/src/newlib/_syscalls.o
 .debug_macro   0x000157a2      0x118 ./system/src/newlib/_syscalls.o
 .debug_macro   0x000158ba      0x159 ./system/src/newlib/_syscalls.o
 .debug_macro   0x00015a13       0x16 ./system/src/newlib/_syscalls.o
 .debug_macro   0x00015a29      0x1d9 ./system/src/diag/Trace.o
 .debug_macro   0x00015c02       0x4c ./system/src/diag/Trace.o
 .debug_macro   0x00015c4e       0x16 ./system/src/diag/Trace.o
 .debug_macro   0x00015c64      0x1e1 ./system/src/diag/trace_impl.o
 .debug_macro   0x00015e45       0x10 ./system/src/diag/trace_impl.o
 .debug_macro   0x00015e55       0xcf ./system/src/diag/trace_impl.o
 .debug_macro   0x00015f24       0xbe ./system/src/diag/trace_impl.o
 .debug_macro   0x00015fe2       0x22 ./system/src/diag/trace_impl.o
 .debug_macro   0x00016004       0x8a ./system/src/cortexm/_initialize_hardware.o
 .debug_macro   0x0001608e      0x221 ./system/src/cortexm/exception_handlers.o
 .debug_macro   0x000162af       0x3a ./system/src/cortexm/exception_handlers.o
 .debug_macro   0x000162e9       0x10 ./system/src/cortexm/exception_handlers.o
 .debug_macro   0x000162f9       0x92 ./system/src/cmsis/system_stm32f1xx.o
 .debug_macro   0x0001638b      0x2db ./src/main.o
 .debug_macro   0x00016666       0x10 ./src/main.o
 .debug_macro   0x00016676      0x2db ./src/stm32f1xx_hal_msp.o
 .debug_macro   0x00016951      0x2e5 ./src/stm32f1xx_it.o
